Archive member included because of file (symbol)

../lab10_bsp/\libhal_bsp.a(alt_load.o)
                              ../lab10_bsp//obj/HAL/src/crt0.o (alt_load)
../lab10_bsp/\libhal_bsp.a(alt_main.o)
                              ../lab10_bsp//obj/HAL/src/crt0.o (alt_main)
../lab10_bsp/\libhal_bsp.a(alt_sys_init.o)
                              ../lab10_bsp/\libhal_bsp.a(alt_main.o) (alt_irq_init)
../lab10_bsp/\libhal_bsp.a(altera_avalon_jtag_uart_fd.o)
                              ../lab10_bsp/\libhal_bsp.a(alt_sys_init.o) (altera_avalon_jtag_uart_read_fd)
../lab10_bsp/\libhal_bsp.a(altera_avalon_jtag_uart_init.o)
                              ../lab10_bsp/\libhal_bsp.a(alt_sys_init.o) (altera_avalon_jtag_uart_init)
../lab10_bsp/\libhal_bsp.a(altera_avalon_jtag_uart_ioctl.o)
                              ../lab10_bsp/\libhal_bsp.a(altera_avalon_jtag_uart_fd.o) (altera_avalon_jtag_uart_ioctl)
../lab10_bsp/\libhal_bsp.a(altera_avalon_jtag_uart_read.o)
                              ../lab10_bsp/\libhal_bsp.a(altera_avalon_jtag_uart_fd.o) (altera_avalon_jtag_uart_read)
../lab10_bsp/\libhal_bsp.a(altera_avalon_jtag_uart_write.o)
                              ../lab10_bsp/\libhal_bsp.a(altera_avalon_jtag_uart_fd.o) (altera_avalon_jtag_uart_write)
../lab10_bsp/\libhal_bsp.a(altera_avalon_timer_sc.o)
                              ../lab10_bsp/\libhal_bsp.a(alt_sys_init.o) (alt_avalon_timer_sc_init)
../lab10_bsp/\libhal_bsp.a(altera_avalon_uart_fd.o)
                              ../lab10_bsp/\libhal_bsp.a(alt_sys_init.o) (altera_avalon_uart_read_fd)
../lab10_bsp/\libhal_bsp.a(altera_avalon_uart_init.o)
                              ../lab10_bsp/\libhal_bsp.a(alt_sys_init.o) (altera_avalon_uart_init)
../lab10_bsp/\libhal_bsp.a(altera_avalon_uart_read.o)
                              ../lab10_bsp/\libhal_bsp.a(altera_avalon_uart_fd.o) (altera_avalon_uart_read)
../lab10_bsp/\libhal_bsp.a(altera_avalon_uart_write.o)
                              ../lab10_bsp/\libhal_bsp.a(altera_avalon_uart_fd.o) (altera_avalon_uart_write)
../lab10_bsp/\libhal_bsp.a(alt_alarm_start.o)
                              ../lab10_bsp/\libhal_bsp.a(altera_avalon_jtag_uart_init.o) (alt_alarm_start)
../lab10_bsp/\libhal_bsp.a(alt_close.o)
                              ../lab10_bsp/\libhal_bsp.a(alt_main.o) (close)
../lab10_bsp/\libhal_bsp.a(alt_dcache_flush_all.o)
                              ../lab10_bsp/\libhal_bsp.a(alt_load.o) (alt_dcache_flush_all)
../lab10_bsp/\libhal_bsp.a(alt_dev.o)
                              ../lab10_bsp/\libhal_bsp.a(alt_sys_init.o) (alt_dev_list)
../lab10_bsp/\libhal_bsp.a(alt_dev_llist_insert.o)
                              ../lab10_bsp/\libhal_bsp.a(alt_sys_init.o) (alt_dev_llist_insert)
../lab10_bsp/\libhal_bsp.a(alt_do_ctors.o)
                              ../lab10_bsp/\libhal_bsp.a(alt_main.o) (_do_ctors)
../lab10_bsp/\libhal_bsp.a(alt_do_dtors.o)
                              ../lab10_bsp/\libhal_bsp.a(alt_main.o) (_do_dtors)
../lab10_bsp/\libhal_bsp.a(alt_errno.o)
                              ../lab10_bsp/\libhal_bsp.a(altera_avalon_uart_read.o) (alt_errno)
../lab10_bsp/\libhal_bsp.a(alt_icache_flush_all.o)
                              ../lab10_bsp/\libhal_bsp.a(alt_load.o) (alt_icache_flush_all)
../lab10_bsp/\libhal_bsp.a(alt_iic.o)
                              ../lab10_bsp/\libhal_bsp.a(altera_avalon_jtag_uart_init.o) (alt_ic_isr_register)
../lab10_bsp/\libhal_bsp.a(alt_iic_isr_register.o)
                              ../lab10_bsp/\libhal_bsp.a(alt_iic.o) (alt_iic_isr_register)
../lab10_bsp/\libhal_bsp.a(alt_io_redirect.o)
                              ../lab10_bsp/\libhal_bsp.a(alt_main.o) (alt_io_redirect)
../lab10_bsp/\libhal_bsp.a(alt_irq_entry.o)
                              ../lab10_bsp/\libhal_bsp.a(alt_iic_isr_register.o) (alt_irq_entry)
../lab10_bsp/\libhal_bsp.a(alt_irq_handler.o)
                              ../lab10_bsp/\libhal_bsp.a(alt_iic_isr_register.o) (alt_irq_handler)
../lab10_bsp/\libhal_bsp.a(alt_irq_vars.o)
                              ../lab10_bsp/\libhal_bsp.a(alt_iic.o) (alt_irq_active)
../lab10_bsp/\libhal_bsp.a(alt_open.o)
                              ../lab10_bsp/\libhal_bsp.a(alt_io_redirect.o) (open)
../lab10_bsp/\libhal_bsp.a(alt_release_fd.o)
                              ../lab10_bsp/\libhal_bsp.a(alt_close.o) (alt_release_fd)
../lab10_bsp/\libhal_bsp.a(alt_tick.o)
                              ../lab10_bsp/\libhal_bsp.a(altera_avalon_jtag_uart_init.o) (_alt_tick_rate)
../lab10_bsp/\libhal_bsp.a(altera_nios2_qsys_irq.o)
                              ../lab10_bsp/\libhal_bsp.a(alt_sys_init.o) (altera_nios2_qsys_irq_init)
../lab10_bsp/\libhal_bsp.a(alt_exception_entry.o)
                              ../lab10_bsp/\libhal_bsp.a(alt_irq_entry.o) (alt_exception)
../lab10_bsp/\libhal_bsp.a(alt_find_dev.o)
                              ../lab10_bsp/\libhal_bsp.a(alt_open.o) (alt_find_dev)
../lab10_bsp/\libhal_bsp.a(alt_find_file.o)
                              ../lab10_bsp/\libhal_bsp.a(alt_open.o) (alt_find_file)
../lab10_bsp/\libhal_bsp.a(alt_get_fd.o)
                              ../lab10_bsp/\libhal_bsp.a(alt_open.o) (alt_get_fd)
../lab10_bsp/\libhal_bsp.a(alt_icache_flush.o)
                              ../lab10_bsp/\libhal_bsp.a(alt_icache_flush_all.o) (alt_icache_flush)
c:/altera/12.0/nios2eds/bin/gnu/h-i686-mingw32/bin/../lib/gcc/nios2-elf/4.1.2/../../../../nios2-elf/lib\libc.a(lib_a-atexit.o)
                              ../lab10_bsp/\libhal_bsp.a(alt_main.o) (atexit)
c:/altera/12.0/nios2eds/bin/gnu/h-i686-mingw32/bin/../lib/gcc/nios2-elf/4.1.2/../../../../nios2-elf/lib\libc.a(lib_a-exit.o)
                              ../lab10_bsp/\libhal_bsp.a(alt_main.o) (exit)
c:/altera/12.0/nios2eds/bin/gnu/h-i686-mingw32/bin/../lib/gcc/nios2-elf/4.1.2/../../../../nios2-elf/lib\libc.a(lib_a-impure.o)
                              c:/altera/12.0/nios2eds/bin/gnu/h-i686-mingw32/bin/../lib/gcc/nios2-elf/4.1.2/../../../../nios2-elf/lib\libc.a(lib_a-exit.o) (_global_impure_ptr)
c:/altera/12.0/nios2eds/bin/gnu/h-i686-mingw32/bin/../lib/gcc/nios2-elf/4.1.2/../../../../nios2-elf/lib\libc.a(lib_a-int_errno.o)
                              ../lab10_bsp/\libhal_bsp.a(altera_avalon_uart_read.o) (errno)
c:/altera/12.0/nios2eds/bin/gnu/h-i686-mingw32/bin/../lib/gcc/nios2-elf/4.1.2/../../../../nios2-elf/lib\libc.a(lib_a-memcmp.o)
                              ../lab10_bsp/\libhal_bsp.a(alt_find_dev.o) (memcmp)
c:/altera/12.0/nios2eds/bin/gnu/h-i686-mingw32/bin/../lib/gcc/nios2-elf/4.1.2/../../../../nios2-elf/lib\libc.a(lib_a-memcpy.o)
                              ../lab10_bsp/\libhal_bsp.a(altera_avalon_jtag_uart_read.o) (memcpy)
c:/altera/12.0/nios2eds/bin/gnu/h-i686-mingw32/bin/../lib/gcc/nios2-elf/4.1.2/../../../../nios2-elf/lib\libc.a(lib_a-strlen.o)
                              ../lab10_bsp/\libhal_bsp.a(alt_find_dev.o) (strlen)
c:/altera/12.0/nios2eds/bin/gnu/h-i686-mingw32/bin/../lib/gcc/nios2-elf/4.1.2/../../../../nios2-elf/lib\libc.a(lib_a-__atexit.o)
                              c:/altera/12.0/nios2eds/bin/gnu/h-i686-mingw32/bin/../lib/gcc/nios2-elf/4.1.2/../../../../nios2-elf/lib\libc.a(lib_a-atexit.o) (__register_exitproc)
c:/altera/12.0/nios2eds/bin/gnu/h-i686-mingw32/bin/../lib/gcc/nios2-elf/4.1.2/../../../../nios2-elf/lib\libc.a(lib_a-__call_atexit.o)
                              c:/altera/12.0/nios2eds/bin/gnu/h-i686-mingw32/bin/../lib/gcc/nios2-elf/4.1.2/../../../../nios2-elf/lib\libc.a(lib_a-exit.o) (__call_exitprocs)
../lab10_bsp/\libhal_bsp.a(alt_exit.o)
                              c:/altera/12.0/nios2eds/bin/gnu/h-i686-mingw32/bin/../lib/gcc/nios2-elf/4.1.2/../../../../nios2-elf/lib\libc.a(lib_a-exit.o) (_exit)

Allocating common symbols
Common symbol       size              file

alt_irq             0x100             ../lab10_bsp/\libhal_bsp.a(alt_irq_handler.o)
errno               0x4               c:/altera/12.0/nios2eds/bin/gnu/h-i686-mingw32/bin/../lib/gcc/nios2-elf/4.1.2/../../../../nios2-elf/lib\libc.a(lib_a-int_errno.o)
_atexit0            0x190             c:/altera/12.0/nios2eds/bin/gnu/h-i686-mingw32/bin/../lib/gcc/nios2-elf/4.1.2/../../../../nios2-elf/lib\libc.a(lib_a-atexit.o)

Memory Configuration

Name             Origin             Length             Attributes
reset            0x00000000         0x00000020
sdram            0x00000020         0x007fffe0
*default*        0x00000000         0xffffffff

Linker script and memory map

LOAD ../lab10_bsp//obj/HAL/src/crt0.o
LOAD obj/default/lab10.o
LOAD c:/altera/12.0/nios2eds/bin/gnu/h-i686-mingw32/bin/../lib/gcc/nios2-elf/4.1.2/../../../../nios2-elf/lib\libstdc++.a
LOAD c:/altera/12.0/nios2eds/bin/gnu/h-i686-mingw32/bin/../lib/gcc/nios2-elf/4.1.2/../../../../nios2-elf/lib\libm.a
LOAD c:/altera/12.0/nios2eds/bin/gnu/h-i686-mingw32/bin/../lib/gcc/nios2-elf/4.1.2\libgcc.a
START GROUP
LOAD c:/altera/12.0/nios2eds/bin/gnu/h-i686-mingw32/bin/../lib/gcc/nios2-elf/4.1.2/../../../../nios2-elf/lib\libc.a
LOAD c:/altera/12.0/nios2eds/bin/gnu/h-i686-mingw32/bin/../lib/gcc/nios2-elf/4.1.2\libgcc.a
LOAD ../lab10_bsp/\libhal_bsp.a
END GROUP
LOAD c:/altera/12.0/nios2eds/bin/gnu/h-i686-mingw32/bin/../lib/gcc/nios2-elf/4.1.2\libgcc.a
                0x00000000                __alt_mem_sdram = 0x0

.entry          0x00000000       0x20
 *(.entry)
 .entry         0x00000000       0x20 ../lab10_bsp//obj/HAL/src/crt0.o
                0x00000000                __reset

.exceptions     0x00000020      0x194
                0x00000020                PROVIDE (__ram_exceptions_start, ABSOLUTE (.))
                0x00000020                . = ALIGN (0x20)
 *(.irq)
 *(.exceptions.entry.label)
 .exceptions.entry.label
                0x00000020        0x0 ../lab10_bsp/\libhal_bsp.a(alt_irq_entry.o)
                0x00000020                alt_irq_entry
 .exceptions.entry.label
                0x00000020        0x0 ../lab10_bsp/\libhal_bsp.a(alt_exception_entry.o)
                0x00000020                alt_exception
 *(.exceptions.entry.user)
 *(.exceptions.entry)
 .exceptions.entry
                0x00000020       0x54 ../lab10_bsp/\libhal_bsp.a(alt_exception_entry.o)
 *(.exceptions.irqtest.user)
 *(.exceptions.irqtest)
 .exceptions.irqtest
                0x00000074       0x10 ../lab10_bsp/\libhal_bsp.a(alt_irq_entry.o)
 *(.exceptions.irqhandler.user)
 *(.exceptions.irqhandler)
 .exceptions.irqhandler
                0x00000084        0x4 ../lab10_bsp/\libhal_bsp.a(alt_irq_entry.o)
 *(.exceptions.irqreturn.user)
 *(.exceptions.irqreturn)
 .exceptions.irqreturn
                0x00000088        0x4 ../lab10_bsp/\libhal_bsp.a(alt_irq_entry.o)
 *(.exceptions.notirq.label)
 .exceptions.notirq.label
                0x0000008c        0x0 ../lab10_bsp/\libhal_bsp.a(alt_irq_entry.o)
 *(.exceptions.notirq.user)
 *(.exceptions.notirq)
 .exceptions.notirq
                0x0000008c        0x8 ../lab10_bsp/\libhal_bsp.a(alt_exception_entry.o)
 *(.exceptions.soft.user)
 *(.exceptions.soft)
 *(.exceptions.unknown.user)
 *(.exceptions.unknown)
 .exceptions.unknown
                0x00000094        0x4 ../lab10_bsp/\libhal_bsp.a(alt_exception_entry.o)
 *(.exceptions.exit.label)
 .exceptions.exit.label
                0x00000098        0x0 ../lab10_bsp/\libhal_bsp.a(alt_irq_entry.o)
 .exceptions.exit.label
                0x00000098        0x0 ../lab10_bsp/\libhal_bsp.a(alt_exception_entry.o)
 *(.exceptions.exit.user)
 *(.exceptions.exit)
 .exceptions.exit
                0x00000098       0x54 ../lab10_bsp/\libhal_bsp.a(alt_exception_entry.o)
 *(.exceptions)
 .exceptions    0x000000ec       0xc8 ../lab10_bsp/\libhal_bsp.a(alt_irq_handler.o)
                0x000000ec                alt_irq_handler
                0x000001b4                PROVIDE (__ram_exceptions_end, ABSOLUTE (.))
                0x00000020                PROVIDE (__flash_exceptions_start, LOADADDR (.exceptions))

.text           0x000001b4     0x313c
                0x000001b4                PROVIDE (stext, ABSOLUTE (.))
 *(.interp)
 *(.hash)
 *(.dynsym)
 *(.dynstr)
 *(.gnu.version)
 *(.gnu.version_d)
 *(.gnu.version_r)
 *(.rel.init)
 *(.rela.init)
 *(.rel.text .rel.text.* .rel.gnu.linkonce.t.*)
 *(.rela.text .rela.text.* .rela.gnu.linkonce.t.*)
 *(.rel.fini)
 *(.rela.fini)
 *(.rel.rodata .rel.rodata.* .rel.gnu.linkonce.r.*)
 *(.rela.rodata .rela.rodata.* .rela.gnu.linkonce.r.*)
 *(.rel.data .rel.data.* .rel.gnu.linkonce.d.*)
 *(.rela.data .rela.data.* .rela.gnu.linkonce.d.*)
 *(.rel.tdata .rel.tdata.* .rel.gnu.linkonce.td.*)
 *(.rela.tdata .rela.tdata.* .rela.gnu.linkonce.td.*)
 *(.rel.tbss .rel.tbss.* .rel.gnu.linkonce.tb.*)
 *(.rela.tbss .rela.tbss.* .rela.gnu.linkonce.tb.*)
 *(.rel.ctors)
 *(.rela.ctors)
 *(.rel.dtors)
 *(.rela.dtors)
 *(.rel.got)
 *(.rela.got)
 *(.rel.sdata .rel.sdata.* .rel.gnu.linkonce.s.*)
 *(.rela.sdata .rela.sdata.* .rela.gnu.linkonce.s.*)
 *(.rel.sbss .rel.sbss.* .rel.gnu.linkonce.sb.*)
 *(.rela.sbss .rela.sbss.* .rela.gnu.linkonce.sb.*)
 *(.rel.sdata2 .rel.sdata2.* .rel.gnu.linkonce.s2.*)
 *(.rela.sdata2 .rela.sdata2.* .rela.gnu.linkonce.s2.*)
 *(.rel.sbss2 .rel.sbss2.* .rel.gnu.linkonce.sb2.*)
 *(.rela.sbss2 .rela.sbss2.* .rela.gnu.linkonce.sb2.*)
 *(.rel.bss .rel.bss.* .rel.gnu.linkonce.b.*)
 *(.rela.bss .rela.bss.* .rela.gnu.linkonce.b.*)
 *(.rel.plt)
 *(.rela.plt)
 *(.rel.dyn)
 *(.init)
 *(.plt)
 *(.text .stub .text.* .gnu.linkonce.t.*)
 .text          0x000001b4       0x3c ../lab10_bsp//obj/HAL/src/crt0.o
                0x000001b4                _start
 .text          0x000001f0      0x334 obj/default/lab10.o
                0x000001f0                main
                0x0000044c                separate_number
 .text          0x00000524       0xec ../lab10_bsp/\libhal_bsp.a(alt_load.o)
                0x00000524                alt_load
 .text          0x00000610       0x6c ../lab10_bsp/\libhal_bsp.a(alt_main.o)
                0x00000610                alt_main
 .text          0x0000067c      0x108 ../lab10_bsp/\libhal_bsp.a(alt_sys_init.o)
                0x0000067c                alt_irq_init
                0x000006b0                alt_sys_init
 .text          0x00000784      0x148 ../lab10_bsp/\libhal_bsp.a(altera_avalon_jtag_uart_fd.o)
                0x00000784                altera_avalon_jtag_uart_read_fd
                0x000007dc                altera_avalon_jtag_uart_write_fd
                0x00000834                altera_avalon_jtag_uart_close_fd
                0x0000087c                altera_avalon_jtag_uart_ioctl_fd
 .text          0x000008cc      0x40c ../lab10_bsp/\libhal_bsp.a(altera_avalon_jtag_uart_init.o)
                0x000008cc                altera_avalon_jtag_uart_init
                0x00000c64                altera_avalon_jtag_uart_close
 .text          0x00000cd8       0xf4 ../lab10_bsp/\libhal_bsp.a(altera_avalon_jtag_uart_ioctl.o)
                0x00000cd8                altera_avalon_jtag_uart_ioctl
 .text          0x00000dcc      0x224 ../lab10_bsp/\libhal_bsp.a(altera_avalon_jtag_uart_read.o)
                0x00000dcc                altera_avalon_jtag_uart_read
 .text          0x00000ff0      0x240 ../lab10_bsp/\libhal_bsp.a(altera_avalon_jtag_uart_write.o)
                0x00000ff0                altera_avalon_jtag_uart_write
 .text          0x00001230      0x100 ../lab10_bsp/\libhal_bsp.a(altera_avalon_timer_sc.o)
                0x000012a0                alt_avalon_timer_sc_init
 .text          0x00001330       0xf8 ../lab10_bsp/\libhal_bsp.a(altera_avalon_uart_fd.o)
                0x00001330                altera_avalon_uart_read_fd
                0x00001388                altera_avalon_uart_write_fd
                0x000013e0                altera_avalon_uart_close_fd
 .text          0x00001428      0x400 ../lab10_bsp/\libhal_bsp.a(altera_avalon_uart_init.o)
                0x00001428                altera_avalon_uart_init
                0x000017c8                altera_avalon_uart_close
 .text          0x00001828      0x290 ../lab10_bsp/\libhal_bsp.a(altera_avalon_uart_read.o)
                0x00001828                altera_avalon_uart_read
 .text          0x00001ab8      0x228 ../lab10_bsp/\libhal_bsp.a(altera_avalon_uart_write.o)
                0x00001ab8                altera_avalon_uart_write
 .text          0x00001ce0      0x154 ../lab10_bsp/\libhal_bsp.a(alt_alarm_start.o)
                0x00001ce0                alt_alarm_start
 .text          0x00001e34      0x15c ../lab10_bsp/\libhal_bsp.a(alt_close.o)
                0x00001e34                close
 .text          0x00001f90       0x1c ../lab10_bsp/\libhal_bsp.a(alt_dcache_flush_all.o)
                0x00001f90                alt_dcache_flush_all
 .text          0x00001fac       0x2c ../lab10_bsp/\libhal_bsp.a(alt_dev.o)
 .text          0x00001fd8      0x114 ../lab10_bsp/\libhal_bsp.a(alt_dev_llist_insert.o)
                0x00001fd8                alt_dev_llist_insert
 .text          0x000020ec       0x64 ../lab10_bsp/\libhal_bsp.a(alt_do_ctors.o)
                0x000020ec                _do_ctors
 .text          0x00002150       0x64 ../lab10_bsp/\libhal_bsp.a(alt_do_dtors.o)
                0x00002150                _do_dtors
 .text          0x000021b4        0x0 ../lab10_bsp/\libhal_bsp.a(alt_errno.o)
 .text          0x000021b4       0x30 ../lab10_bsp/\libhal_bsp.a(alt_icache_flush_all.o)
                0x000021b4                alt_icache_flush_all
 .text          0x000021e4      0x1d4 ../lab10_bsp/\libhal_bsp.a(alt_iic.o)
                0x000021e4                alt_ic_isr_register
                0x00002234                alt_ic_irq_enable
                0x000022d0                alt_ic_irq_disable
                0x00002370                alt_ic_irq_enabled
 .text          0x000023b8       0xf8 ../lab10_bsp/\libhal_bsp.a(alt_iic_isr_register.o)
                0x000023b8                alt_iic_isr_register
 .text          0x000024b0      0x13c ../lab10_bsp/\libhal_bsp.a(alt_io_redirect.o)
                0x00002574                alt_io_redirect
 .text          0x000025ec        0x0 ../lab10_bsp/\libhal_bsp.a(alt_irq_entry.o)
 .text          0x000025ec        0x0 ../lab10_bsp/\libhal_bsp.a(alt_irq_handler.o)
 .text          0x000025ec        0x0 ../lab10_bsp/\libhal_bsp.a(alt_irq_vars.o)
 .text          0x000025ec      0x2c4 ../lab10_bsp/\libhal_bsp.a(alt_open.o)
                0x000026c8                open
 .text          0x000028b0       0x60 ../lab10_bsp/\libhal_bsp.a(alt_release_fd.o)
                0x000028b0                alt_release_fd
 .text          0x00002910      0x1a4 ../lab10_bsp/\libhal_bsp.a(alt_tick.o)
                0x00002910                alt_alarm_stop
                0x000029a8                alt_tick
 .text          0x00002ab4       0x20 ../lab10_bsp/\libhal_bsp.a(altera_nios2_qsys_irq.o)
                0x00002ab4                altera_nios2_qsys_irq_init
 .text          0x00002ad4        0x0 ../lab10_bsp/\libhal_bsp.a(alt_exception_entry.o)
 .text          0x00002ad4       0x94 ../lab10_bsp/\libhal_bsp.a(alt_find_dev.o)
                0x00002ad4                alt_find_dev
 .text          0x00002b68      0x120 ../lab10_bsp/\libhal_bsp.a(alt_find_file.o)
                0x00002b68                alt_find_file
 .text          0x00002c88       0xb8 ../lab10_bsp/\libhal_bsp.a(alt_get_fd.o)
                0x00002c88                alt_get_fd
 .text          0x00002d40       0x90 ../lab10_bsp/\libhal_bsp.a(alt_icache_flush.o)
                0x00002d40                alt_icache_flush
 .text          0x00002dd0       0x14 c:/altera/12.0/nios2eds/bin/gnu/h-i686-mingw32/bin/../lib/gcc/nios2-elf/4.1.2/../../../../nios2-elf/lib\libc.a(lib_a-atexit.o)
                0x00002dd0                atexit
 .text          0x00002de4       0x38 c:/altera/12.0/nios2eds/bin/gnu/h-i686-mingw32/bin/../lib/gcc/nios2-elf/4.1.2/../../../../nios2-elf/lib\libc.a(lib_a-exit.o)
                0x00002de4                exit
 .text          0x00002e1c        0x0 c:/altera/12.0/nios2eds/bin/gnu/h-i686-mingw32/bin/../lib/gcc/nios2-elf/4.1.2/../../../../nios2-elf/lib\libc.a(lib_a-impure.o)
 .text          0x00002e1c        0x0 c:/altera/12.0/nios2eds/bin/gnu/h-i686-mingw32/bin/../lib/gcc/nios2-elf/4.1.2/../../../../nios2-elf/lib\libc.a(lib_a-int_errno.o)
 .text          0x00002e1c       0x74 c:/altera/12.0/nios2eds/bin/gnu/h-i686-mingw32/bin/../lib/gcc/nios2-elf/4.1.2/../../../../nios2-elf/lib\libc.a(lib_a-memcmp.o)
                0x00002e1c                memcmp
 .text          0x00002e90       0xa0 c:/altera/12.0/nios2eds/bin/gnu/h-i686-mingw32/bin/../lib/gcc/nios2-elf/4.1.2/../../../../nios2-elf/lib\libc.a(lib_a-memcpy.o)
                0x00002e90                memcpy
 .text          0x00002f30       0x74 c:/altera/12.0/nios2eds/bin/gnu/h-i686-mingw32/bin/../lib/gcc/nios2-elf/4.1.2/../../../../nios2-elf/lib\libc.a(lib_a-strlen.o)
                0x00002f30                strlen
 .text          0x00002fa4      0x134 c:/altera/12.0/nios2eds/bin/gnu/h-i686-mingw32/bin/../lib/gcc/nios2-elf/4.1.2/../../../../nios2-elf/lib\libc.a(lib_a-__atexit.o)
                0x00002fa4                __register_exitproc
 .text          0x000030d8      0x1b4 c:/altera/12.0/nios2eds/bin/gnu/h-i686-mingw32/bin/../lib/gcc/nios2-elf/4.1.2/../../../../nios2-elf/lib\libc.a(lib_a-__call_atexit.o)
                0x000030dc                __call_exitprocs
 .text          0x0000328c       0x60 ../lab10_bsp/\libhal_bsp.a(alt_exit.o)
                0x000032cc                _exit
 *(.gnu.warning.*)
 *(.fini)
                0x000032ec                PROVIDE (__etext, ABSOLUTE (.))
                0x000032ec                PROVIDE (_etext, ABSOLUTE (.))
                0x000032ec                PROVIDE (etext, ABSOLUTE (.))
 *(.eh_frame_hdr)
                0x000032ec                . = ALIGN (0x4)
                0x000032ec                PROVIDE (__preinit_array_start, ABSOLUTE (.))
 *(.preinit_array)
                0x000032ec                PROVIDE (__preinit_array_end, ABSOLUTE (.))
                0x000032ec                PROVIDE (__init_array_start, ABSOLUTE (.))
 *(.init_array)
                0x000032ec                PROVIDE (__init_array_end, ABSOLUTE (.))
                0x000032ec                PROVIDE (__fini_array_start, ABSOLUTE (.))
 *(.fini_array)
                0x000032ec                PROVIDE (__fini_array_end, ABSOLUTE (.))
 *(.eh_frame)
 *(.gcc_except_table)
 *(.dynamic)
                0x000032ec                PROVIDE (__CTOR_LIST__, ABSOLUTE (.))
 *(.ctors)
 *(SORT(.ctors.*))
 .ctors.65535   0x000032ec        0x4 c:/altera/12.0/nios2eds/bin/gnu/h-i686-mingw32/bin/../lib/gcc/nios2-elf/4.1.2/../../../../nios2-elf/lib\libc.a(lib_a-__call_atexit.o)
                0x000032f0                PROVIDE (__CTOR_END__, ABSOLUTE (.))
                0x000032f0                PROVIDE (__DTOR_LIST__, ABSOLUTE (.))
 *(.dtors)
 *(SORT(.dtors.*))
                0x000032f0                PROVIDE (__DTOR_END__, ABSOLUTE (.))
 *(.jcr)
                0x000032f0                . = ALIGN (0x4)

.rodata         0x000032f0       0x64
                0x000032f0                PROVIDE (__ram_rodata_start, ABSOLUTE (.))
                0x000032f0                . = ALIGN (0x4)
 *(.rodata .rodata.* .gnu.linkonce.r.*)
 .rodata        0x000032f0        0xa obj/default/lab10.o
                0x000032f0                lookup
 *fill*         0x000032fa        0x2 00
 .rodata        0x000032fc       0x10 ../lab10_bsp/\libhal_bsp.a(alt_main.o)
 .rodata        0x0000330c       0x38 ../lab10_bsp/\libhal_bsp.a(alt_sys_init.o)
 .rodata        0x00003344        0xc ../lab10_bsp/\libhal_bsp.a(alt_dev.o)
 .rodata.str1.4
                0x00003350        0x4 c:/altera/12.0/nios2eds/bin/gnu/h-i686-mingw32/bin/../lib/gcc/nios2-elf/4.1.2/../../../../nios2-elf/lib\libc.a(lib_a-impure.o)
 *(.rodata1)
                0x00003354                . = ALIGN (0x4)
                0x00003354                PROVIDE (__ram_rodata_end, ABSOLUTE (.))
                0x000032f0                PROVIDE (__flash_rodata_start, LOADADDR (.rodata))

.rwdata         0x00003354     0x17bc load address 0x00004b10
                0x00003354                PROVIDE (__ram_rwdata_start, ABSOLUTE (.))
                0x00003354                . = ALIGN (0x4)
 *(.got.plt)
 *(.got)
 *(.data1)
 *(.data .data.* .gnu.linkonce.d.*)
 .data          0x00003354        0x0 ../lab10_bsp//obj/HAL/src/crt0.o
 .data          0x00003354        0x0 obj/default/lab10.o
 .data          0x00003354        0x0 ../lab10_bsp/\libhal_bsp.a(alt_load.o)
 .data          0x00003354        0x0 ../lab10_bsp/\libhal_bsp.a(alt_main.o)
 .data          0x00003354     0x11e8 ../lab10_bsp/\libhal_bsp.a(alt_sys_init.o)
 .data          0x0000453c        0x0 ../lab10_bsp/\libhal_bsp.a(altera_avalon_jtag_uart_fd.o)
 .data          0x0000453c        0x0 ../lab10_bsp/\libhal_bsp.a(altera_avalon_jtag_uart_init.o)
 .data          0x0000453c        0x0 ../lab10_bsp/\libhal_bsp.a(altera_avalon_jtag_uart_ioctl.o)
 .data          0x0000453c        0x0 ../lab10_bsp/\libhal_bsp.a(altera_avalon_jtag_uart_read.o)
 .data          0x0000453c        0x0 ../lab10_bsp/\libhal_bsp.a(altera_avalon_jtag_uart_write.o)
 .data          0x0000453c        0x0 ../lab10_bsp/\libhal_bsp.a(altera_avalon_timer_sc.o)
 .data          0x0000453c        0x0 ../lab10_bsp/\libhal_bsp.a(altera_avalon_uart_fd.o)
 .data          0x0000453c        0x0 ../lab10_bsp/\libhal_bsp.a(altera_avalon_uart_init.o)
 .data          0x0000453c        0x0 ../lab10_bsp/\libhal_bsp.a(altera_avalon_uart_read.o)
 .data          0x0000453c        0x0 ../lab10_bsp/\libhal_bsp.a(altera_avalon_uart_write.o)
 .data          0x0000453c        0x0 ../lab10_bsp/\libhal_bsp.a(alt_alarm_start.o)
 .data          0x0000453c        0x0 ../lab10_bsp/\libhal_bsp.a(alt_close.o)
 .data          0x0000453c        0x0 ../lab10_bsp/\libhal_bsp.a(alt_dcache_flush_all.o)
 .data          0x0000453c      0x1a8 ../lab10_bsp/\libhal_bsp.a(alt_dev.o)
                0x0000453c                alt_dev_null
                0x00004564                alt_fd_list
 .data          0x000046e4        0x0 ../lab10_bsp/\libhal_bsp.a(alt_dev_llist_insert.o)
 .data          0x000046e4        0x0 ../lab10_bsp/\libhal_bsp.a(alt_do_ctors.o)
 .data          0x000046e4        0x0 ../lab10_bsp/\libhal_bsp.a(alt_do_dtors.o)
 .data          0x000046e4        0x0 ../lab10_bsp/\libhal_bsp.a(alt_errno.o)
 .data          0x000046e4        0x0 ../lab10_bsp/\libhal_bsp.a(alt_icache_flush_all.o)
 .data          0x000046e4        0x0 ../lab10_bsp/\libhal_bsp.a(alt_iic.o)
 .data          0x000046e4        0x0 ../lab10_bsp/\libhal_bsp.a(alt_iic_isr_register.o)
 .data          0x000046e4        0x0 ../lab10_bsp/\libhal_bsp.a(alt_io_redirect.o)
 .data          0x000046e4        0x0 ../lab10_bsp/\libhal_bsp.a(alt_irq_entry.o)
 .data          0x000046e4        0x0 ../lab10_bsp/\libhal_bsp.a(alt_irq_handler.o)
 .data          0x000046e4        0x0 ../lab10_bsp/\libhal_bsp.a(alt_irq_vars.o)
 .data          0x000046e4        0x0 ../lab10_bsp/\libhal_bsp.a(alt_open.o)
 .data          0x000046e4        0x0 ../lab10_bsp/\libhal_bsp.a(alt_release_fd.o)
 .data          0x000046e4        0x0 ../lab10_bsp/\libhal_bsp.a(alt_tick.o)
 .data          0x000046e4        0x0 ../lab10_bsp/\libhal_bsp.a(altera_nios2_qsys_irq.o)
 .data          0x000046e4        0x0 ../lab10_bsp/\libhal_bsp.a(alt_exception_entry.o)
 .data          0x000046e4        0x0 ../lab10_bsp/\libhal_bsp.a(alt_find_dev.o)
 .data          0x000046e4        0x0 ../lab10_bsp/\libhal_bsp.a(alt_find_file.o)
 .data          0x000046e4        0x0 ../lab10_bsp/\libhal_bsp.a(alt_get_fd.o)
 .data          0x000046e4        0x0 ../lab10_bsp/\libhal_bsp.a(alt_icache_flush.o)
 .data          0x000046e4        0x0 c:/altera/12.0/nios2eds/bin/gnu/h-i686-mingw32/bin/../lib/gcc/nios2-elf/4.1.2/../../../../nios2-elf/lib\libc.a(lib_a-atexit.o)
 .data          0x000046e4        0x0 c:/altera/12.0/nios2eds/bin/gnu/h-i686-mingw32/bin/../lib/gcc/nios2-elf/4.1.2/../../../../nios2-elf/lib\libc.a(lib_a-exit.o)
 .data          0x000046e4      0x400 c:/altera/12.0/nios2eds/bin/gnu/h-i686-mingw32/bin/../lib/gcc/nios2-elf/4.1.2/../../../../nios2-elf/lib\libc.a(lib_a-impure.o)
 .data          0x00004ae4        0x0 c:/altera/12.0/nios2eds/bin/gnu/h-i686-mingw32/bin/../lib/gcc/nios2-elf/4.1.2/../../../../nios2-elf/lib\libc.a(lib_a-int_errno.o)
 .data          0x00004ae4        0x0 c:/altera/12.0/nios2eds/bin/gnu/h-i686-mingw32/bin/../lib/gcc/nios2-elf/4.1.2/../../../../nios2-elf/lib\libc.a(lib_a-memcmp.o)
 .data          0x00004ae4        0x0 c:/altera/12.0/nios2eds/bin/gnu/h-i686-mingw32/bin/../lib/gcc/nios2-elf/4.1.2/../../../../nios2-elf/lib\libc.a(lib_a-memcpy.o)
 .data          0x00004ae4        0x0 c:/altera/12.0/nios2eds/bin/gnu/h-i686-mingw32/bin/../lib/gcc/nios2-elf/4.1.2/../../../../nios2-elf/lib\libc.a(lib_a-strlen.o)
 .data          0x00004ae4        0x0 c:/altera/12.0/nios2eds/bin/gnu/h-i686-mingw32/bin/../lib/gcc/nios2-elf/4.1.2/../../../../nios2-elf/lib\libc.a(lib_a-__atexit.o)
 .data          0x00004ae4        0x0 c:/altera/12.0/nios2eds/bin/gnu/h-i686-mingw32/bin/../lib/gcc/nios2-elf/4.1.2/../../../../nios2-elf/lib\libc.a(lib_a-__call_atexit.o)
 .data          0x00004ae4        0x0 ../lab10_bsp/\libhal_bsp.a(alt_exit.o)
                0x0000cae4                _gp = ABSOLUTE ((. + 0x8000))
                0x0000cae4                PROVIDE (gp, _gp)
 *(.rwdata .rwdata.*)
 *(.sdata .sdata.* .gnu.linkonce.s.*)
 .sdata         0x00004ae4       0x14 ../lab10_bsp/\libhal_bsp.a(alt_dev.o)
                0x00004ae4                alt_fs_list
                0x00004aec                alt_dev_list
                0x00004af4                alt_max_fd
 .sdata         0x00004af8        0x4 ../lab10_bsp/\libhal_bsp.a(alt_errno.o)
                0x00004af8                alt_errno
 .sdata         0x00004afc        0x4 ../lab10_bsp/\libhal_bsp.a(alt_irq_vars.o)
                0x00004afc                alt_priority_mask
 .sdata         0x00004b00        0x8 ../lab10_bsp/\libhal_bsp.a(alt_tick.o)
                0x00004b00                alt_alarm_list
 .sdata         0x00004b08        0x8 c:/altera/12.0/nios2eds/bin/gnu/h-i686-mingw32/bin/../lib/gcc/nios2-elf/4.1.2/../../../../nios2-elf/lib\libc.a(lib_a-impure.o)
                0x00004b08                _impure_ptr
                0x00004b0c                _global_impure_ptr
 *(.sdata2 .sdata2.* .gnu.linkonce.s2.*)
                0x00004b10                . = ALIGN (0x4)
                0x00004b10                _edata = ABSOLUTE (.)
                0x00004b10                PROVIDE (edata, ABSOLUTE (.))
                0x00004b10                PROVIDE (__ram_rwdata_end, ABSOLUTE (.))
                0x00004b10                PROVIDE (__flash_rwdata_start, LOADADDR (.rwdata))

.bss            0x000062cc      0x2ac
                0x000062cc                __bss_start = ABSOLUTE (.)
                0x000062cc                PROVIDE (__sbss_start, ABSOLUTE (.))
                0x000062cc                PROVIDE (___sbss_start, ABSOLUTE (.))
 *(.dynsbss)
 *(.sbss .sbss.* .gnu.linkonce.sb.*)
 .sbss          0x000062cc        0xc ../lab10_bsp/\libhal_bsp.a(alt_main.o)
                0x000062cc                alt_argc
                0x000062d0                alt_argv
                0x000062d4                alt_envp
 .sbss          0x000062d8        0x4 ../lab10_bsp/\libhal_bsp.a(alt_irq_vars.o)
                0x000062d8                alt_irq_active
 .sbss          0x000062dc        0x8 ../lab10_bsp/\libhal_bsp.a(alt_tick.o)
                0x000062dc                _alt_tick_rate
                0x000062e0                _alt_nticks
 .sbss          0x000062e4        0x4 c:/altera/12.0/nios2eds/bin/gnu/h-i686-mingw32/bin/../lib/gcc/nios2-elf/4.1.2/../../../../nios2-elf/lib\libc.a(lib_a-int_errno.o)
                0x000062e4                errno
 *(.sbss2 .sbss2.* .gnu.linkonce.sb2.*)
 *(.scommon)
                0x000062e8                PROVIDE (__sbss_end, ABSOLUTE (.))
                0x000062e8                PROVIDE (___sbss_end, ABSOLUTE (.))
 *(.dynbss)
 *(.bss .bss.* .gnu.linkonce.b.*)
 .bss           0x000062e8        0x0 ../lab10_bsp//obj/HAL/src/crt0.o
 .bss           0x000062e8        0x0 obj/default/lab10.o
 .bss           0x000062e8        0x0 ../lab10_bsp/\libhal_bsp.a(alt_load.o)
 .bss           0x000062e8        0x0 ../lab10_bsp/\libhal_bsp.a(alt_main.o)
 .bss           0x000062e8        0x0 ../lab10_bsp/\libhal_bsp.a(alt_sys_init.o)
 .bss           0x000062e8        0x0 ../lab10_bsp/\libhal_bsp.a(altera_avalon_jtag_uart_fd.o)
 .bss           0x000062e8        0x0 ../lab10_bsp/\libhal_bsp.a(altera_avalon_jtag_uart_init.o)
 .bss           0x000062e8        0x0 ../lab10_bsp/\libhal_bsp.a(altera_avalon_jtag_uart_ioctl.o)
 .bss           0x000062e8        0x0 ../lab10_bsp/\libhal_bsp.a(altera_avalon_jtag_uart_read.o)
 .bss           0x000062e8        0x0 ../lab10_bsp/\libhal_bsp.a(altera_avalon_jtag_uart_write.o)
 .bss           0x000062e8        0x0 ../lab10_bsp/\libhal_bsp.a(altera_avalon_timer_sc.o)
 .bss           0x000062e8        0x0 ../lab10_bsp/\libhal_bsp.a(altera_avalon_uart_fd.o)
 .bss           0x000062e8        0x0 ../lab10_bsp/\libhal_bsp.a(altera_avalon_uart_init.o)
 .bss           0x000062e8        0x0 ../lab10_bsp/\libhal_bsp.a(altera_avalon_uart_read.o)
 .bss           0x000062e8        0x0 ../lab10_bsp/\libhal_bsp.a(altera_avalon_uart_write.o)
 .bss           0x000062e8        0x0 ../lab10_bsp/\libhal_bsp.a(alt_alarm_start.o)
 .bss           0x000062e8        0x0 ../lab10_bsp/\libhal_bsp.a(alt_close.o)
 .bss           0x000062e8        0x0 ../lab10_bsp/\libhal_bsp.a(alt_dcache_flush_all.o)
 .bss           0x000062e8        0x0 ../lab10_bsp/\libhal_bsp.a(alt_dev.o)
 .bss           0x000062e8        0x0 ../lab10_bsp/\libhal_bsp.a(alt_dev_llist_insert.o)
 .bss           0x000062e8        0x0 ../lab10_bsp/\libhal_bsp.a(alt_do_ctors.o)
 .bss           0x000062e8        0x0 ../lab10_bsp/\libhal_bsp.a(alt_do_dtors.o)
 .bss           0x000062e8        0x0 ../lab10_bsp/\libhal_bsp.a(alt_errno.o)
 .bss           0x000062e8        0x0 ../lab10_bsp/\libhal_bsp.a(alt_icache_flush_all.o)
 .bss           0x000062e8        0x0 ../lab10_bsp/\libhal_bsp.a(alt_iic.o)
 .bss           0x000062e8        0x0 ../lab10_bsp/\libhal_bsp.a(alt_iic_isr_register.o)
 .bss           0x000062e8        0x0 ../lab10_bsp/\libhal_bsp.a(alt_io_redirect.o)
 .bss           0x000062e8        0x0 ../lab10_bsp/\libhal_bsp.a(alt_irq_entry.o)
 .bss           0x000062e8        0x0 ../lab10_bsp/\libhal_bsp.a(alt_irq_handler.o)
 .bss           0x000062e8        0x0 ../lab10_bsp/\libhal_bsp.a(alt_irq_vars.o)
 .bss           0x000062e8        0x0 ../lab10_bsp/\libhal_bsp.a(alt_open.o)
 .bss           0x000062e8        0x0 ../lab10_bsp/\libhal_bsp.a(alt_release_fd.o)
 .bss           0x000062e8        0x0 ../lab10_bsp/\libhal_bsp.a(alt_tick.o)
 .bss           0x000062e8        0x0 ../lab10_bsp/\libhal_bsp.a(altera_nios2_qsys_irq.o)
 .bss           0x000062e8        0x0 ../lab10_bsp/\libhal_bsp.a(alt_exception_entry.o)
 .bss           0x000062e8        0x0 ../lab10_bsp/\libhal_bsp.a(alt_find_dev.o)
 .bss           0x000062e8        0x0 ../lab10_bsp/\libhal_bsp.a(alt_find_file.o)
 .bss           0x000062e8        0x0 ../lab10_bsp/\libhal_bsp.a(alt_get_fd.o)
 .bss           0x000062e8        0x0 ../lab10_bsp/\libhal_bsp.a(alt_icache_flush.o)
 .bss           0x000062e8        0x0 c:/altera/12.0/nios2eds/bin/gnu/h-i686-mingw32/bin/../lib/gcc/nios2-elf/4.1.2/../../../../nios2-elf/lib\libc.a(lib_a-atexit.o)
 .bss           0x000062e8        0x0 c:/altera/12.0/nios2eds/bin/gnu/h-i686-mingw32/bin/../lib/gcc/nios2-elf/4.1.2/../../../../nios2-elf/lib\libc.a(lib_a-exit.o)
 .bss           0x000062e8        0x0 c:/altera/12.0/nios2eds/bin/gnu/h-i686-mingw32/bin/../lib/gcc/nios2-elf/4.1.2/../../../../nios2-elf/lib\libc.a(lib_a-impure.o)
 .bss           0x000062e8        0x0 c:/altera/12.0/nios2eds/bin/gnu/h-i686-mingw32/bin/../lib/gcc/nios2-elf/4.1.2/../../../../nios2-elf/lib\libc.a(lib_a-int_errno.o)
 .bss           0x000062e8        0x0 c:/altera/12.0/nios2eds/bin/gnu/h-i686-mingw32/bin/../lib/gcc/nios2-elf/4.1.2/../../../../nios2-elf/lib\libc.a(lib_a-memcmp.o)
 .bss           0x000062e8        0x0 c:/altera/12.0/nios2eds/bin/gnu/h-i686-mingw32/bin/../lib/gcc/nios2-elf/4.1.2/../../../../nios2-elf/lib\libc.a(lib_a-memcpy.o)
 .bss           0x000062e8        0x0 c:/altera/12.0/nios2eds/bin/gnu/h-i686-mingw32/bin/../lib/gcc/nios2-elf/4.1.2/../../../../nios2-elf/lib\libc.a(lib_a-strlen.o)
 .bss           0x000062e8        0x0 c:/altera/12.0/nios2eds/bin/gnu/h-i686-mingw32/bin/../lib/gcc/nios2-elf/4.1.2/../../../../nios2-elf/lib\libc.a(lib_a-__atexit.o)
 .bss           0x000062e8        0x0 c:/altera/12.0/nios2eds/bin/gnu/h-i686-mingw32/bin/../lib/gcc/nios2-elf/4.1.2/../../../../nios2-elf/lib\libc.a(lib_a-__call_atexit.o)
 .bss           0x000062e8        0x0 ../lab10_bsp/\libhal_bsp.a(alt_exit.o)
 *(COMMON)
 COMMON         0x000062e8      0x100 ../lab10_bsp/\libhal_bsp.a(alt_irq_handler.o)
                0x000062e8                alt_irq
 COMMON         0x000063e8      0x190 c:/altera/12.0/nios2eds/bin/gnu/h-i686-mingw32/bin/../lib/gcc/nios2-elf/4.1.2/../../../../nios2-elf/lib\libc.a(lib_a-atexit.o)
                0x000063e8                _atexit0
                0x00006578                . = ALIGN (0x4)
                0x00006578                __bss_end = ABSOLUTE (.)

.sdram          0x00006578        0x0
                0x00006578                PROVIDE (_alt_partition_sdram_start, ABSOLUTE (.))
 *(.sdram. sdram.*)
                0x00006578                . = ALIGN (0x4)
                0x00006578                PROVIDE (_alt_partition_sdram_end, ABSOLUTE (.))
                0x00006578                _end = ABSOLUTE (.)
                0x00006578                end = ABSOLUTE (.)
                0x00006578                __alt_stack_base = ABSOLUTE (.)
                0x00006578                PROVIDE (_alt_partition_sdram_load_addr, LOADADDR (.sdram))

.stab
 *(.stab)

.stabstr
 *(.stabstr)

.stab.excl
 *(.stab.excl)

.stab.exclstr
 *(.stab.exclstr)

.stab.index
 *(.stab.index)

.stab.indexstr
 *(.stab.indexstr)

.comment        0x00000000       0x23
 *(.comment)
 .comment       0x00000000       0x23 obj/default/lab10.o
                                 0x24 (size before relaxing)
 .comment       0x00000000       0x24 ../lab10_bsp/\libhal_bsp.a(alt_load.o)
 .comment       0x00000000       0x24 ../lab10_bsp/\libhal_bsp.a(alt_main.o)
 .comment       0x00000000       0x24 ../lab10_bsp/\libhal_bsp.a(alt_sys_init.o)
 .comment       0x00000000       0x24 ../lab10_bsp/\libhal_bsp.a(altera_avalon_jtag_uart_fd.o)
 .comment       0x00000000       0x24 ../lab10_bsp/\libhal_bsp.a(altera_avalon_jtag_uart_init.o)
 .comment       0x00000000       0x24 ../lab10_bsp/\libhal_bsp.a(altera_avalon_jtag_uart_ioctl.o)
 .comment       0x00000000       0x24 ../lab10_bsp/\libhal_bsp.a(altera_avalon_jtag_uart_read.o)
 .comment       0x00000000       0x24 ../lab10_bsp/\libhal_bsp.a(altera_avalon_jtag_uart_write.o)
 .comment       0x00000000       0x24 ../lab10_bsp/\libhal_bsp.a(altera_avalon_timer_sc.o)
 .comment       0x00000000       0x24 ../lab10_bsp/\libhal_bsp.a(altera_avalon_uart_fd.o)
 .comment       0x00000000       0x24 ../lab10_bsp/\libhal_bsp.a(altera_avalon_uart_init.o)
 .comment       0x00000000       0x24 ../lab10_bsp/\libhal_bsp.a(altera_avalon_uart_read.o)
 .comment       0x00000000       0x24 ../lab10_bsp/\libhal_bsp.a(altera_avalon_uart_write.o)
 .comment       0x00000000       0x24 ../lab10_bsp/\libhal_bsp.a(alt_alarm_start.o)
 .comment       0x00000000       0x24 ../lab10_bsp/\libhal_bsp.a(alt_close.o)
 .comment       0x00000000       0x24 ../lab10_bsp/\libhal_bsp.a(alt_dcache_flush_all.o)
 .comment       0x00000000       0x24 ../lab10_bsp/\libhal_bsp.a(alt_dev.o)
 .comment       0x00000000       0x24 ../lab10_bsp/\libhal_bsp.a(alt_dev_llist_insert.o)
 .comment       0x00000000       0x24 ../lab10_bsp/\libhal_bsp.a(alt_do_ctors.o)
 .comment       0x00000000       0x24 ../lab10_bsp/\libhal_bsp.a(alt_do_dtors.o)
 .comment       0x00000000       0x24 ../lab10_bsp/\libhal_bsp.a(alt_errno.o)
 .comment       0x00000000       0x24 ../lab10_bsp/\libhal_bsp.a(alt_icache_flush_all.o)
 .comment       0x00000000       0x24 ../lab10_bsp/\libhal_bsp.a(alt_iic.o)
 .comment       0x00000000       0x24 ../lab10_bsp/\libhal_bsp.a(alt_iic_isr_register.o)
 .comment       0x00000000       0x24 ../lab10_bsp/\libhal_bsp.a(alt_io_redirect.o)
 .comment       0x00000000       0x24 ../lab10_bsp/\libhal_bsp.a(alt_irq_handler.o)
 .comment       0x00000000       0x24 ../lab10_bsp/\libhal_bsp.a(alt_irq_vars.o)
 .comment       0x00000000       0x24 ../lab10_bsp/\libhal_bsp.a(alt_open.o)
 .comment       0x00000000       0x24 ../lab10_bsp/\libhal_bsp.a(alt_release_fd.o)
 .comment       0x00000000       0x24 ../lab10_bsp/\libhal_bsp.a(alt_tick.o)
 .comment       0x00000000       0x24 ../lab10_bsp/\libhal_bsp.a(altera_nios2_qsys_irq.o)
 .comment       0x00000000       0x24 ../lab10_bsp/\libhal_bsp.a(alt_find_dev.o)
 .comment       0x00000000       0x24 ../lab10_bsp/\libhal_bsp.a(alt_find_file.o)
 .comment       0x00000000       0x24 ../lab10_bsp/\libhal_bsp.a(alt_get_fd.o)
 .comment       0x00000000       0x24 ../lab10_bsp/\libhal_bsp.a(alt_icache_flush.o)
 .comment       0x00000000       0x24 c:/altera/12.0/nios2eds/bin/gnu/h-i686-mingw32/bin/../lib/gcc/nios2-elf/4.1.2/../../../../nios2-elf/lib\libc.a(lib_a-atexit.o)
 .comment       0x00000000       0x24 c:/altera/12.0/nios2eds/bin/gnu/h-i686-mingw32/bin/../lib/gcc/nios2-elf/4.1.2/../../../../nios2-elf/lib\libc.a(lib_a-exit.o)
 .comment       0x00000000       0x24 c:/altera/12.0/nios2eds/bin/gnu/h-i686-mingw32/bin/../lib/gcc/nios2-elf/4.1.2/../../../../nios2-elf/lib\libc.a(lib_a-impure.o)
 .comment       0x00000000       0x24 c:/altera/12.0/nios2eds/bin/gnu/h-i686-mingw32/bin/../lib/gcc/nios2-elf/4.1.2/../../../../nios2-elf/lib\libc.a(lib_a-int_errno.o)
 .comment       0x00000000       0x24 c:/altera/12.0/nios2eds/bin/gnu/h-i686-mingw32/bin/../lib/gcc/nios2-elf/4.1.2/../../../../nios2-elf/lib\libc.a(lib_a-memcmp.o)
 .comment       0x00000000       0x24 c:/altera/12.0/nios2eds/bin/gnu/h-i686-mingw32/bin/../lib/gcc/nios2-elf/4.1.2/../../../../nios2-elf/lib\libc.a(lib_a-memcpy.o)
 .comment       0x00000000       0x24 c:/altera/12.0/nios2eds/bin/gnu/h-i686-mingw32/bin/../lib/gcc/nios2-elf/4.1.2/../../../../nios2-elf/lib\libc.a(lib_a-strlen.o)
 .comment       0x00000000       0x24 c:/altera/12.0/nios2eds/bin/gnu/h-i686-mingw32/bin/../lib/gcc/nios2-elf/4.1.2/../../../../nios2-elf/lib\libc.a(lib_a-__atexit.o)
 .comment       0x00000000       0x24 c:/altera/12.0/nios2eds/bin/gnu/h-i686-mingw32/bin/../lib/gcc/nios2-elf/4.1.2/../../../../nios2-elf/lib\libc.a(lib_a-__call_atexit.o)
 .comment       0x00000000       0x24 ../lab10_bsp/\libhal_bsp.a(alt_exit.o)

.debug
 *(.debug)

.line
 *(.line)

.debug_srcinfo
 *(.debug_srcinfo)

.debug_sfnames
 *(.debug_sfnames)

.debug_aranges  0x00000000      0x5d8
 *(.debug_aranges)
 .debug_aranges
                0x00000000       0x28 ../lab10_bsp//obj/HAL/src/crt0.o
 .debug_aranges
                0x00000028       0x20 obj/default/lab10.o
 .debug_aranges
                0x00000048       0x20 ../lab10_bsp/\libhal_bsp.a(alt_load.o)
 .debug_aranges
                0x00000068       0x20 ../lab10_bsp/\libhal_bsp.a(alt_main.o)
 .debug_aranges
                0x00000088       0x20 ../lab10_bsp/\libhal_bsp.a(alt_sys_init.o)
 .debug_aranges
                0x000000a8       0x20 ../lab10_bsp/\libhal_bsp.a(altera_avalon_jtag_uart_fd.o)
 .debug_aranges
                0x000000c8       0x20 ../lab10_bsp/\libhal_bsp.a(altera_avalon_jtag_uart_init.o)
 .debug_aranges
                0x000000e8       0x20 ../lab10_bsp/\libhal_bsp.a(altera_avalon_jtag_uart_ioctl.o)
 .debug_aranges
                0x00000108       0x20 ../lab10_bsp/\libhal_bsp.a(altera_avalon_jtag_uart_read.o)
 .debug_aranges
                0x00000128       0x20 ../lab10_bsp/\libhal_bsp.a(altera_avalon_jtag_uart_write.o)
 .debug_aranges
                0x00000148       0x20 ../lab10_bsp/\libhal_bsp.a(altera_avalon_timer_sc.o)
 .debug_aranges
                0x00000168       0x20 ../lab10_bsp/\libhal_bsp.a(altera_avalon_uart_fd.o)
 .debug_aranges
                0x00000188       0x20 ../lab10_bsp/\libhal_bsp.a(altera_avalon_uart_init.o)
 .debug_aranges
                0x000001a8       0x20 ../lab10_bsp/\libhal_bsp.a(altera_avalon_uart_read.o)
 .debug_aranges
                0x000001c8       0x20 ../lab10_bsp/\libhal_bsp.a(altera_avalon_uart_write.o)
 .debug_aranges
                0x000001e8       0x20 ../lab10_bsp/\libhal_bsp.a(alt_alarm_start.o)
 .debug_aranges
                0x00000208       0x20 ../lab10_bsp/\libhal_bsp.a(alt_close.o)
 .debug_aranges
                0x00000228       0x20 ../lab10_bsp/\libhal_bsp.a(alt_dcache_flush_all.o)
 .debug_aranges
                0x00000248       0x20 ../lab10_bsp/\libhal_bsp.a(alt_dev.o)
 .debug_aranges
                0x00000268       0x20 ../lab10_bsp/\libhal_bsp.a(alt_dev_llist_insert.o)
 .debug_aranges
                0x00000288       0x20 ../lab10_bsp/\libhal_bsp.a(alt_do_ctors.o)
 .debug_aranges
                0x000002a8       0x20 ../lab10_bsp/\libhal_bsp.a(alt_do_dtors.o)
 .debug_aranges
                0x000002c8       0x20 ../lab10_bsp/\libhal_bsp.a(alt_icache_flush_all.o)
 .debug_aranges
                0x000002e8       0x20 ../lab10_bsp/\libhal_bsp.a(alt_iic.o)
 .debug_aranges
                0x00000308       0x20 ../lab10_bsp/\libhal_bsp.a(alt_iic_isr_register.o)
 .debug_aranges
                0x00000328       0x20 ../lab10_bsp/\libhal_bsp.a(alt_io_redirect.o)
 .debug_aranges
                0x00000348       0x30 ../lab10_bsp/\libhal_bsp.a(alt_irq_entry.o)
 .debug_aranges
                0x00000378       0x28 ../lab10_bsp/\libhal_bsp.a(alt_irq_handler.o)
 .debug_aranges
                0x000003a0       0x20 ../lab10_bsp/\libhal_bsp.a(alt_open.o)
 .debug_aranges
                0x000003c0       0x20 ../lab10_bsp/\libhal_bsp.a(alt_release_fd.o)
 .debug_aranges
                0x000003e0       0x20 ../lab10_bsp/\libhal_bsp.a(alt_tick.o)
 .debug_aranges
                0x00000400       0x20 ../lab10_bsp/\libhal_bsp.a(altera_nios2_qsys_irq.o)
 .debug_aranges
                0x00000420       0x38 ../lab10_bsp/\libhal_bsp.a(alt_exception_entry.o)
 .debug_aranges
                0x00000458       0x20 ../lab10_bsp/\libhal_bsp.a(alt_find_dev.o)
 .debug_aranges
                0x00000478       0x20 ../lab10_bsp/\libhal_bsp.a(alt_find_file.o)
 .debug_aranges
                0x00000498       0x20 ../lab10_bsp/\libhal_bsp.a(alt_get_fd.o)
 .debug_aranges
                0x000004b8       0x20 ../lab10_bsp/\libhal_bsp.a(alt_icache_flush.o)
 .debug_aranges
                0x000004d8       0x20 c:/altera/12.0/nios2eds/bin/gnu/h-i686-mingw32/bin/../lib/gcc/nios2-elf/4.1.2/../../../../nios2-elf/lib\libc.a(lib_a-atexit.o)
 .debug_aranges
                0x000004f8       0x20 c:/altera/12.0/nios2eds/bin/gnu/h-i686-mingw32/bin/../lib/gcc/nios2-elf/4.1.2/../../../../nios2-elf/lib\libc.a(lib_a-exit.o)
 .debug_aranges
                0x00000518       0x20 c:/altera/12.0/nios2eds/bin/gnu/h-i686-mingw32/bin/../lib/gcc/nios2-elf/4.1.2/../../../../nios2-elf/lib\libc.a(lib_a-memcmp.o)
 .debug_aranges
                0x00000538       0x20 c:/altera/12.0/nios2eds/bin/gnu/h-i686-mingw32/bin/../lib/gcc/nios2-elf/4.1.2/../../../../nios2-elf/lib\libc.a(lib_a-memcpy.o)
 .debug_aranges
                0x00000558       0x20 c:/altera/12.0/nios2eds/bin/gnu/h-i686-mingw32/bin/../lib/gcc/nios2-elf/4.1.2/../../../../nios2-elf/lib\libc.a(lib_a-strlen.o)
 .debug_aranges
                0x00000578       0x20 c:/altera/12.0/nios2eds/bin/gnu/h-i686-mingw32/bin/../lib/gcc/nios2-elf/4.1.2/../../../../nios2-elf/lib\libc.a(lib_a-__atexit.o)
 .debug_aranges
                0x00000598       0x20 c:/altera/12.0/nios2eds/bin/gnu/h-i686-mingw32/bin/../lib/gcc/nios2-elf/4.1.2/../../../../nios2-elf/lib\libc.a(lib_a-__call_atexit.o)
 .debug_aranges
                0x000005b8       0x20 ../lab10_bsp/\libhal_bsp.a(alt_exit.o)

.debug_pubnames
                0x00000000      0x928
 *(.debug_pubnames)
 .debug_pubnames
                0x00000000       0x3a obj/default/lab10.o
 .debug_pubnames
                0x0000003a       0x1f ../lab10_bsp/\libhal_bsp.a(alt_load.o)
 .debug_pubnames
                0x00000059       0x46 ../lab10_bsp/\libhal_bsp.a(alt_main.o)
 .debug_pubnames
                0x0000009f       0x34 ../lab10_bsp/\libhal_bsp.a(alt_sys_init.o)
 .debug_pubnames
                0x000000d3       0xa5 ../lab10_bsp/\libhal_bsp.a(altera_avalon_jtag_uart_fd.o)
 .debug_pubnames
                0x00000178       0x55 ../lab10_bsp/\libhal_bsp.a(altera_avalon_jtag_uart_init.o)
 .debug_pubnames
                0x000001cd       0x34 ../lab10_bsp/\libhal_bsp.a(altera_avalon_jtag_uart_ioctl.o)
 .debug_pubnames
                0x00000201       0x33 ../lab10_bsp/\libhal_bsp.a(altera_avalon_jtag_uart_read.o)
 .debug_pubnames
                0x00000234       0x34 ../lab10_bsp/\libhal_bsp.a(altera_avalon_jtag_uart_write.o)
 .debug_pubnames
                0x00000268       0x2f ../lab10_bsp/\libhal_bsp.a(altera_avalon_timer_sc.o)
 .debug_pubnames
                0x00000297       0x71 ../lab10_bsp/\libhal_bsp.a(altera_avalon_uart_fd.o)
 .debug_pubnames
                0x00000308       0x4b ../lab10_bsp/\libhal_bsp.a(altera_avalon_uart_init.o)
 .debug_pubnames
                0x00000353       0x2e ../lab10_bsp/\libhal_bsp.a(altera_avalon_uart_read.o)
 .debug_pubnames
                0x00000381       0x2f ../lab10_bsp/\libhal_bsp.a(altera_avalon_uart_write.o)
 .debug_pubnames
                0x000003b0       0x26 ../lab10_bsp/\libhal_bsp.a(alt_alarm_start.o)
 .debug_pubnames
                0x000003d6       0x1c ../lab10_bsp/\libhal_bsp.a(alt_close.o)
 .debug_pubnames
                0x000003f2       0x2b ../lab10_bsp/\libhal_bsp.a(alt_dcache_flush_all.o)
 .debug_pubnames
                0x0000041d       0x63 ../lab10_bsp/\libhal_bsp.a(alt_dev.o)
 .debug_pubnames
                0x00000480       0x2b ../lab10_bsp/\libhal_bsp.a(alt_dev_llist_insert.o)
 .debug_pubnames
                0x000004ab       0x20 ../lab10_bsp/\libhal_bsp.a(alt_do_ctors.o)
 .debug_pubnames
                0x000004cb       0x20 ../lab10_bsp/\libhal_bsp.a(alt_do_dtors.o)
 .debug_pubnames
                0x000004eb       0x20 ../lab10_bsp/\libhal_bsp.a(alt_errno.o)
 .debug_pubnames
                0x0000050b       0x2b ../lab10_bsp/\libhal_bsp.a(alt_icache_flush_all.o)
 .debug_pubnames
                0x00000536       0x6e ../lab10_bsp/\libhal_bsp.a(alt_iic.o)
 .debug_pubnames
                0x000005a4       0x2b ../lab10_bsp/\libhal_bsp.a(alt_iic_isr_register.o)
 .debug_pubnames
                0x000005cf       0x26 ../lab10_bsp/\libhal_bsp.a(alt_io_redirect.o)
 .debug_pubnames
                0x000005f5       0x32 ../lab10_bsp/\libhal_bsp.a(alt_irq_handler.o)
 .debug_pubnames
                0x00000627       0x3b ../lab10_bsp/\libhal_bsp.a(alt_irq_vars.o)
 .debug_pubnames
                0x00000662       0x1b ../lab10_bsp/\libhal_bsp.a(alt_open.o)
 .debug_pubnames
                0x0000067d       0x25 ../lab10_bsp/\libhal_bsp.a(alt_release_fd.o)
 .debug_pubnames
                0x000006a2       0x68 ../lab10_bsp/\libhal_bsp.a(alt_tick.o)
 .debug_pubnames
                0x0000070a       0x31 ../lab10_bsp/\libhal_bsp.a(altera_nios2_qsys_irq.o)
 .debug_pubnames
                0x0000073b       0x23 ../lab10_bsp/\libhal_bsp.a(alt_find_dev.o)
 .debug_pubnames
                0x0000075e       0x24 ../lab10_bsp/\libhal_bsp.a(alt_find_file.o)
 .debug_pubnames
                0x00000782       0x21 ../lab10_bsp/\libhal_bsp.a(alt_get_fd.o)
 .debug_pubnames
                0x000007a3       0x27 ../lab10_bsp/\libhal_bsp.a(alt_icache_flush.o)
 .debug_pubnames
                0x000007ca       0x2a c:/altera/12.0/nios2eds/bin/gnu/h-i686-mingw32/bin/../lib/gcc/nios2-elf/4.1.2/../../../../nios2-elf/lib\libc.a(lib_a-atexit.o)
 .debug_pubnames
                0x000007f4       0x1b c:/altera/12.0/nios2eds/bin/gnu/h-i686-mingw32/bin/../lib/gcc/nios2-elf/4.1.2/../../../../nios2-elf/lib\libc.a(lib_a-exit.o)
 .debug_pubnames
                0x0000080f       0x39 c:/altera/12.0/nios2eds/bin/gnu/h-i686-mingw32/bin/../lib/gcc/nios2-elf/4.1.2/../../../../nios2-elf/lib\libc.a(lib_a-impure.o)
 .debug_pubnames
                0x00000848       0x1c c:/altera/12.0/nios2eds/bin/gnu/h-i686-mingw32/bin/../lib/gcc/nios2-elf/4.1.2/../../../../nios2-elf/lib\libc.a(lib_a-int_errno.o)
 .debug_pubnames
                0x00000864       0x1d c:/altera/12.0/nios2eds/bin/gnu/h-i686-mingw32/bin/../lib/gcc/nios2-elf/4.1.2/../../../../nios2-elf/lib\libc.a(lib_a-memcmp.o)
 .debug_pubnames
                0x00000881       0x1d c:/altera/12.0/nios2eds/bin/gnu/h-i686-mingw32/bin/../lib/gcc/nios2-elf/4.1.2/../../../../nios2-elf/lib\libc.a(lib_a-memcpy.o)
 .debug_pubnames
                0x0000089e       0x1d c:/altera/12.0/nios2eds/bin/gnu/h-i686-mingw32/bin/../lib/gcc/nios2-elf/4.1.2/../../../../nios2-elf/lib\libc.a(lib_a-strlen.o)
 .debug_pubnames
                0x000008bb       0x2a c:/altera/12.0/nios2eds/bin/gnu/h-i686-mingw32/bin/../lib/gcc/nios2-elf/4.1.2/../../../../nios2-elf/lib\libc.a(lib_a-__atexit.o)
 .debug_pubnames
                0x000008e5       0x27 c:/altera/12.0/nios2eds/bin/gnu/h-i686-mingw32/bin/../lib/gcc/nios2-elf/4.1.2/../../../../nios2-elf/lib\libc.a(lib_a-__call_atexit.o)
 .debug_pubnames
                0x0000090c       0x1c ../lab10_bsp/\libhal_bsp.a(alt_exit.o)

.debug_info     0x00000000     0xb5d6
 *(.debug_info .gnu.linkonce.wi.*)
 .debug_info    0x00000000       0x61 ../lab10_bsp//obj/HAL/src/crt0.o
 .debug_info    0x00000061      0x28e obj/default/lab10.o
 .debug_info    0x000002ef      0x273 ../lab10_bsp/\libhal_bsp.a(alt_load.o)
 .debug_info    0x00000562      0x20b ../lab10_bsp/\libhal_bsp.a(alt_main.o)
 .debug_info    0x0000076d      0x884 ../lab10_bsp/\libhal_bsp.a(alt_sys_init.o)
 .debug_info    0x00000ff1      0x7bf ../lab10_bsp/\libhal_bsp.a(altera_avalon_jtag_uart_fd.o)
 .debug_info    0x000017b0      0x5e7 ../lab10_bsp/\libhal_bsp.a(altera_avalon_jtag_uart_init.o)
 .debug_info    0x00001d97      0x429 ../lab10_bsp/\libhal_bsp.a(altera_avalon_jtag_uart_ioctl.o)
 .debug_info    0x000021c0      0x52c ../lab10_bsp/\libhal_bsp.a(altera_avalon_jtag_uart_read.o)
 .debug_info    0x000026ec      0x524 ../lab10_bsp/\libhal_bsp.a(altera_avalon_jtag_uart_write.o)
 .debug_info    0x00002c10      0x371 ../lab10_bsp/\libhal_bsp.a(altera_avalon_timer_sc.o)
 .debug_info    0x00002f81      0x622 ../lab10_bsp/\libhal_bsp.a(altera_avalon_uart_fd.o)
 .debug_info    0x000035a3      0x4f4 ../lab10_bsp/\libhal_bsp.a(altera_avalon_uart_init.o)
 .debug_info    0x00003a97      0x4a8 ../lab10_bsp/\libhal_bsp.a(altera_avalon_uart_read.o)
 .debug_info    0x00003f3f      0x4a6 ../lab10_bsp/\libhal_bsp.a(altera_avalon_uart_write.o)
 .debug_info    0x000043e5      0x428 ../lab10_bsp/\libhal_bsp.a(alt_alarm_start.o)
 .debug_info    0x0000480d      0x44d ../lab10_bsp/\libhal_bsp.a(alt_close.o)
 .debug_info    0x00004c5a      0x142 ../lab10_bsp/\libhal_bsp.a(alt_dcache_flush_all.o)
 .debug_info    0x00004d9c      0x665 ../lab10_bsp/\libhal_bsp.a(alt_dev.o)
 .debug_info    0x00005401      0x29d ../lab10_bsp/\libhal_bsp.a(alt_dev_llist_insert.o)
 .debug_info    0x0000569e       0xf5 ../lab10_bsp/\libhal_bsp.a(alt_do_ctors.o)
 .debug_info    0x00005793       0xf4 ../lab10_bsp/\libhal_bsp.a(alt_do_dtors.o)
 .debug_info    0x00005887      0x14a ../lab10_bsp/\libhal_bsp.a(alt_errno.o)
 .debug_info    0x000059d1      0x142 ../lab10_bsp/\libhal_bsp.a(alt_icache_flush_all.o)
 .debug_info    0x00005b13      0x479 ../lab10_bsp/\libhal_bsp.a(alt_iic.o)
 .debug_info    0x00005f8c      0x2fa ../lab10_bsp/\libhal_bsp.a(alt_iic_isr_register.o)
 .debug_info    0x00006286      0x67b ../lab10_bsp/\libhal_bsp.a(alt_io_redirect.o)
 .debug_info    0x00006901       0x6a ../lab10_bsp/\libhal_bsp.a(alt_irq_entry.o)
 .debug_info    0x0000696b      0x25b ../lab10_bsp/\libhal_bsp.a(alt_irq_handler.o)
 .debug_info    0x00006bc6      0x14d ../lab10_bsp/\libhal_bsp.a(alt_irq_vars.o)
 .debug_info    0x00006d13      0x50b ../lab10_bsp/\libhal_bsp.a(alt_open.o)
 .debug_info    0x0000721e      0x3d8 ../lab10_bsp/\libhal_bsp.a(alt_release_fd.o)
 .debug_info    0x000075f6      0x3e4 ../lab10_bsp/\libhal_bsp.a(alt_tick.o)
 .debug_info    0x000079da      0x149 ../lab10_bsp/\libhal_bsp.a(altera_nios2_qsys_irq.o)
 .debug_info    0x00007b23       0x70 ../lab10_bsp/\libhal_bsp.a(alt_exception_entry.o)
 .debug_info    0x00007b93      0x3fe ../lab10_bsp/\libhal_bsp.a(alt_find_dev.o)
 .debug_info    0x00007f91      0x405 ../lab10_bsp/\libhal_bsp.a(alt_find_file.o)
 .debug_info    0x00008396      0x446 ../lab10_bsp/\libhal_bsp.a(alt_get_fd.o)
 .debug_info    0x000087dc      0x18a ../lab10_bsp/\libhal_bsp.a(alt_icache_flush.o)
 .debug_info    0x00008966      0x181 c:/altera/12.0/nios2eds/bin/gnu/h-i686-mingw32/bin/../lib/gcc/nios2-elf/4.1.2/../../../../nios2-elf/lib\libc.a(lib_a-atexit.o)
 .debug_info    0x00008ae7      0x93f c:/altera/12.0/nios2eds/bin/gnu/h-i686-mingw32/bin/../lib/gcc/nios2-elf/4.1.2/../../../../nios2-elf/lib\libc.a(lib_a-exit.o)
 .debug_info    0x00009426      0x93d c:/altera/12.0/nios2eds/bin/gnu/h-i686-mingw32/bin/../lib/gcc/nios2-elf/4.1.2/../../../../nios2-elf/lib\libc.a(lib_a-impure.o)
 .debug_info    0x00009d63       0x8c c:/altera/12.0/nios2eds/bin/gnu/h-i686-mingw32/bin/../lib/gcc/nios2-elf/4.1.2/../../../../nios2-elf/lib\libc.a(lib_a-int_errno.o)
 .debug_info    0x00009def      0x115 c:/altera/12.0/nios2eds/bin/gnu/h-i686-mingw32/bin/../lib/gcc/nios2-elf/4.1.2/../../../../nios2-elf/lib\libc.a(lib_a-memcmp.o)
 .debug_info    0x00009f04      0x106 c:/altera/12.0/nios2eds/bin/gnu/h-i686-mingw32/bin/../lib/gcc/nios2-elf/4.1.2/../../../../nios2-elf/lib\libc.a(lib_a-memcpy.o)
 .debug_info    0x0000a00a       0xdb c:/altera/12.0/nios2eds/bin/gnu/h-i686-mingw32/bin/../lib/gcc/nios2-elf/4.1.2/../../../../nios2-elf/lib\libc.a(lib_a-strlen.o)
 .debug_info    0x0000a0e5      0x99c c:/altera/12.0/nios2eds/bin/gnu/h-i686-mingw32/bin/../lib/gcc/nios2-elf/4.1.2/../../../../nios2-elf/lib\libc.a(lib_a-__atexit.o)
 .debug_info    0x0000aa81      0x9e2 c:/altera/12.0/nios2eds/bin/gnu/h-i686-mingw32/bin/../lib/gcc/nios2-elf/4.1.2/../../../../nios2-elf/lib\libc.a(lib_a-__call_atexit.o)
 .debug_info    0x0000b463      0x173 ../lab10_bsp/\libhal_bsp.a(alt_exit.o)

.debug_abbrev   0x00000000     0x2ada
 *(.debug_abbrev)
 .debug_abbrev  0x00000000       0x12 ../lab10_bsp//obj/HAL/src/crt0.o
 .debug_abbrev  0x00000012       0xa9 obj/default/lab10.o
 .debug_abbrev  0x000000bb       0x88 ../lab10_bsp/\libhal_bsp.a(alt_load.o)
 .debug_abbrev  0x00000143       0xb7 ../lab10_bsp/\libhal_bsp.a(alt_main.o)
 .debug_abbrev  0x000001fa      0x14b ../lab10_bsp/\libhal_bsp.a(alt_sys_init.o)
 .debug_abbrev  0x00000345       0xf7 ../lab10_bsp/\libhal_bsp.a(altera_avalon_jtag_uart_fd.o)
 .debug_abbrev  0x0000043c      0x17c ../lab10_bsp/\libhal_bsp.a(altera_avalon_jtag_uart_init.o)
 .debug_abbrev  0x000005b8       0xf0 ../lab10_bsp/\libhal_bsp.a(altera_avalon_jtag_uart_ioctl.o)
 .debug_abbrev  0x000006a8      0x191 ../lab10_bsp/\libhal_bsp.a(altera_avalon_jtag_uart_read.o)
 .debug_abbrev  0x00000839      0x18d ../lab10_bsp/\libhal_bsp.a(altera_avalon_jtag_uart_write.o)
 .debug_abbrev  0x000009c6      0x137 ../lab10_bsp/\libhal_bsp.a(altera_avalon_timer_sc.o)
 .debug_abbrev  0x00000afd       0xe8 ../lab10_bsp/\libhal_bsp.a(altera_avalon_uart_fd.o)
 .debug_abbrev  0x00000be5      0x148 ../lab10_bsp/\libhal_bsp.a(altera_avalon_uart_init.o)
 .debug_abbrev  0x00000d2d      0x174 ../lab10_bsp/\libhal_bsp.a(altera_avalon_uart_read.o)
 .debug_abbrev  0x00000ea1      0x17b ../lab10_bsp/\libhal_bsp.a(altera_avalon_uart_write.o)
 .debug_abbrev  0x0000101c      0x172 ../lab10_bsp/\libhal_bsp.a(alt_alarm_start.o)
 .debug_abbrev  0x0000118e       0xfb ../lab10_bsp/\libhal_bsp.a(alt_close.o)
 .debug_abbrev  0x00001289       0x3f ../lab10_bsp/\libhal_bsp.a(alt_dcache_flush_all.o)
 .debug_abbrev  0x000012c8       0xc7 ../lab10_bsp/\libhal_bsp.a(alt_dev.o)
 .debug_abbrev  0x0000138f       0xf6 ../lab10_bsp/\libhal_bsp.a(alt_dev_llist_insert.o)
 .debug_abbrev  0x00001485       0x76 ../lab10_bsp/\libhal_bsp.a(alt_do_ctors.o)
 .debug_abbrev  0x000014fb       0x76 ../lab10_bsp/\libhal_bsp.a(alt_do_dtors.o)
 .debug_abbrev  0x00001571       0x5e ../lab10_bsp/\libhal_bsp.a(alt_errno.o)
 .debug_abbrev  0x000015cf       0x3f ../lab10_bsp/\libhal_bsp.a(alt_icache_flush_all.o)
 .debug_abbrev  0x0000160e      0x134 ../lab10_bsp/\libhal_bsp.a(alt_iic.o)
 .debug_abbrev  0x00001742      0x14e ../lab10_bsp/\libhal_bsp.a(alt_iic_isr_register.o)
 .debug_abbrev  0x00001890       0xf0 ../lab10_bsp/\libhal_bsp.a(alt_io_redirect.o)
 .debug_abbrev  0x00001980       0x12 ../lab10_bsp/\libhal_bsp.a(alt_irq_entry.o)
 .debug_abbrev  0x00001992      0x10c ../lab10_bsp/\libhal_bsp.a(alt_irq_handler.o)
 .debug_abbrev  0x00001a9e       0x44 ../lab10_bsp/\libhal_bsp.a(alt_irq_vars.o)
 .debug_abbrev  0x00001ae2      0x112 ../lab10_bsp/\libhal_bsp.a(alt_open.o)
 .debug_abbrev  0x00001bf4       0xc1 ../lab10_bsp/\libhal_bsp.a(alt_release_fd.o)
 .debug_abbrev  0x00001cb5      0x150 ../lab10_bsp/\libhal_bsp.a(alt_tick.o)
 .debug_abbrev  0x00001e05       0x3f ../lab10_bsp/\libhal_bsp.a(altera_nios2_qsys_irq.o)
 .debug_abbrev  0x00001e44       0x12 ../lab10_bsp/\libhal_bsp.a(alt_exception_entry.o)
 .debug_abbrev  0x00001e56       0xcf ../lab10_bsp/\libhal_bsp.a(alt_find_dev.o)
 .debug_abbrev  0x00001f25       0xcf ../lab10_bsp/\libhal_bsp.a(alt_find_file.o)
 .debug_abbrev  0x00001ff4       0xfb ../lab10_bsp/\libhal_bsp.a(alt_get_fd.o)
 .debug_abbrev  0x000020ef       0x7a ../lab10_bsp/\libhal_bsp.a(alt_icache_flush.o)
 .debug_abbrev  0x00002169       0xb7 c:/altera/12.0/nios2eds/bin/gnu/h-i686-mingw32/bin/../lib/gcc/nios2-elf/4.1.2/../../../../nios2-elf/lib\libc.a(lib_a-atexit.o)
 .debug_abbrev  0x00002220      0x16e c:/altera/12.0/nios2eds/bin/gnu/h-i686-mingw32/bin/../lib/gcc/nios2-elf/4.1.2/../../../../nios2-elf/lib\libc.a(lib_a-exit.o)
 .debug_abbrev  0x0000238e      0x157 c:/altera/12.0/nios2eds/bin/gnu/h-i686-mingw32/bin/../lib/gcc/nios2-elf/4.1.2/../../../../nios2-elf/lib\libc.a(lib_a-impure.o)
 .debug_abbrev  0x000024e5       0x3b c:/altera/12.0/nios2eds/bin/gnu/h-i686-mingw32/bin/../lib/gcc/nios2-elf/4.1.2/../../../../nios2-elf/lib\libc.a(lib_a-int_errno.o)
 .debug_abbrev  0x00002520       0x7c c:/altera/12.0/nios2eds/bin/gnu/h-i686-mingw32/bin/../lib/gcc/nios2-elf/4.1.2/../../../../nios2-elf/lib\libc.a(lib_a-memcmp.o)
 .debug_abbrev  0x0000259c       0xb5 c:/altera/12.0/nios2eds/bin/gnu/h-i686-mingw32/bin/../lib/gcc/nios2-elf/4.1.2/../../../../nios2-elf/lib\libc.a(lib_a-memcpy.o)
 .debug_abbrev  0x00002651       0x8b c:/altera/12.0/nios2eds/bin/gnu/h-i686-mingw32/bin/../lib/gcc/nios2-elf/4.1.2/../../../../nios2-elf/lib\libc.a(lib_a-strlen.o)
 .debug_abbrev  0x000026dc      0x1ae c:/altera/12.0/nios2eds/bin/gnu/h-i686-mingw32/bin/../lib/gcc/nios2-elf/4.1.2/../../../../nios2-elf/lib\libc.a(lib_a-__atexit.o)
 .debug_abbrev  0x0000288a      0x1de c:/altera/12.0/nios2eds/bin/gnu/h-i686-mingw32/bin/../lib/gcc/nios2-elf/4.1.2/../../../../nios2-elf/lib\libc.a(lib_a-__call_atexit.o)
 .debug_abbrev  0x00002a68       0x72 ../lab10_bsp/\libhal_bsp.a(alt_exit.o)

.debug_line     0x00000000     0x72c9
 *(.debug_line)
 .debug_line    0x00000000       0x6c ../lab10_bsp//obj/HAL/src/crt0.o
 .debug_line    0x0000006c      0x323 obj/default/lab10.o
 .debug_line    0x0000038f      0x211 ../lab10_bsp/\libhal_bsp.a(alt_load.o)
 .debug_line    0x000005a0      0x2c4 ../lab10_bsp/\libhal_bsp.a(alt_main.o)
 .debug_line    0x00000864      0x311 ../lab10_bsp/\libhal_bsp.a(alt_sys_init.o)
 .debug_line    0x00000b75      0x214 ../lab10_bsp/\libhal_bsp.a(altera_avalon_jtag_uart_fd.o)
 .debug_line    0x00000d89      0x4a5 ../lab10_bsp/\libhal_bsp.a(altera_avalon_jtag_uart_init.o)
 .debug_line    0x0000122e      0x311 ../lab10_bsp/\libhal_bsp.a(altera_avalon_jtag_uart_ioctl.o)
 .debug_line    0x0000153f      0x3f1 ../lab10_bsp/\libhal_bsp.a(altera_avalon_jtag_uart_read.o)
 .debug_line    0x00001930      0x3ff ../lab10_bsp/\libhal_bsp.a(altera_avalon_jtag_uart_write.o)
 .debug_line    0x00001d2f      0x2ad ../lab10_bsp/\libhal_bsp.a(altera_avalon_timer_sc.o)
 .debug_line    0x00001fdc      0x1cf ../lab10_bsp/\libhal_bsp.a(altera_avalon_uart_fd.o)
 .debug_line    0x000021ab      0x48c ../lab10_bsp/\libhal_bsp.a(altera_avalon_uart_init.o)
 .debug_line    0x00002637      0x3fe ../lab10_bsp/\libhal_bsp.a(altera_avalon_uart_read.o)
 .debug_line    0x00002a35      0x3df ../lab10_bsp/\libhal_bsp.a(altera_avalon_uart_write.o)
 .debug_line    0x00002e14      0x2d6 ../lab10_bsp/\libhal_bsp.a(alt_alarm_start.o)
 .debug_line    0x000030ea      0x293 ../lab10_bsp/\libhal_bsp.a(alt_close.o)
 .debug_line    0x0000337d      0x1af ../lab10_bsp/\libhal_bsp.a(alt_dcache_flush_all.o)
 .debug_line    0x0000352c      0x24e ../lab10_bsp/\libhal_bsp.a(alt_dev.o)
 .debug_line    0x0000377a      0x254 ../lab10_bsp/\libhal_bsp.a(alt_dev_llist_insert.o)
 .debug_line    0x000039ce       0x83 ../lab10_bsp/\libhal_bsp.a(alt_do_ctors.o)
 .debug_line    0x00003a51       0x83 ../lab10_bsp/\libhal_bsp.a(alt_do_dtors.o)
 .debug_line    0x00003ad4      0x1a4 ../lab10_bsp/\libhal_bsp.a(alt_errno.o)
 .debug_line    0x00003c78      0x1b7 ../lab10_bsp/\libhal_bsp.a(alt_icache_flush_all.o)
 .debug_line    0x00003e2f      0x2c2 ../lab10_bsp/\libhal_bsp.a(alt_iic.o)
 .debug_line    0x000040f1      0x243 ../lab10_bsp/\libhal_bsp.a(alt_iic_isr_register.o)
 .debug_line    0x00004334      0x2ae ../lab10_bsp/\libhal_bsp.a(alt_io_redirect.o)
 .debug_line    0x000045e2       0x6b ../lab10_bsp/\libhal_bsp.a(alt_irq_entry.o)
 .debug_line    0x0000464d      0x242 ../lab10_bsp/\libhal_bsp.a(alt_irq_handler.o)
 .debug_line    0x0000488f       0x72 ../lab10_bsp/\libhal_bsp.a(alt_irq_vars.o)
 .debug_line    0x00004901      0x2f9 ../lab10_bsp/\libhal_bsp.a(alt_open.o)
 .debug_line    0x00004bfa       0xed ../lab10_bsp/\libhal_bsp.a(alt_release_fd.o)
 .debug_line    0x00004ce7      0x2d6 ../lab10_bsp/\libhal_bsp.a(alt_tick.o)
 .debug_line    0x00004fbd      0x1c8 ../lab10_bsp/\libhal_bsp.a(altera_nios2_qsys_irq.o)
 .debug_line    0x00005185       0xab ../lab10_bsp/\libhal_bsp.a(alt_exception_entry.o)
 .debug_line    0x00005230      0x265 ../lab10_bsp/\libhal_bsp.a(alt_find_dev.o)
 .debug_line    0x00005495      0x276 ../lab10_bsp/\libhal_bsp.a(alt_find_file.o)
 .debug_line    0x0000570b      0x291 ../lab10_bsp/\libhal_bsp.a(alt_get_fd.o)
 .debug_line    0x0000599c      0x1f3 ../lab10_bsp/\libhal_bsp.a(alt_icache_flush.o)
 .debug_line    0x00005b8f      0x1fa c:/altera/12.0/nios2eds/bin/gnu/h-i686-mingw32/bin/../lib/gcc/nios2-elf/4.1.2/../../../../nios2-elf/lib\libc.a(lib_a-atexit.o)
 .debug_line    0x00005d89      0x232 c:/altera/12.0/nios2eds/bin/gnu/h-i686-mingw32/bin/../lib/gcc/nios2-elf/4.1.2/../../../../nios2-elf/lib\libc.a(lib_a-exit.o)
 .debug_line    0x00005fbb      0x224 c:/altera/12.0/nios2eds/bin/gnu/h-i686-mingw32/bin/../lib/gcc/nios2-elf/4.1.2/../../../../nios2-elf/lib\libc.a(lib_a-impure.o)
 .debug_line    0x000061df      0x1d9 c:/altera/12.0/nios2eds/bin/gnu/h-i686-mingw32/bin/../lib/gcc/nios2-elf/4.1.2/../../../../nios2-elf/lib\libc.a(lib_a-int_errno.o)
 .debug_line    0x000063b8      0x296 c:/altera/12.0/nios2eds/bin/gnu/h-i686-mingw32/bin/../lib/gcc/nios2-elf/4.1.2/../../../../nios2-elf/lib\libc.a(lib_a-memcmp.o)
 .debug_line    0x0000664e      0x1a9 c:/altera/12.0/nios2eds/bin/gnu/h-i686-mingw32/bin/../lib/gcc/nios2-elf/4.1.2/../../../../nios2-elf/lib\libc.a(lib_a-memcpy.o)
 .debug_line    0x000067f7      0x264 c:/altera/12.0/nios2eds/bin/gnu/h-i686-mingw32/bin/../lib/gcc/nios2-elf/4.1.2/../../../../nios2-elf/lib\libc.a(lib_a-strlen.o)
 .debug_line    0x00006a5b      0x30d c:/altera/12.0/nios2eds/bin/gnu/h-i686-mingw32/bin/../lib/gcc/nios2-elf/4.1.2/../../../../nios2-elf/lib\libc.a(lib_a-__atexit.o)
 .debug_line    0x00006d68      0x361 c:/altera/12.0/nios2eds/bin/gnu/h-i686-mingw32/bin/../lib/gcc/nios2-elf/4.1.2/../../../../nios2-elf/lib\libc.a(lib_a-__call_atexit.o)
 .debug_line    0x000070c9      0x200 ../lab10_bsp/\libhal_bsp.a(alt_exit.o)

.debug_frame    0x00000000      0xa58
 *(.debug_frame)
 .debug_frame   0x00000000       0x48 obj/default/lab10.o
 .debug_frame   0x00000048       0x48 ../lab10_bsp/\libhal_bsp.a(alt_load.o)
 .debug_frame   0x00000090       0x2c ../lab10_bsp/\libhal_bsp.a(alt_main.o)
 .debug_frame   0x000000bc       0x64 ../lab10_bsp/\libhal_bsp.a(alt_sys_init.o)
 .debug_frame   0x00000120       0x80 ../lab10_bsp/\libhal_bsp.a(altera_avalon_jtag_uart_fd.o)
 .debug_frame   0x000001a0       0x80 ../lab10_bsp/\libhal_bsp.a(altera_avalon_jtag_uart_init.o)
 .debug_frame   0x00000220       0x2c ../lab10_bsp/\libhal_bsp.a(altera_avalon_jtag_uart_ioctl.o)
 .debug_frame   0x0000024c       0x2c ../lab10_bsp/\libhal_bsp.a(altera_avalon_jtag_uart_read.o)
 .debug_frame   0x00000278       0x2c ../lab10_bsp/\libhal_bsp.a(altera_avalon_jtag_uart_write.o)
 .debug_frame   0x000002a4       0x48 ../lab10_bsp/\libhal_bsp.a(altera_avalon_timer_sc.o)
 .debug_frame   0x000002ec       0x64 ../lab10_bsp/\libhal_bsp.a(altera_avalon_uart_fd.o)
 .debug_frame   0x00000350       0x9c ../lab10_bsp/\libhal_bsp.a(altera_avalon_uart_init.o)
 .debug_frame   0x000003ec       0x48 ../lab10_bsp/\libhal_bsp.a(altera_avalon_uart_read.o)
 .debug_frame   0x00000434       0x48 ../lab10_bsp/\libhal_bsp.a(altera_avalon_uart_write.o)
 .debug_frame   0x0000047c       0x2c ../lab10_bsp/\libhal_bsp.a(alt_alarm_start.o)
 .debug_frame   0x000004a8       0x48 ../lab10_bsp/\libhal_bsp.a(alt_close.o)
 .debug_frame   0x000004f0       0x2c ../lab10_bsp/\libhal_bsp.a(alt_dcache_flush_all.o)
 .debug_frame   0x0000051c       0x2c ../lab10_bsp/\libhal_bsp.a(alt_dev.o)
 .debug_frame   0x00000548       0x48 ../lab10_bsp/\libhal_bsp.a(alt_dev_llist_insert.o)
 .debug_frame   0x00000590       0x2c ../lab10_bsp/\libhal_bsp.a(alt_do_ctors.o)
 .debug_frame   0x000005bc       0x2c ../lab10_bsp/\libhal_bsp.a(alt_do_dtors.o)
 .debug_frame   0x000005e8       0x2c ../lab10_bsp/\libhal_bsp.a(alt_icache_flush_all.o)
 .debug_frame   0x00000614       0x80 ../lab10_bsp/\libhal_bsp.a(alt_iic.o)
 .debug_frame   0x00000694       0x2c ../lab10_bsp/\libhal_bsp.a(alt_iic_isr_register.o)
 .debug_frame   0x000006c0       0x48 ../lab10_bsp/\libhal_bsp.a(alt_io_redirect.o)
 .debug_frame   0x00000708       0x2c ../lab10_bsp/\libhal_bsp.a(alt_irq_handler.o)
 .debug_frame   0x00000734       0x64 ../lab10_bsp/\libhal_bsp.a(alt_open.o)
 .debug_frame   0x00000798       0x2c ../lab10_bsp/\libhal_bsp.a(alt_release_fd.o)
 .debug_frame   0x000007c4       0x48 ../lab10_bsp/\libhal_bsp.a(alt_tick.o)
 .debug_frame   0x0000080c       0x2c ../lab10_bsp/\libhal_bsp.a(altera_nios2_qsys_irq.o)
 .debug_frame   0x00000838       0x2c ../lab10_bsp/\libhal_bsp.a(alt_find_dev.o)
 .debug_frame   0x00000864       0x2c ../lab10_bsp/\libhal_bsp.a(alt_find_file.o)
 .debug_frame   0x00000890       0x2c ../lab10_bsp/\libhal_bsp.a(alt_get_fd.o)
 .debug_frame   0x000008bc       0x2c ../lab10_bsp/\libhal_bsp.a(alt_icache_flush.o)
 .debug_frame   0x000008e8       0x20 c:/altera/12.0/nios2eds/bin/gnu/h-i686-mingw32/bin/../lib/gcc/nios2-elf/4.1.2/../../../../nios2-elf/lib\libc.a(lib_a-atexit.o)
 .debug_frame   0x00000908       0x28 c:/altera/12.0/nios2eds/bin/gnu/h-i686-mingw32/bin/../lib/gcc/nios2-elf/4.1.2/../../../../nios2-elf/lib\libc.a(lib_a-exit.o)
 .debug_frame   0x00000930       0x20 c:/altera/12.0/nios2eds/bin/gnu/h-i686-mingw32/bin/../lib/gcc/nios2-elf/4.1.2/../../../../nios2-elf/lib\libc.a(lib_a-memcmp.o)
 .debug_frame   0x00000950       0x20 c:/altera/12.0/nios2eds/bin/gnu/h-i686-mingw32/bin/../lib/gcc/nios2-elf/4.1.2/../../../../nios2-elf/lib\libc.a(lib_a-memcpy.o)
 .debug_frame   0x00000970       0x20 c:/altera/12.0/nios2eds/bin/gnu/h-i686-mingw32/bin/../lib/gcc/nios2-elf/4.1.2/../../../../nios2-elf/lib\libc.a(lib_a-strlen.o)
 .debug_frame   0x00000990       0x34 c:/altera/12.0/nios2eds/bin/gnu/h-i686-mingw32/bin/../lib/gcc/nios2-elf/4.1.2/../../../../nios2-elf/lib\libc.a(lib_a-__atexit.o)
 .debug_frame   0x000009c4       0x4c c:/altera/12.0/nios2eds/bin/gnu/h-i686-mingw32/bin/../lib/gcc/nios2-elf/4.1.2/../../../../nios2-elf/lib\libc.a(lib_a-__call_atexit.o)
 .debug_frame   0x00000a10       0x48 ../lab10_bsp/\libhal_bsp.a(alt_exit.o)

.debug_str      0x00000000      0xb12
 *(.debug_str)
 .debug_str     0x00000000       0x12 obj/default/lab10.o
 .debug_str     0x00000012       0x12 ../lab10_bsp/\libhal_bsp.a(alt_load.o)
 .debug_str     0x00000024       0x12 ../lab10_bsp/\libhal_bsp.a(alt_main.o)
 .debug_str     0x00000036       0x12 ../lab10_bsp/\libhal_bsp.a(alt_sys_init.o)
 .debug_str     0x00000048       0x12 ../lab10_bsp/\libhal_bsp.a(altera_avalon_jtag_uart_fd.o)
 .debug_str     0x0000005a       0x1a ../lab10_bsp/\libhal_bsp.a(altera_avalon_jtag_uart_init.o)
 .debug_str     0x00000074       0x12 ../lab10_bsp/\libhal_bsp.a(altera_avalon_jtag_uart_ioctl.o)
 .debug_str     0x00000086       0x1a ../lab10_bsp/\libhal_bsp.a(altera_avalon_jtag_uart_read.o)
 .debug_str     0x000000a0       0x1a ../lab10_bsp/\libhal_bsp.a(altera_avalon_jtag_uart_write.o)
 .debug_str     0x000000ba       0x12 ../lab10_bsp/\libhal_bsp.a(altera_avalon_timer_sc.o)
 .debug_str     0x000000cc       0x12 ../lab10_bsp/\libhal_bsp.a(altera_avalon_uart_fd.o)
 .debug_str     0x000000de       0x19 ../lab10_bsp/\libhal_bsp.a(altera_avalon_uart_init.o)
 .debug_str     0x000000f7       0x1a ../lab10_bsp/\libhal_bsp.a(altera_avalon_uart_read.o)
 .debug_str     0x00000111       0x1a ../lab10_bsp/\libhal_bsp.a(altera_avalon_uart_write.o)
 .debug_str     0x0000012b       0x23 ../lab10_bsp/\libhal_bsp.a(alt_alarm_start.o)
 .debug_str     0x0000014e       0x12 ../lab10_bsp/\libhal_bsp.a(alt_close.o)
 .debug_str     0x00000160       0x12 ../lab10_bsp/\libhal_bsp.a(alt_dcache_flush_all.o)
 .debug_str     0x00000172       0x12 ../lab10_bsp/\libhal_bsp.a(alt_dev.o)
 .debug_str     0x00000184       0x12 ../lab10_bsp/\libhal_bsp.a(alt_dev_llist_insert.o)
 .debug_str     0x00000196       0x12 ../lab10_bsp/\libhal_bsp.a(alt_errno.o)
 .debug_str     0x000001a8       0x12 ../lab10_bsp/\libhal_bsp.a(alt_icache_flush_all.o)
 .debug_str     0x000001ba       0x18 ../lab10_bsp/\libhal_bsp.a(alt_iic.o)
 .debug_str     0x000001d2       0x1a ../lab10_bsp/\libhal_bsp.a(alt_iic_isr_register.o)
 .debug_str     0x000001ec       0x12 ../lab10_bsp/\libhal_bsp.a(alt_io_redirect.o)
 .debug_str     0x000001fe       0x12 ../lab10_bsp/\libhal_bsp.a(alt_irq_handler.o)
 .debug_str     0x00000210       0x12 ../lab10_bsp/\libhal_bsp.a(alt_open.o)
 .debug_str     0x00000222       0x1a ../lab10_bsp/\libhal_bsp.a(alt_tick.o)
 .debug_str     0x0000023c       0x12 ../lab10_bsp/\libhal_bsp.a(altera_nios2_qsys_irq.o)
 .debug_str     0x0000024e       0x12 ../lab10_bsp/\libhal_bsp.a(alt_find_dev.o)
 .debug_str     0x00000260       0x12 ../lab10_bsp/\libhal_bsp.a(alt_find_file.o)
 .debug_str     0x00000272       0x12 ../lab10_bsp/\libhal_bsp.a(alt_get_fd.o)
 .debug_str     0x00000284       0x12 ../lab10_bsp/\libhal_bsp.a(alt_icache_flush.o)
 .debug_str     0x00000296      0x176 c:/altera/12.0/nios2eds/bin/gnu/h-i686-mingw32/bin/../lib/gcc/nios2-elf/4.1.2/../../../../nios2-elf/lib\libc.a(lib_a-atexit.o)
                                0x1bc (size before relaxing)
 .debug_str     0x0000040c      0x384 c:/altera/12.0/nios2eds/bin/gnu/h-i686-mingw32/bin/../lib/gcc/nios2-elf/4.1.2/../../../../nios2-elf/lib\libc.a(lib_a-exit.o)
                                0x509 (size before relaxing)
 .debug_str     0x00000790       0xce c:/altera/12.0/nios2eds/bin/gnu/h-i686-mingw32/bin/../lib/gcc/nios2-elf/4.1.2/../../../../nios2-elf/lib\libc.a(lib_a-impure.o)
                                0x517 (size before relaxing)
 .debug_str     0x0000085e       0x3d c:/altera/12.0/nios2eds/bin/gnu/h-i686-mingw32/bin/../lib/gcc/nios2-elf/4.1.2/../../../../nios2-elf/lib\libc.a(lib_a-int_errno.o)
                                0x160 (size before relaxing)
 .debug_str     0x0000089b       0xd2 c:/altera/12.0/nios2eds/bin/gnu/h-i686-mingw32/bin/../lib/gcc/nios2-elf/4.1.2/../../../../nios2-elf/lib\libc.a(lib_a-memcmp.o)
                                0x167 (size before relaxing)
 .debug_str     0x0000096d       0x69 c:/altera/12.0/nios2eds/bin/gnu/h-i686-mingw32/bin/../lib/gcc/nios2-elf/4.1.2/../../../../nios2-elf/lib\libc.a(lib_a-memcpy.o)
                                0x125 (size before relaxing)
 .debug_str     0x000009d6       0x4f c:/altera/12.0/nios2eds/bin/gnu/h-i686-mingw32/bin/../lib/gcc/nios2-elf/4.1.2/../../../../nios2-elf/lib\libc.a(lib_a-strlen.o)
                                0x17a (size before relaxing)
 .debug_str     0x00000a25       0x56 c:/altera/12.0/nios2eds/bin/gnu/h-i686-mingw32/bin/../lib/gcc/nios2-elf/4.1.2/../../../../nios2-elf/lib\libc.a(lib_a-__atexit.o)
                                0x521 (size before relaxing)
 .debug_str     0x00000a7b       0x7b c:/altera/12.0/nios2eds/bin/gnu/h-i686-mingw32/bin/../lib/gcc/nios2-elf/4.1.2/../../../../nios2-elf/lib\libc.a(lib_a-__call_atexit.o)
                                0x54b (size before relaxing)
 .debug_str     0x00000af6       0x1c ../lab10_bsp/\libhal_bsp.a(alt_exit.o)

.debug_loc      0x00000000     0x1022
 *(.debug_loc)
 .debug_loc     0x00000000       0x57 obj/default/lab10.o
 .debug_loc     0x00000057       0x56 ../lab10_bsp/\libhal_bsp.a(alt_load.o)
 .debug_loc     0x000000ad       0x2b ../lab10_bsp/\libhal_bsp.a(alt_main.o)
 .debug_loc     0x000000d8       0x81 ../lab10_bsp/\libhal_bsp.a(alt_sys_init.o)
 .debug_loc     0x00000159       0xac ../lab10_bsp/\libhal_bsp.a(altera_avalon_jtag_uart_fd.o)
 .debug_loc     0x00000205       0xac ../lab10_bsp/\libhal_bsp.a(altera_avalon_jtag_uart_init.o)
 .debug_loc     0x000002b1       0x2b ../lab10_bsp/\libhal_bsp.a(altera_avalon_jtag_uart_ioctl.o)
 .debug_loc     0x000002dc       0x2b ../lab10_bsp/\libhal_bsp.a(altera_avalon_jtag_uart_read.o)
 .debug_loc     0x00000307       0x2b ../lab10_bsp/\libhal_bsp.a(altera_avalon_jtag_uart_write.o)
 .debug_loc     0x00000332       0x56 ../lab10_bsp/\libhal_bsp.a(altera_avalon_timer_sc.o)
 .debug_loc     0x00000388       0x81 ../lab10_bsp/\libhal_bsp.a(altera_avalon_uart_fd.o)
 .debug_loc     0x00000409       0xd7 ../lab10_bsp/\libhal_bsp.a(altera_avalon_uart_init.o)
 .debug_loc     0x000004e0       0x57 ../lab10_bsp/\libhal_bsp.a(altera_avalon_uart_read.o)
 .debug_loc     0x00000537       0x56 ../lab10_bsp/\libhal_bsp.a(altera_avalon_uart_write.o)
 .debug_loc     0x0000058d       0x2b ../lab10_bsp/\libhal_bsp.a(alt_alarm_start.o)
 .debug_loc     0x000005b8       0x56 ../lab10_bsp/\libhal_bsp.a(alt_close.o)
 .debug_loc     0x0000060e       0x2b ../lab10_bsp/\libhal_bsp.a(alt_dcache_flush_all.o)
 .debug_loc     0x00000639       0x2b ../lab10_bsp/\libhal_bsp.a(alt_dev.o)
 .debug_loc     0x00000664       0x56 ../lab10_bsp/\libhal_bsp.a(alt_dev_llist_insert.o)
 .debug_loc     0x000006ba       0x2b ../lab10_bsp/\libhal_bsp.a(alt_do_ctors.o)
 .debug_loc     0x000006e5       0x2b ../lab10_bsp/\libhal_bsp.a(alt_do_dtors.o)
 .debug_loc     0x00000710       0x2b ../lab10_bsp/\libhal_bsp.a(alt_icache_flush_all.o)
 .debug_loc     0x0000073b       0xac ../lab10_bsp/\libhal_bsp.a(alt_iic.o)
 .debug_loc     0x000007e7       0x2b ../lab10_bsp/\libhal_bsp.a(alt_iic_isr_register.o)
 .debug_loc     0x00000812       0x56 ../lab10_bsp/\libhal_bsp.a(alt_io_redirect.o)
 .debug_loc     0x00000868       0x2b ../lab10_bsp/\libhal_bsp.a(alt_irq_handler.o)
 .debug_loc     0x00000893       0x81 ../lab10_bsp/\libhal_bsp.a(alt_open.o)
 .debug_loc     0x00000914       0x2b ../lab10_bsp/\libhal_bsp.a(alt_release_fd.o)
 .debug_loc     0x0000093f       0x56 ../lab10_bsp/\libhal_bsp.a(alt_tick.o)
 .debug_loc     0x00000995       0x2b ../lab10_bsp/\libhal_bsp.a(altera_nios2_qsys_irq.o)
 .debug_loc     0x000009c0       0x2b ../lab10_bsp/\libhal_bsp.a(alt_find_dev.o)
 .debug_loc     0x000009eb       0x2b ../lab10_bsp/\libhal_bsp.a(alt_find_file.o)
 .debug_loc     0x00000a16       0x2b ../lab10_bsp/\libhal_bsp.a(alt_get_fd.o)
 .debug_loc     0x00000a41       0x2b ../lab10_bsp/\libhal_bsp.a(alt_icache_flush.o)
 .debug_loc     0x00000a6c       0x1e c:/altera/12.0/nios2eds/bin/gnu/h-i686-mingw32/bin/../lib/gcc/nios2-elf/4.1.2/../../../../nios2-elf/lib\libc.a(lib_a-atexit.o)
 .debug_loc     0x00000a8a       0x3d c:/altera/12.0/nios2eds/bin/gnu/h-i686-mingw32/bin/../lib/gcc/nios2-elf/4.1.2/../../../../nios2-elf/lib\libc.a(lib_a-exit.o)
 .debug_loc     0x00000ac7      0x114 c:/altera/12.0/nios2eds/bin/gnu/h-i686-mingw32/bin/../lib/gcc/nios2-elf/4.1.2/../../../../nios2-elf/lib\libc.a(lib_a-memcmp.o)
 .debug_loc     0x00000bdb       0xca c:/altera/12.0/nios2eds/bin/gnu/h-i686-mingw32/bin/../lib/gcc/nios2-elf/4.1.2/../../../../nios2-elf/lib\libc.a(lib_a-memcpy.o)
 .debug_loc     0x00000ca5       0x3c c:/altera/12.0/nios2eds/bin/gnu/h-i686-mingw32/bin/../lib/gcc/nios2-elf/4.1.2/../../../../nios2-elf/lib\libc.a(lib_a-strlen.o)
 .debug_loc     0x00000ce1      0x120 c:/altera/12.0/nios2eds/bin/gnu/h-i686-mingw32/bin/../lib/gcc/nios2-elf/4.1.2/../../../../nios2-elf/lib\libc.a(lib_a-__atexit.o)
 .debug_loc     0x00000e01      0x1cb c:/altera/12.0/nios2eds/bin/gnu/h-i686-mingw32/bin/../lib/gcc/nios2-elf/4.1.2/../../../../nios2-elf/lib\libc.a(lib_a-__call_atexit.o)
 .debug_loc     0x00000fcc       0x56 ../lab10_bsp/\libhal_bsp.a(alt_exit.o)

.debug_macinfo
 *(.debug_macinfo)

.debug_weaknames
 *(.debug_weaknames)

.debug_funcnames
 *(.debug_funcnames)

.debug_typenames
 *(.debug_typenames)

.debug_varnames
 *(.debug_varnames)

.debug_alt_sim_info
                0x00000000       0x20
 *(.debug_alt_sim_info)
 .debug_alt_sim_info
                0x00000000       0x20 ../lab10_bsp//obj/HAL/src/crt0.o
                0x00800000                __alt_data_end = 0x800000
                0x00800000                PROVIDE (__alt_stack_pointer, __alt_data_end)
                0x00006578                PROVIDE (__alt_stack_limit, __alt_stack_base)
                0x00006578                PROVIDE (__alt_heap_start, end)
                0x00800000                PROVIDE (__alt_heap_limit, 0x800000)
OUTPUT(lab10.elf elf32-littlenios2)

.debug_ranges   0x00000000       0x90
 .debug_ranges  0x00000000       0x20 ../lab10_bsp//obj/HAL/src/crt0.o
 .debug_ranges  0x00000020       0x28 ../lab10_bsp/\libhal_bsp.a(alt_irq_entry.o)
 .debug_ranges  0x00000048       0x30 ../lab10_bsp/\libhal_bsp.a(alt_exception_entry.o)
 .debug_ranges  0x00000078       0x18 c:/altera/12.0/nios2eds/bin/gnu/h-i686-mingw32/bin/../lib/gcc/nios2-elf/4.1.2/../../../../nios2-elf/lib\libc.a(lib_a-__call_atexit.o)
