Archive member included because of file (symbol)

../lab7mini_bsp/\libhal_bsp.a(alt_load.o)
                              ../lab7mini_bsp//obj/HAL/src/crt0.o (alt_load)
../lab7mini_bsp/\libhal_bsp.a(alt_main.o)
                              ../lab7mini_bsp//obj/HAL/src/crt0.o (alt_main)
../lab7mini_bsp/\libhal_bsp.a(alt_sys_init.o)
                              ../lab7mini_bsp/\libhal_bsp.a(alt_main.o) (alt_irq_init)
../lab7mini_bsp/\libhal_bsp.a(altera_avalon_jtag_uart_fd.o)
                              ../lab7mini_bsp/\libhal_bsp.a(alt_sys_init.o) (altera_avalon_jtag_uart_read_fd)
../lab7mini_bsp/\libhal_bsp.a(altera_avalon_jtag_uart_init.o)
                              ../lab7mini_bsp/\libhal_bsp.a(alt_sys_init.o) (altera_avalon_jtag_uart_init)
../lab7mini_bsp/\libhal_bsp.a(altera_avalon_jtag_uart_ioctl.o)
                              ../lab7mini_bsp/\libhal_bsp.a(altera_avalon_jtag_uart_fd.o) (altera_avalon_jtag_uart_ioctl)
../lab7mini_bsp/\libhal_bsp.a(altera_avalon_jtag_uart_read.o)
                              ../lab7mini_bsp/\libhal_bsp.a(altera_avalon_jtag_uart_fd.o) (altera_avalon_jtag_uart_read)
../lab7mini_bsp/\libhal_bsp.a(altera_avalon_jtag_uart_write.o)
                              ../lab7mini_bsp/\libhal_bsp.a(altera_avalon_jtag_uart_fd.o) (altera_avalon_jtag_uart_write)
../lab7mini_bsp/\libhal_bsp.a(altera_avalon_timer_sc.o)
                              ../lab7mini_bsp/\libhal_bsp.a(alt_sys_init.o) (alt_avalon_timer_sc_init)
../lab7mini_bsp/\libhal_bsp.a(altera_avalon_uart_fd.o)
                              ../lab7mini_bsp/\libhal_bsp.a(alt_sys_init.o) (altera_avalon_uart_read_fd)
../lab7mini_bsp/\libhal_bsp.a(altera_avalon_uart_init.o)
                              ../lab7mini_bsp/\libhal_bsp.a(alt_sys_init.o) (altera_avalon_uart_init)
../lab7mini_bsp/\libhal_bsp.a(altera_avalon_uart_read.o)
                              ../lab7mini_bsp/\libhal_bsp.a(altera_avalon_uart_fd.o) (altera_avalon_uart_read)
../lab7mini_bsp/\libhal_bsp.a(altera_avalon_uart_write.o)
                              ../lab7mini_bsp/\libhal_bsp.a(altera_avalon_uart_fd.o) (altera_avalon_uart_write)
../lab7mini_bsp/\libhal_bsp.a(alt_alarm_start.o)
                              ../lab7mini_bsp/\libhal_bsp.a(altera_avalon_jtag_uart_init.o) (alt_alarm_start)
../lab7mini_bsp/\libhal_bsp.a(alt_close.o)
                              ../lab7mini_bsp/\libhal_bsp.a(alt_main.o) (close)
../lab7mini_bsp/\libhal_bsp.a(alt_dcache_flush_all.o)
                              ../lab7mini_bsp/\libhal_bsp.a(alt_load.o) (alt_dcache_flush_all)
../lab7mini_bsp/\libhal_bsp.a(alt_dev.o)
                              ../lab7mini_bsp/\libhal_bsp.a(alt_sys_init.o) (alt_dev_list)
../lab7mini_bsp/\libhal_bsp.a(alt_dev_llist_insert.o)
                              ../lab7mini_bsp/\libhal_bsp.a(alt_sys_init.o) (alt_dev_llist_insert)
../lab7mini_bsp/\libhal_bsp.a(alt_do_ctors.o)
                              ../lab7mini_bsp/\libhal_bsp.a(alt_main.o) (_do_ctors)
../lab7mini_bsp/\libhal_bsp.a(alt_do_dtors.o)
                              ../lab7mini_bsp/\libhal_bsp.a(alt_main.o) (_do_dtors)
../lab7mini_bsp/\libhal_bsp.a(alt_errno.o)
                              ../lab7mini_bsp/\libhal_bsp.a(altera_avalon_uart_read.o) (alt_errno)
../lab7mini_bsp/\libhal_bsp.a(alt_icache_flush_all.o)
                              ../lab7mini_bsp/\libhal_bsp.a(alt_load.o) (alt_icache_flush_all)
../lab7mini_bsp/\libhal_bsp.a(alt_iic.o)
                              ../lab7mini_bsp/\libhal_bsp.a(altera_avalon_jtag_uart_init.o) (alt_ic_isr_register)
../lab7mini_bsp/\libhal_bsp.a(alt_iic_isr_register.o)
                              ../lab7mini_bsp/\libhal_bsp.a(alt_iic.o) (alt_iic_isr_register)
../lab7mini_bsp/\libhal_bsp.a(alt_io_redirect.o)
                              ../lab7mini_bsp/\libhal_bsp.a(alt_main.o) (alt_io_redirect)
../lab7mini_bsp/\libhal_bsp.a(alt_irq_entry.o)
                              ../lab7mini_bsp/\libhal_bsp.a(alt_iic_isr_register.o) (alt_irq_entry)
../lab7mini_bsp/\libhal_bsp.a(alt_irq_handler.o)
                              ../lab7mini_bsp/\libhal_bsp.a(alt_iic_isr_register.o) (alt_irq_handler)
../lab7mini_bsp/\libhal_bsp.a(alt_irq_vars.o)
                              ../lab7mini_bsp/\libhal_bsp.a(alt_iic.o) (alt_irq_active)
../lab7mini_bsp/\libhal_bsp.a(alt_open.o)
                              ../lab7mini_bsp/\libhal_bsp.a(alt_io_redirect.o) (open)
../lab7mini_bsp/\libhal_bsp.a(alt_release_fd.o)
                              ../lab7mini_bsp/\libhal_bsp.a(alt_close.o) (alt_release_fd)
../lab7mini_bsp/\libhal_bsp.a(alt_tick.o)
                              ../lab7mini_bsp/\libhal_bsp.a(altera_avalon_jtag_uart_init.o) (_alt_tick_rate)
../lab7mini_bsp/\libhal_bsp.a(altera_nios2_qsys_irq.o)
                              ../lab7mini_bsp/\libhal_bsp.a(alt_sys_init.o) (altera_nios2_qsys_irq_init)
../lab7mini_bsp/\libhal_bsp.a(alt_exception_entry.o)
                              ../lab7mini_bsp/\libhal_bsp.a(alt_irq_entry.o) (alt_exception)
../lab7mini_bsp/\libhal_bsp.a(alt_find_dev.o)
                              ../lab7mini_bsp/\libhal_bsp.a(alt_open.o) (alt_find_dev)
../lab7mini_bsp/\libhal_bsp.a(alt_find_file.o)
                              ../lab7mini_bsp/\libhal_bsp.a(alt_open.o) (alt_find_file)
../lab7mini_bsp/\libhal_bsp.a(alt_get_fd.o)
                              ../lab7mini_bsp/\libhal_bsp.a(alt_open.o) (alt_get_fd)
../lab7mini_bsp/\libhal_bsp.a(alt_icache_flush.o)
                              ../lab7mini_bsp/\libhal_bsp.a(alt_icache_flush_all.o) (alt_icache_flush)
c:/altera/12.0/nios2eds/bin/gnu/h-i686-mingw32/bin/../lib/gcc/nios2-elf/4.1.2/../../../../nios2-elf/lib\libc.a(lib_a-atexit.o)
                              ../lab7mini_bsp/\libhal_bsp.a(alt_main.o) (atexit)
c:/altera/12.0/nios2eds/bin/gnu/h-i686-mingw32/bin/../lib/gcc/nios2-elf/4.1.2/../../../../nios2-elf/lib\libc.a(lib_a-exit.o)
                              ../lab7mini_bsp/\libhal_bsp.a(alt_main.o) (exit)
c:/altera/12.0/nios2eds/bin/gnu/h-i686-mingw32/bin/../lib/gcc/nios2-elf/4.1.2/../../../../nios2-elf/lib\libc.a(lib_a-impure.o)
                              c:/altera/12.0/nios2eds/bin/gnu/h-i686-mingw32/bin/../lib/gcc/nios2-elf/4.1.2/../../../../nios2-elf/lib\libc.a(lib_a-exit.o) (_global_impure_ptr)
c:/altera/12.0/nios2eds/bin/gnu/h-i686-mingw32/bin/../lib/gcc/nios2-elf/4.1.2/../../../../nios2-elf/lib\libc.a(lib_a-int_errno.o)
                              ../lab7mini_bsp/\libhal_bsp.a(altera_avalon_uart_read.o) (errno)
c:/altera/12.0/nios2eds/bin/gnu/h-i686-mingw32/bin/../lib/gcc/nios2-elf/4.1.2/../../../../nios2-elf/lib\libc.a(lib_a-memcmp.o)
                              ../lab7mini_bsp/\libhal_bsp.a(alt_find_dev.o) (memcmp)
c:/altera/12.0/nios2eds/bin/gnu/h-i686-mingw32/bin/../lib/gcc/nios2-elf/4.1.2/../../../../nios2-elf/lib\libc.a(lib_a-memcpy.o)
                              ../lab7mini_bsp/\libhal_bsp.a(altera_avalon_jtag_uart_read.o) (memcpy)
c:/altera/12.0/nios2eds/bin/gnu/h-i686-mingw32/bin/../lib/gcc/nios2-elf/4.1.2/../../../../nios2-elf/lib\libc.a(lib_a-strlen.o)
                              ../lab7mini_bsp/\libhal_bsp.a(alt_find_dev.o) (strlen)
c:/altera/12.0/nios2eds/bin/gnu/h-i686-mingw32/bin/../lib/gcc/nios2-elf/4.1.2/../../../../nios2-elf/lib\libc.a(lib_a-__atexit.o)
                              c:/altera/12.0/nios2eds/bin/gnu/h-i686-mingw32/bin/../lib/gcc/nios2-elf/4.1.2/../../../../nios2-elf/lib\libc.a(lib_a-atexit.o) (__register_exitproc)
c:/altera/12.0/nios2eds/bin/gnu/h-i686-mingw32/bin/../lib/gcc/nios2-elf/4.1.2/../../../../nios2-elf/lib\libc.a(lib_a-__call_atexit.o)
                              c:/altera/12.0/nios2eds/bin/gnu/h-i686-mingw32/bin/../lib/gcc/nios2-elf/4.1.2/../../../../nios2-elf/lib\libc.a(lib_a-exit.o) (__call_exitprocs)
../lab7mini_bsp/\libhal_bsp.a(alt_exit.o)
                              c:/altera/12.0/nios2eds/bin/gnu/h-i686-mingw32/bin/../lib/gcc/nios2-elf/4.1.2/../../../../nios2-elf/lib\libc.a(lib_a-exit.o) (_exit)

Allocating common symbols
Common symbol       size              file

alt_irq             0x100             ../lab7mini_bsp/\libhal_bsp.a(alt_irq_handler.o)
errno               0x4               c:/altera/12.0/nios2eds/bin/gnu/h-i686-mingw32/bin/../lib/gcc/nios2-elf/4.1.2/../../../../nios2-elf/lib\libc.a(lib_a-int_errno.o)
_atexit0            0x190             c:/altera/12.0/nios2eds/bin/gnu/h-i686-mingw32/bin/../lib/gcc/nios2-elf/4.1.2/../../../../nios2-elf/lib\libc.a(lib_a-atexit.o)

Memory Configuration

Name             Origin             Length             Attributes
reset            0x00000000         0x00000020
sdram            0x00000020         0x007fffe0
*default*        0x00000000         0xffffffff

Linker script and memory map

LOAD ../lab7mini_bsp//obj/HAL/src/crt0.o
LOAD obj/default/lab7mini.o
LOAD c:/altera/12.0/nios2eds/bin/gnu/h-i686-mingw32/bin/../lib/gcc/nios2-elf/4.1.2/../../../../nios2-elf/lib\libstdc++.a
LOAD c:/altera/12.0/nios2eds/bin/gnu/h-i686-mingw32/bin/../lib/gcc/nios2-elf/4.1.2/../../../../nios2-elf/lib\libm.a
LOAD c:/altera/12.0/nios2eds/bin/gnu/h-i686-mingw32/bin/../lib/gcc/nios2-elf/4.1.2\libgcc.a
START GROUP
LOAD c:/altera/12.0/nios2eds/bin/gnu/h-i686-mingw32/bin/../lib/gcc/nios2-elf/4.1.2/../../../../nios2-elf/lib\libc.a
LOAD c:/altera/12.0/nios2eds/bin/gnu/h-i686-mingw32/bin/../lib/gcc/nios2-elf/4.1.2\libgcc.a
LOAD ../lab7mini_bsp/\libhal_bsp.a
END GROUP
LOAD c:/altera/12.0/nios2eds/bin/gnu/h-i686-mingw32/bin/../lib/gcc/nios2-elf/4.1.2\libgcc.a
                0x00000000                __alt_mem_sdram = 0x0

.entry          0x00000000       0x20
 *(.entry)
 .entry         0x00000000       0x20 ../lab7mini_bsp//obj/HAL/src/crt0.o
                0x00000000                __reset

.exceptions     0x00000020      0x194
                0x00000020                PROVIDE (__ram_exceptions_start, ABSOLUTE (.))
                0x00000020                . = ALIGN (0x20)
 *(.irq)
 *(.exceptions.entry.label)
 .exceptions.entry.label
                0x00000020        0x0 ../lab7mini_bsp/\libhal_bsp.a(alt_irq_entry.o)
                0x00000020                alt_irq_entry
 .exceptions.entry.label
                0x00000020        0x0 ../lab7mini_bsp/\libhal_bsp.a(alt_exception_entry.o)
                0x00000020                alt_exception
 *(.exceptions.entry.user)
 *(.exceptions.entry)
 .exceptions.entry
                0x00000020       0x54 ../lab7mini_bsp/\libhal_bsp.a(alt_exception_entry.o)
 *(.exceptions.irqtest.user)
 *(.exceptions.irqtest)
 .exceptions.irqtest
                0x00000074       0x10 ../lab7mini_bsp/\libhal_bsp.a(alt_irq_entry.o)
 *(.exceptions.irqhandler.user)
 *(.exceptions.irqhandler)
 .exceptions.irqhandler
                0x00000084        0x4 ../lab7mini_bsp/\libhal_bsp.a(alt_irq_entry.o)
 *(.exceptions.irqreturn.user)
 *(.exceptions.irqreturn)
 .exceptions.irqreturn
                0x00000088        0x4 ../lab7mini_bsp/\libhal_bsp.a(alt_irq_entry.o)
 *(.exceptions.notirq.label)
 .exceptions.notirq.label
                0x0000008c        0x0 ../lab7mini_bsp/\libhal_bsp.a(alt_irq_entry.o)
 *(.exceptions.notirq.user)
 *(.exceptions.notirq)
 .exceptions.notirq
                0x0000008c        0x8 ../lab7mini_bsp/\libhal_bsp.a(alt_exception_entry.o)
 *(.exceptions.soft.user)
 *(.exceptions.soft)
 *(.exceptions.unknown.user)
 *(.exceptions.unknown)
 .exceptions.unknown
                0x00000094        0x4 ../lab7mini_bsp/\libhal_bsp.a(alt_exception_entry.o)
 *(.exceptions.exit.label)
 .exceptions.exit.label
                0x00000098        0x0 ../lab7mini_bsp/\libhal_bsp.a(alt_irq_entry.o)
 .exceptions.exit.label
                0x00000098        0x0 ../lab7mini_bsp/\libhal_bsp.a(alt_exception_entry.o)
 *(.exceptions.exit.user)
 *(.exceptions.exit)
 .exceptions.exit
                0x00000098       0x54 ../lab7mini_bsp/\libhal_bsp.a(alt_exception_entry.o)
 *(.exceptions)
 .exceptions    0x000000ec       0xc8 ../lab7mini_bsp/\libhal_bsp.a(alt_irq_handler.o)
                0x000000ec                alt_irq_handler
                0x000001b4                PROVIDE (__ram_exceptions_end, ABSOLUTE (.))
                0x00000020                PROVIDE (__flash_exceptions_start, LOADADDR (.exceptions))

.text           0x000001b4     0x2f98
                0x000001b4                PROVIDE (stext, ABSOLUTE (.))
 *(.interp)
 *(.hash)
 *(.dynsym)
 *(.dynstr)
 *(.gnu.version)
 *(.gnu.version_d)
 *(.gnu.version_r)
 *(.rel.init)
 *(.rela.init)
 *(.rel.text .rel.text.* .rel.gnu.linkonce.t.*)
 *(.rela.text .rela.text.* .rela.gnu.linkonce.t.*)
 *(.rel.fini)
 *(.rela.fini)
 *(.rel.rodata .rel.rodata.* .rel.gnu.linkonce.r.*)
 *(.rela.rodata .rela.rodata.* .rela.gnu.linkonce.r.*)
 *(.rel.data .rel.data.* .rel.gnu.linkonce.d.*)
 *(.rela.data .rela.data.* .rela.gnu.linkonce.d.*)
 *(.rel.tdata .rel.tdata.* .rel.gnu.linkonce.td.*)
 *(.rela.tdata .rela.tdata.* .rela.gnu.linkonce.td.*)
 *(.rel.tbss .rel.tbss.* .rel.gnu.linkonce.tb.*)
 *(.rela.tbss .rela.tbss.* .rela.gnu.linkonce.tb.*)
 *(.rel.ctors)
 *(.rela.ctors)
 *(.rel.dtors)
 *(.rela.dtors)
 *(.rel.got)
 *(.rela.got)
 *(.rel.sdata .rel.sdata.* .rel.gnu.linkonce.s.*)
 *(.rela.sdata .rela.sdata.* .rela.gnu.linkonce.s.*)
 *(.rel.sbss .rel.sbss.* .rel.gnu.linkonce.sb.*)
 *(.rela.sbss .rela.sbss.* .rela.gnu.linkonce.sb.*)
 *(.rel.sdata2 .rel.sdata2.* .rel.gnu.linkonce.s2.*)
 *(.rela.sdata2 .rela.sdata2.* .rela.gnu.linkonce.s2.*)
 *(.rel.sbss2 .rel.sbss2.* .rel.gnu.linkonce.sb2.*)
 *(.rela.sbss2 .rela.sbss2.* .rela.gnu.linkonce.sb2.*)
 *(.rel.bss .rel.bss.* .rel.gnu.linkonce.b.*)
 *(.rela.bss .rela.bss.* .rela.gnu.linkonce.b.*)
 *(.rel.plt)
 *(.rela.plt)
 *(.rel.dyn)
 *(.init)
 *(.plt)
 *(.text .stub .text.* .gnu.linkonce.t.*)
 .text          0x000001b4       0x3c ../lab7mini_bsp//obj/HAL/src/crt0.o
                0x000001b4                _start
 .text          0x000001f0      0x190 obj/default/lab7mini.o
                0x000001f0                main
 .text          0x00000380       0xec ../lab7mini_bsp/\libhal_bsp.a(alt_load.o)
                0x00000380                alt_load
 .text          0x0000046c       0x6c ../lab7mini_bsp/\libhal_bsp.a(alt_main.o)
                0x0000046c                alt_main
 .text          0x000004d8      0x108 ../lab7mini_bsp/\libhal_bsp.a(alt_sys_init.o)
                0x000004d8                alt_irq_init
                0x0000050c                alt_sys_init
 .text          0x000005e0      0x148 ../lab7mini_bsp/\libhal_bsp.a(altera_avalon_jtag_uart_fd.o)
                0x000005e0                altera_avalon_jtag_uart_read_fd
                0x00000638                altera_avalon_jtag_uart_write_fd
                0x00000690                altera_avalon_jtag_uart_close_fd
                0x000006d8                altera_avalon_jtag_uart_ioctl_fd
 .text          0x00000728      0x40c ../lab7mini_bsp/\libhal_bsp.a(altera_avalon_jtag_uart_init.o)
                0x00000728                altera_avalon_jtag_uart_init
                0x00000ac0                altera_avalon_jtag_uart_close
 .text          0x00000b34       0xf4 ../lab7mini_bsp/\libhal_bsp.a(altera_avalon_jtag_uart_ioctl.o)
                0x00000b34                altera_avalon_jtag_uart_ioctl
 .text          0x00000c28      0x224 ../lab7mini_bsp/\libhal_bsp.a(altera_avalon_jtag_uart_read.o)
                0x00000c28                altera_avalon_jtag_uart_read
 .text          0x00000e4c      0x240 ../lab7mini_bsp/\libhal_bsp.a(altera_avalon_jtag_uart_write.o)
                0x00000e4c                altera_avalon_jtag_uart_write
 .text          0x0000108c      0x100 ../lab7mini_bsp/\libhal_bsp.a(altera_avalon_timer_sc.o)
                0x000010fc                alt_avalon_timer_sc_init
 .text          0x0000118c       0xf8 ../lab7mini_bsp/\libhal_bsp.a(altera_avalon_uart_fd.o)
                0x0000118c                altera_avalon_uart_read_fd
                0x000011e4                altera_avalon_uart_write_fd
                0x0000123c                altera_avalon_uart_close_fd
 .text          0x00001284      0x400 ../lab7mini_bsp/\libhal_bsp.a(altera_avalon_uart_init.o)
                0x00001284                altera_avalon_uart_init
                0x00001624                altera_avalon_uart_close
 .text          0x00001684      0x290 ../lab7mini_bsp/\libhal_bsp.a(altera_avalon_uart_read.o)
                0x00001684                altera_avalon_uart_read
 .text          0x00001914      0x228 ../lab7mini_bsp/\libhal_bsp.a(altera_avalon_uart_write.o)
                0x00001914                altera_avalon_uart_write
 .text          0x00001b3c      0x154 ../lab7mini_bsp/\libhal_bsp.a(alt_alarm_start.o)
                0x00001b3c                alt_alarm_start
 .text          0x00001c90      0x15c ../lab7mini_bsp/\libhal_bsp.a(alt_close.o)
                0x00001c90                close
 .text          0x00001dec       0x1c ../lab7mini_bsp/\libhal_bsp.a(alt_dcache_flush_all.o)
                0x00001dec                alt_dcache_flush_all
 .text          0x00001e08       0x2c ../lab7mini_bsp/\libhal_bsp.a(alt_dev.o)
 .text          0x00001e34      0x114 ../lab7mini_bsp/\libhal_bsp.a(alt_dev_llist_insert.o)
                0x00001e34                alt_dev_llist_insert
 .text          0x00001f48       0x64 ../lab7mini_bsp/\libhal_bsp.a(alt_do_ctors.o)
                0x00001f48                _do_ctors
 .text          0x00001fac       0x64 ../lab7mini_bsp/\libhal_bsp.a(alt_do_dtors.o)
                0x00001fac                _do_dtors
 .text          0x00002010        0x0 ../lab7mini_bsp/\libhal_bsp.a(alt_errno.o)
 .text          0x00002010       0x30 ../lab7mini_bsp/\libhal_bsp.a(alt_icache_flush_all.o)
                0x00002010                alt_icache_flush_all
 .text          0x00002040      0x1d4 ../lab7mini_bsp/\libhal_bsp.a(alt_iic.o)
                0x00002040                alt_ic_isr_register
                0x00002090                alt_ic_irq_enable
                0x0000212c                alt_ic_irq_disable
                0x000021cc                alt_ic_irq_enabled
 .text          0x00002214       0xf8 ../lab7mini_bsp/\libhal_bsp.a(alt_iic_isr_register.o)
                0x00002214                alt_iic_isr_register
 .text          0x0000230c      0x13c ../lab7mini_bsp/\libhal_bsp.a(alt_io_redirect.o)
                0x000023d0                alt_io_redirect
 .text          0x00002448        0x0 ../lab7mini_bsp/\libhal_bsp.a(alt_irq_entry.o)
 .text          0x00002448        0x0 ../lab7mini_bsp/\libhal_bsp.a(alt_irq_handler.o)
 .text          0x00002448        0x0 ../lab7mini_bsp/\libhal_bsp.a(alt_irq_vars.o)
 .text          0x00002448      0x2c4 ../lab7mini_bsp/\libhal_bsp.a(alt_open.o)
                0x00002524                open
 .text          0x0000270c       0x60 ../lab7mini_bsp/\libhal_bsp.a(alt_release_fd.o)
                0x0000270c                alt_release_fd
 .text          0x0000276c      0x1a4 ../lab7mini_bsp/\libhal_bsp.a(alt_tick.o)
                0x0000276c                alt_alarm_stop
                0x00002804                alt_tick
 .text          0x00002910       0x20 ../lab7mini_bsp/\libhal_bsp.a(altera_nios2_qsys_irq.o)
                0x00002910                altera_nios2_qsys_irq_init
 .text          0x00002930        0x0 ../lab7mini_bsp/\libhal_bsp.a(alt_exception_entry.o)
 .text          0x00002930       0x94 ../lab7mini_bsp/\libhal_bsp.a(alt_find_dev.o)
                0x00002930                alt_find_dev
 .text          0x000029c4      0x120 ../lab7mini_bsp/\libhal_bsp.a(alt_find_file.o)
                0x000029c4                alt_find_file
 .text          0x00002ae4       0xb8 ../lab7mini_bsp/\libhal_bsp.a(alt_get_fd.o)
                0x00002ae4                alt_get_fd
 .text          0x00002b9c       0x90 ../lab7mini_bsp/\libhal_bsp.a(alt_icache_flush.o)
                0x00002b9c                alt_icache_flush
 .text          0x00002c2c       0x14 c:/altera/12.0/nios2eds/bin/gnu/h-i686-mingw32/bin/../lib/gcc/nios2-elf/4.1.2/../../../../nios2-elf/lib\libc.a(lib_a-atexit.o)
                0x00002c2c                atexit
 .text          0x00002c40       0x38 c:/altera/12.0/nios2eds/bin/gnu/h-i686-mingw32/bin/../lib/gcc/nios2-elf/4.1.2/../../../../nios2-elf/lib\libc.a(lib_a-exit.o)
                0x00002c40                exit
 .text          0x00002c78        0x0 c:/altera/12.0/nios2eds/bin/gnu/h-i686-mingw32/bin/../lib/gcc/nios2-elf/4.1.2/../../../../nios2-elf/lib\libc.a(lib_a-impure.o)
 .text          0x00002c78        0x0 c:/altera/12.0/nios2eds/bin/gnu/h-i686-mingw32/bin/../lib/gcc/nios2-elf/4.1.2/../../../../nios2-elf/lib\libc.a(lib_a-int_errno.o)
 .text          0x00002c78       0x74 c:/altera/12.0/nios2eds/bin/gnu/h-i686-mingw32/bin/../lib/gcc/nios2-elf/4.1.2/../../../../nios2-elf/lib\libc.a(lib_a-memcmp.o)
                0x00002c78                memcmp
 .text          0x00002cec       0xa0 c:/altera/12.0/nios2eds/bin/gnu/h-i686-mingw32/bin/../lib/gcc/nios2-elf/4.1.2/../../../../nios2-elf/lib\libc.a(lib_a-memcpy.o)
                0x00002cec                memcpy
 .text          0x00002d8c       0x74 c:/altera/12.0/nios2eds/bin/gnu/h-i686-mingw32/bin/../lib/gcc/nios2-elf/4.1.2/../../../../nios2-elf/lib\libc.a(lib_a-strlen.o)
                0x00002d8c                strlen
 .text          0x00002e00      0x134 c:/altera/12.0/nios2eds/bin/gnu/h-i686-mingw32/bin/../lib/gcc/nios2-elf/4.1.2/../../../../nios2-elf/lib\libc.a(lib_a-__atexit.o)
                0x00002e00                __register_exitproc
 .text          0x00002f34      0x1b4 c:/altera/12.0/nios2eds/bin/gnu/h-i686-mingw32/bin/../lib/gcc/nios2-elf/4.1.2/../../../../nios2-elf/lib\libc.a(lib_a-__call_atexit.o)
                0x00002f38                __call_exitprocs
 .text          0x000030e8       0x60 ../lab7mini_bsp/\libhal_bsp.a(alt_exit.o)
                0x00003128                _exit
 *(.gnu.warning.*)
 *(.fini)
                0x00003148                PROVIDE (__etext, ABSOLUTE (.))
                0x00003148                PROVIDE (_etext, ABSOLUTE (.))
                0x00003148                PROVIDE (etext, ABSOLUTE (.))
 *(.eh_frame_hdr)
                0x00003148                . = ALIGN (0x4)
                0x00003148                PROVIDE (__preinit_array_start, ABSOLUTE (.))
 *(.preinit_array)
                0x00003148                PROVIDE (__preinit_array_end, ABSOLUTE (.))
                0x00003148                PROVIDE (__init_array_start, ABSOLUTE (.))
 *(.init_array)
                0x00003148                PROVIDE (__init_array_end, ABSOLUTE (.))
                0x00003148                PROVIDE (__fini_array_start, ABSOLUTE (.))
 *(.fini_array)
                0x00003148                PROVIDE (__fini_array_end, ABSOLUTE (.))
 *(.eh_frame)
 *(.gcc_except_table)
 *(.dynamic)
                0x00003148                PROVIDE (__CTOR_LIST__, ABSOLUTE (.))
 *(.ctors)
 *(SORT(.ctors.*))
 .ctors.65535   0x00003148        0x4 c:/altera/12.0/nios2eds/bin/gnu/h-i686-mingw32/bin/../lib/gcc/nios2-elf/4.1.2/../../../../nios2-elf/lib\libc.a(lib_a-__call_atexit.o)
                0x0000314c                PROVIDE (__CTOR_END__, ABSOLUTE (.))
                0x0000314c                PROVIDE (__DTOR_LIST__, ABSOLUTE (.))
 *(.dtors)
 *(SORT(.dtors.*))
                0x0000314c                PROVIDE (__DTOR_END__, ABSOLUTE (.))
 *(.jcr)
                0x0000314c                . = ALIGN (0x4)

.rodata         0x0000314c       0x58
                0x0000314c                PROVIDE (__ram_rodata_start, ABSOLUTE (.))
                0x0000314c                . = ALIGN (0x4)
 *(.rodata .rodata.* .gnu.linkonce.r.*)
 .rodata        0x0000314c       0x10 ../lab7mini_bsp/\libhal_bsp.a(alt_main.o)
 .rodata        0x0000315c       0x38 ../lab7mini_bsp/\libhal_bsp.a(alt_sys_init.o)
 .rodata        0x00003194        0xc ../lab7mini_bsp/\libhal_bsp.a(alt_dev.o)
 .rodata.str1.4
                0x000031a0        0x4 c:/altera/12.0/nios2eds/bin/gnu/h-i686-mingw32/bin/../lib/gcc/nios2-elf/4.1.2/../../../../nios2-elf/lib\libc.a(lib_a-impure.o)
 *(.rodata1)
                0x000031a4                . = ALIGN (0x4)
                0x000031a4                PROVIDE (__ram_rodata_end, ABSOLUTE (.))
                0x0000314c                PROVIDE (__flash_rodata_start, LOADADDR (.rodata))

.rwdata         0x000031a4     0x17c8 load address 0x0000496c
                0x000031a4                PROVIDE (__ram_rwdata_start, ABSOLUTE (.))
                0x000031a4                . = ALIGN (0x4)
 *(.got.plt)
 *(.got)
 *(.data1)
 *(.data .data.* .gnu.linkonce.d.*)
 .data          0x000031a4        0x0 ../lab7mini_bsp//obj/HAL/src/crt0.o
 .data          0x000031a4        0xc obj/default/lab7mini.o
 .data          0x000031b0        0x0 ../lab7mini_bsp/\libhal_bsp.a(alt_load.o)
 .data          0x000031b0        0x0 ../lab7mini_bsp/\libhal_bsp.a(alt_main.o)
 .data          0x000031b0     0x11e8 ../lab7mini_bsp/\libhal_bsp.a(alt_sys_init.o)
 .data          0x00004398        0x0 ../lab7mini_bsp/\libhal_bsp.a(altera_avalon_jtag_uart_fd.o)
 .data          0x00004398        0x0 ../lab7mini_bsp/\libhal_bsp.a(altera_avalon_jtag_uart_init.o)
 .data          0x00004398        0x0 ../lab7mini_bsp/\libhal_bsp.a(altera_avalon_jtag_uart_ioctl.o)
 .data          0x00004398        0x0 ../lab7mini_bsp/\libhal_bsp.a(altera_avalon_jtag_uart_read.o)
 .data          0x00004398        0x0 ../lab7mini_bsp/\libhal_bsp.a(altera_avalon_jtag_uart_write.o)
 .data          0x00004398        0x0 ../lab7mini_bsp/\libhal_bsp.a(altera_avalon_timer_sc.o)
 .data          0x00004398        0x0 ../lab7mini_bsp/\libhal_bsp.a(altera_avalon_uart_fd.o)
 .data          0x00004398        0x0 ../lab7mini_bsp/\libhal_bsp.a(altera_avalon_uart_init.o)
 .data          0x00004398        0x0 ../lab7mini_bsp/\libhal_bsp.a(altera_avalon_uart_read.o)
 .data          0x00004398        0x0 ../lab7mini_bsp/\libhal_bsp.a(altera_avalon_uart_write.o)
 .data          0x00004398        0x0 ../lab7mini_bsp/\libhal_bsp.a(alt_alarm_start.o)
 .data          0x00004398        0x0 ../lab7mini_bsp/\libhal_bsp.a(alt_close.o)
 .data          0x00004398        0x0 ../lab7mini_bsp/\libhal_bsp.a(alt_dcache_flush_all.o)
 .data          0x00004398      0x1a8 ../lab7mini_bsp/\libhal_bsp.a(alt_dev.o)
                0x00004398                alt_dev_null
                0x000043c0                alt_fd_list
 .data          0x00004540        0x0 ../lab7mini_bsp/\libhal_bsp.a(alt_dev_llist_insert.o)
 .data          0x00004540        0x0 ../lab7mini_bsp/\libhal_bsp.a(alt_do_ctors.o)
 .data          0x00004540        0x0 ../lab7mini_bsp/\libhal_bsp.a(alt_do_dtors.o)
 .data          0x00004540        0x0 ../lab7mini_bsp/\libhal_bsp.a(alt_errno.o)
 .data          0x00004540        0x0 ../lab7mini_bsp/\libhal_bsp.a(alt_icache_flush_all.o)
 .data          0x00004540        0x0 ../lab7mini_bsp/\libhal_bsp.a(alt_iic.o)
 .data          0x00004540        0x0 ../lab7mini_bsp/\libhal_bsp.a(alt_iic_isr_register.o)
 .data          0x00004540        0x0 ../lab7mini_bsp/\libhal_bsp.a(alt_io_redirect.o)
 .data          0x00004540        0x0 ../lab7mini_bsp/\libhal_bsp.a(alt_irq_entry.o)
 .data          0x00004540        0x0 ../lab7mini_bsp/\libhal_bsp.a(alt_irq_handler.o)
 .data          0x00004540        0x0 ../lab7mini_bsp/\libhal_bsp.a(alt_irq_vars.o)
 .data          0x00004540        0x0 ../lab7mini_bsp/\libhal_bsp.a(alt_open.o)
 .data          0x00004540        0x0 ../lab7mini_bsp/\libhal_bsp.a(alt_release_fd.o)
 .data          0x00004540        0x0 ../lab7mini_bsp/\libhal_bsp.a(alt_tick.o)
 .data          0x00004540        0x0 ../lab7mini_bsp/\libhal_bsp.a(altera_nios2_qsys_irq.o)
 .data          0x00004540        0x0 ../lab7mini_bsp/\libhal_bsp.a(alt_exception_entry.o)
 .data          0x00004540        0x0 ../lab7mini_bsp/\libhal_bsp.a(alt_find_dev.o)
 .data          0x00004540        0x0 ../lab7mini_bsp/\libhal_bsp.a(alt_find_file.o)
 .data          0x00004540        0x0 ../lab7mini_bsp/\libhal_bsp.a(alt_get_fd.o)
 .data          0x00004540        0x0 ../lab7mini_bsp/\libhal_bsp.a(alt_icache_flush.o)
 .data          0x00004540        0x0 c:/altera/12.0/nios2eds/bin/gnu/h-i686-mingw32/bin/../lib/gcc/nios2-elf/4.1.2/../../../../nios2-elf/lib\libc.a(lib_a-atexit.o)
 .data          0x00004540        0x0 c:/altera/12.0/nios2eds/bin/gnu/h-i686-mingw32/bin/../lib/gcc/nios2-elf/4.1.2/../../../../nios2-elf/lib\libc.a(lib_a-exit.o)
 .data          0x00004540      0x400 c:/altera/12.0/nios2eds/bin/gnu/h-i686-mingw32/bin/../lib/gcc/nios2-elf/4.1.2/../../../../nios2-elf/lib\libc.a(lib_a-impure.o)
 .data          0x00004940        0x0 c:/altera/12.0/nios2eds/bin/gnu/h-i686-mingw32/bin/../lib/gcc/nios2-elf/4.1.2/../../../../nios2-elf/lib\libc.a(lib_a-int_errno.o)
 .data          0x00004940        0x0 c:/altera/12.0/nios2eds/bin/gnu/h-i686-mingw32/bin/../lib/gcc/nios2-elf/4.1.2/../../../../nios2-elf/lib\libc.a(lib_a-memcmp.o)
 .data          0x00004940        0x0 c:/altera/12.0/nios2eds/bin/gnu/h-i686-mingw32/bin/../lib/gcc/nios2-elf/4.1.2/../../../../nios2-elf/lib\libc.a(lib_a-memcpy.o)
 .data          0x00004940        0x0 c:/altera/12.0/nios2eds/bin/gnu/h-i686-mingw32/bin/../lib/gcc/nios2-elf/4.1.2/../../../../nios2-elf/lib\libc.a(lib_a-strlen.o)
 .data          0x00004940        0x0 c:/altera/12.0/nios2eds/bin/gnu/h-i686-mingw32/bin/../lib/gcc/nios2-elf/4.1.2/../../../../nios2-elf/lib\libc.a(lib_a-__atexit.o)
 .data          0x00004940        0x0 c:/altera/12.0/nios2eds/bin/gnu/h-i686-mingw32/bin/../lib/gcc/nios2-elf/4.1.2/../../../../nios2-elf/lib\libc.a(lib_a-__call_atexit.o)
 .data          0x00004940        0x0 ../lab7mini_bsp/\libhal_bsp.a(alt_exit.o)
                0x0000c940                _gp = ABSOLUTE ((. + 0x8000))
                0x0000c940                PROVIDE (gp, _gp)
 *(.rwdata .rwdata.*)
 *(.sdata .sdata.* .gnu.linkonce.s.*)
 .sdata         0x00004940       0x14 ../lab7mini_bsp/\libhal_bsp.a(alt_dev.o)
                0x00004940                alt_fs_list
                0x00004948                alt_dev_list
                0x00004950                alt_max_fd
 .sdata         0x00004954        0x4 ../lab7mini_bsp/\libhal_bsp.a(alt_errno.o)
                0x00004954                alt_errno
 .sdata         0x00004958        0x4 ../lab7mini_bsp/\libhal_bsp.a(alt_irq_vars.o)
                0x00004958                alt_priority_mask
 .sdata         0x0000495c        0x8 ../lab7mini_bsp/\libhal_bsp.a(alt_tick.o)
                0x0000495c                alt_alarm_list
 .sdata         0x00004964        0x8 c:/altera/12.0/nios2eds/bin/gnu/h-i686-mingw32/bin/../lib/gcc/nios2-elf/4.1.2/../../../../nios2-elf/lib\libc.a(lib_a-impure.o)
                0x00004964                _impure_ptr
                0x00004968                _global_impure_ptr
 *(.sdata2 .sdata2.* .gnu.linkonce.s2.*)
                0x0000496c                . = ALIGN (0x4)
                0x0000496c                _edata = ABSOLUTE (.)
                0x0000496c                PROVIDE (edata, ABSOLUTE (.))
                0x0000496c                PROVIDE (__ram_rwdata_end, ABSOLUTE (.))
                0x0000496c                PROVIDE (__flash_rwdata_start, LOADADDR (.rwdata))

.bss            0x00006134      0x2ac
                0x00006134                __bss_start = ABSOLUTE (.)
                0x00006134                PROVIDE (__sbss_start, ABSOLUTE (.))
                0x00006134                PROVIDE (___sbss_start, ABSOLUTE (.))
 *(.dynsbss)
 *(.sbss .sbss.* .gnu.linkonce.sb.*)
 .sbss          0x00006134        0xc ../lab7mini_bsp/\libhal_bsp.a(alt_main.o)
                0x00006134                alt_argc
                0x00006138                alt_argv
                0x0000613c                alt_envp
 .sbss          0x00006140        0x4 ../lab7mini_bsp/\libhal_bsp.a(alt_irq_vars.o)
                0x00006140                alt_irq_active
 .sbss          0x00006144        0x8 ../lab7mini_bsp/\libhal_bsp.a(alt_tick.o)
                0x00006144                _alt_tick_rate
                0x00006148                _alt_nticks
 .sbss          0x0000614c        0x4 c:/altera/12.0/nios2eds/bin/gnu/h-i686-mingw32/bin/../lib/gcc/nios2-elf/4.1.2/../../../../nios2-elf/lib\libc.a(lib_a-int_errno.o)
                0x0000614c                errno
 *(.sbss2 .sbss2.* .gnu.linkonce.sb2.*)
 *(.scommon)
                0x00006150                PROVIDE (__sbss_end, ABSOLUTE (.))
                0x00006150                PROVIDE (___sbss_end, ABSOLUTE (.))
 *(.dynbss)
 *(.bss .bss.* .gnu.linkonce.b.*)
 .bss           0x00006150        0x0 ../lab7mini_bsp//obj/HAL/src/crt0.o
 .bss           0x00006150        0x0 obj/default/lab7mini.o
 .bss           0x00006150        0x0 ../lab7mini_bsp/\libhal_bsp.a(alt_load.o)
 .bss           0x00006150        0x0 ../lab7mini_bsp/\libhal_bsp.a(alt_main.o)
 .bss           0x00006150        0x0 ../lab7mini_bsp/\libhal_bsp.a(alt_sys_init.o)
 .bss           0x00006150        0x0 ../lab7mini_bsp/\libhal_bsp.a(altera_avalon_jtag_uart_fd.o)
 .bss           0x00006150        0x0 ../lab7mini_bsp/\libhal_bsp.a(altera_avalon_jtag_uart_init.o)
 .bss           0x00006150        0x0 ../lab7mini_bsp/\libhal_bsp.a(altera_avalon_jtag_uart_ioctl.o)
 .bss           0x00006150        0x0 ../lab7mini_bsp/\libhal_bsp.a(altera_avalon_jtag_uart_read.o)
 .bss           0x00006150        0x0 ../lab7mini_bsp/\libhal_bsp.a(altera_avalon_jtag_uart_write.o)
 .bss           0x00006150        0x0 ../lab7mini_bsp/\libhal_bsp.a(altera_avalon_timer_sc.o)
 .bss           0x00006150        0x0 ../lab7mini_bsp/\libhal_bsp.a(altera_avalon_uart_fd.o)
 .bss           0x00006150        0x0 ../lab7mini_bsp/\libhal_bsp.a(altera_avalon_uart_init.o)
 .bss           0x00006150        0x0 ../lab7mini_bsp/\libhal_bsp.a(altera_avalon_uart_read.o)
 .bss           0x00006150        0x0 ../lab7mini_bsp/\libhal_bsp.a(altera_avalon_uart_write.o)
 .bss           0x00006150        0x0 ../lab7mini_bsp/\libhal_bsp.a(alt_alarm_start.o)
 .bss           0x00006150        0x0 ../lab7mini_bsp/\libhal_bsp.a(alt_close.o)
 .bss           0x00006150        0x0 ../lab7mini_bsp/\libhal_bsp.a(alt_dcache_flush_all.o)
 .bss           0x00006150        0x0 ../lab7mini_bsp/\libhal_bsp.a(alt_dev.o)
 .bss           0x00006150        0x0 ../lab7mini_bsp/\libhal_bsp.a(alt_dev_llist_insert.o)
 .bss           0x00006150        0x0 ../lab7mini_bsp/\libhal_bsp.a(alt_do_ctors.o)
 .bss           0x00006150        0x0 ../lab7mini_bsp/\libhal_bsp.a(alt_do_dtors.o)
 .bss           0x00006150        0x0 ../lab7mini_bsp/\libhal_bsp.a(alt_errno.o)
 .bss           0x00006150        0x0 ../lab7mini_bsp/\libhal_bsp.a(alt_icache_flush_all.o)
 .bss           0x00006150        0x0 ../lab7mini_bsp/\libhal_bsp.a(alt_iic.o)
 .bss           0x00006150        0x0 ../lab7mini_bsp/\libhal_bsp.a(alt_iic_isr_register.o)
 .bss           0x00006150        0x0 ../lab7mini_bsp/\libhal_bsp.a(alt_io_redirect.o)
 .bss           0x00006150        0x0 ../lab7mini_bsp/\libhal_bsp.a(alt_irq_entry.o)
 .bss           0x00006150        0x0 ../lab7mini_bsp/\libhal_bsp.a(alt_irq_handler.o)
 .bss           0x00006150        0x0 ../lab7mini_bsp/\libhal_bsp.a(alt_irq_vars.o)
 .bss           0x00006150        0x0 ../lab7mini_bsp/\libhal_bsp.a(alt_open.o)
 .bss           0x00006150        0x0 ../lab7mini_bsp/\libhal_bsp.a(alt_release_fd.o)
 .bss           0x00006150        0x0 ../lab7mini_bsp/\libhal_bsp.a(alt_tick.o)
 .bss           0x00006150        0x0 ../lab7mini_bsp/\libhal_bsp.a(altera_nios2_qsys_irq.o)
 .bss           0x00006150        0x0 ../lab7mini_bsp/\libhal_bsp.a(alt_exception_entry.o)
 .bss           0x00006150        0x0 ../lab7mini_bsp/\libhal_bsp.a(alt_find_dev.o)
 .bss           0x00006150        0x0 ../lab7mini_bsp/\libhal_bsp.a(alt_find_file.o)
 .bss           0x00006150        0x0 ../lab7mini_bsp/\libhal_bsp.a(alt_get_fd.o)
 .bss           0x00006150        0x0 ../lab7mini_bsp/\libhal_bsp.a(alt_icache_flush.o)
 .bss           0x00006150        0x0 c:/altera/12.0/nios2eds/bin/gnu/h-i686-mingw32/bin/../lib/gcc/nios2-elf/4.1.2/../../../../nios2-elf/lib\libc.a(lib_a-atexit.o)
 .bss           0x00006150        0x0 c:/altera/12.0/nios2eds/bin/gnu/h-i686-mingw32/bin/../lib/gcc/nios2-elf/4.1.2/../../../../nios2-elf/lib\libc.a(lib_a-exit.o)
 .bss           0x00006150        0x0 c:/altera/12.0/nios2eds/bin/gnu/h-i686-mingw32/bin/../lib/gcc/nios2-elf/4.1.2/../../../../nios2-elf/lib\libc.a(lib_a-impure.o)
 .bss           0x00006150        0x0 c:/altera/12.0/nios2eds/bin/gnu/h-i686-mingw32/bin/../lib/gcc/nios2-elf/4.1.2/../../../../nios2-elf/lib\libc.a(lib_a-int_errno.o)
 .bss           0x00006150        0x0 c:/altera/12.0/nios2eds/bin/gnu/h-i686-mingw32/bin/../lib/gcc/nios2-elf/4.1.2/../../../../nios2-elf/lib\libc.a(lib_a-memcmp.o)
 .bss           0x00006150        0x0 c:/altera/12.0/nios2eds/bin/gnu/h-i686-mingw32/bin/../lib/gcc/nios2-elf/4.1.2/../../../../nios2-elf/lib\libc.a(lib_a-memcpy.o)
 .bss           0x00006150        0x0 c:/altera/12.0/nios2eds/bin/gnu/h-i686-mingw32/bin/../lib/gcc/nios2-elf/4.1.2/../../../../nios2-elf/lib\libc.a(lib_a-strlen.o)
 .bss           0x00006150        0x0 c:/altera/12.0/nios2eds/bin/gnu/h-i686-mingw32/bin/../lib/gcc/nios2-elf/4.1.2/../../../../nios2-elf/lib\libc.a(lib_a-__atexit.o)
 .bss           0x00006150        0x0 c:/altera/12.0/nios2eds/bin/gnu/h-i686-mingw32/bin/../lib/gcc/nios2-elf/4.1.2/../../../../nios2-elf/lib\libc.a(lib_a-__call_atexit.o)
 .bss           0x00006150        0x0 ../lab7mini_bsp/\libhal_bsp.a(alt_exit.o)
 *(COMMON)
 COMMON         0x00006150      0x100 ../lab7mini_bsp/\libhal_bsp.a(alt_irq_handler.o)
                0x00006150                alt_irq
 COMMON         0x00006250      0x190 c:/altera/12.0/nios2eds/bin/gnu/h-i686-mingw32/bin/../lib/gcc/nios2-elf/4.1.2/../../../../nios2-elf/lib\libc.a(lib_a-atexit.o)
                0x00006250                _atexit0
                0x000063e0                . = ALIGN (0x4)
                0x000063e0                __bss_end = ABSOLUTE (.)

.sdram          0x000063e0        0x0
                0x000063e0                PROVIDE (_alt_partition_sdram_start, ABSOLUTE (.))
 *(.sdram. sdram.*)
                0x000063e0                . = ALIGN (0x4)
                0x000063e0                PROVIDE (_alt_partition_sdram_end, ABSOLUTE (.))
                0x000063e0                _end = ABSOLUTE (.)
                0x000063e0                end = ABSOLUTE (.)
                0x000063e0                __alt_stack_base = ABSOLUTE (.)
                0x000063e0                PROVIDE (_alt_partition_sdram_load_addr, LOADADDR (.sdram))

.stab
 *(.stab)

.stabstr
 *(.stabstr)

.stab.excl
 *(.stab.excl)

.stab.exclstr
 *(.stab.exclstr)

.stab.index
 *(.stab.index)

.stab.indexstr
 *(.stab.indexstr)

.comment        0x00000000       0x23
 *(.comment)
 .comment       0x00000000       0x23 ../lab7mini_bsp/\libhal_bsp.a(alt_load.o)
                                 0x24 (size before relaxing)
 .comment       0x00000000       0x24 ../lab7mini_bsp/\libhal_bsp.a(alt_main.o)
 .comment       0x00000000       0x24 ../lab7mini_bsp/\libhal_bsp.a(alt_sys_init.o)
 .comment       0x00000000       0x24 ../lab7mini_bsp/\libhal_bsp.a(altera_avalon_jtag_uart_fd.o)
 .comment       0x00000000       0x24 ../lab7mini_bsp/\libhal_bsp.a(altera_avalon_jtag_uart_init.o)
 .comment       0x00000000       0x24 ../lab7mini_bsp/\libhal_bsp.a(altera_avalon_jtag_uart_ioctl.o)
 .comment       0x00000000       0x24 ../lab7mini_bsp/\libhal_bsp.a(altera_avalon_jtag_uart_read.o)
 .comment       0x00000000       0x24 ../lab7mini_bsp/\libhal_bsp.a(altera_avalon_jtag_uart_write.o)
 .comment       0x00000000       0x24 ../lab7mini_bsp/\libhal_bsp.a(altera_avalon_timer_sc.o)
 .comment       0x00000000       0x24 ../lab7mini_bsp/\libhal_bsp.a(altera_avalon_uart_fd.o)
 .comment       0x00000000       0x24 ../lab7mini_bsp/\libhal_bsp.a(altera_avalon_uart_init.o)
 .comment       0x00000000       0x24 ../lab7mini_bsp/\libhal_bsp.a(altera_avalon_uart_read.o)
 .comment       0x00000000       0x24 ../lab7mini_bsp/\libhal_bsp.a(altera_avalon_uart_write.o)
 .comment       0x00000000       0x24 ../lab7mini_bsp/\libhal_bsp.a(alt_alarm_start.o)
 .comment       0x00000000       0x24 ../lab7mini_bsp/\libhal_bsp.a(alt_close.o)
 .comment       0x00000000       0x24 ../lab7mini_bsp/\libhal_bsp.a(alt_dcache_flush_all.o)
 .comment       0x00000000       0x24 ../lab7mini_bsp/\libhal_bsp.a(alt_dev.o)
 .comment       0x00000000       0x24 ../lab7mini_bsp/\libhal_bsp.a(alt_dev_llist_insert.o)
 .comment       0x00000000       0x24 ../lab7mini_bsp/\libhal_bsp.a(alt_do_ctors.o)
 .comment       0x00000000       0x24 ../lab7mini_bsp/\libhal_bsp.a(alt_do_dtors.o)
 .comment       0x00000000       0x24 ../lab7mini_bsp/\libhal_bsp.a(alt_errno.o)
 .comment       0x00000000       0x24 ../lab7mini_bsp/\libhal_bsp.a(alt_icache_flush_all.o)
 .comment       0x00000000       0x24 ../lab7mini_bsp/\libhal_bsp.a(alt_iic.o)
 .comment       0x00000000       0x24 ../lab7mini_bsp/\libhal_bsp.a(alt_iic_isr_register.o)
 .comment       0x00000000       0x24 ../lab7mini_bsp/\libhal_bsp.a(alt_io_redirect.o)
 .comment       0x00000000       0x24 ../lab7mini_bsp/\libhal_bsp.a(alt_irq_handler.o)
 .comment       0x00000000       0x24 ../lab7mini_bsp/\libhal_bsp.a(alt_irq_vars.o)
 .comment       0x00000000       0x24 ../lab7mini_bsp/\libhal_bsp.a(alt_open.o)
 .comment       0x00000000       0x24 ../lab7mini_bsp/\libhal_bsp.a(alt_release_fd.o)
 .comment       0x00000000       0x24 ../lab7mini_bsp/\libhal_bsp.a(alt_tick.o)
 .comment       0x00000000       0x24 ../lab7mini_bsp/\libhal_bsp.a(altera_nios2_qsys_irq.o)
 .comment       0x00000000       0x24 ../lab7mini_bsp/\libhal_bsp.a(alt_find_dev.o)
 .comment       0x00000000       0x24 ../lab7mini_bsp/\libhal_bsp.a(alt_find_file.o)
 .comment       0x00000000       0x24 ../lab7mini_bsp/\libhal_bsp.a(alt_get_fd.o)
 .comment       0x00000000       0x24 ../lab7mini_bsp/\libhal_bsp.a(alt_icache_flush.o)
 .comment       0x00000000       0x24 c:/altera/12.0/nios2eds/bin/gnu/h-i686-mingw32/bin/../lib/gcc/nios2-elf/4.1.2/../../../../nios2-elf/lib\libc.a(lib_a-atexit.o)
 .comment       0x00000000       0x24 c:/altera/12.0/nios2eds/bin/gnu/h-i686-mingw32/bin/../lib/gcc/nios2-elf/4.1.2/../../../../nios2-elf/lib\libc.a(lib_a-exit.o)
 .comment       0x00000000       0x24 c:/altera/12.0/nios2eds/bin/gnu/h-i686-mingw32/bin/../lib/gcc/nios2-elf/4.1.2/../../../../nios2-elf/lib\libc.a(lib_a-impure.o)
 .comment       0x00000000       0x24 c:/altera/12.0/nios2eds/bin/gnu/h-i686-mingw32/bin/../lib/gcc/nios2-elf/4.1.2/../../../../nios2-elf/lib\libc.a(lib_a-int_errno.o)
 .comment       0x00000000       0x24 c:/altera/12.0/nios2eds/bin/gnu/h-i686-mingw32/bin/../lib/gcc/nios2-elf/4.1.2/../../../../nios2-elf/lib\libc.a(lib_a-memcmp.o)
 .comment       0x00000000       0x24 c:/altera/12.0/nios2eds/bin/gnu/h-i686-mingw32/bin/../lib/gcc/nios2-elf/4.1.2/../../../../nios2-elf/lib\libc.a(lib_a-memcpy.o)
 .comment       0x00000000       0x24 c:/altera/12.0/nios2eds/bin/gnu/h-i686-mingw32/bin/../lib/gcc/nios2-elf/4.1.2/../../../../nios2-elf/lib\libc.a(lib_a-strlen.o)
 .comment       0x00000000       0x24 c:/altera/12.0/nios2eds/bin/gnu/h-i686-mingw32/bin/../lib/gcc/nios2-elf/4.1.2/../../../../nios2-elf/lib\libc.a(lib_a-__atexit.o)
 .comment       0x00000000       0x24 c:/altera/12.0/nios2eds/bin/gnu/h-i686-mingw32/bin/../lib/gcc/nios2-elf/4.1.2/../../../../nios2-elf/lib\libc.a(lib_a-__call_atexit.o)
 .comment       0x00000000       0x24 ../lab7mini_bsp/\libhal_bsp.a(alt_exit.o)

.debug
 *(.debug)

.line
 *(.line)

.debug_srcinfo
 *(.debug_srcinfo)

.debug_sfnames
 *(.debug_sfnames)

.debug_aranges  0x00000000      0x5d8
 *(.debug_aranges)
 .debug_aranges
                0x00000000       0x28 ../lab7mini_bsp//obj/HAL/src/crt0.o
 .debug_aranges
                0x00000028       0x20 obj/default/lab7mini.o
 .debug_aranges
                0x00000048       0x20 ../lab7mini_bsp/\libhal_bsp.a(alt_load.o)
 .debug_aranges
                0x00000068       0x20 ../lab7mini_bsp/\libhal_bsp.a(alt_main.o)
 .debug_aranges
                0x00000088       0x20 ../lab7mini_bsp/\libhal_bsp.a(alt_sys_init.o)
 .debug_aranges
                0x000000a8       0x20 ../lab7mini_bsp/\libhal_bsp.a(altera_avalon_jtag_uart_fd.o)
 .debug_aranges
                0x000000c8       0x20 ../lab7mini_bsp/\libhal_bsp.a(altera_avalon_jtag_uart_init.o)
 .debug_aranges
                0x000000e8       0x20 ../lab7mini_bsp/\libhal_bsp.a(altera_avalon_jtag_uart_ioctl.o)
 .debug_aranges
                0x00000108       0x20 ../lab7mini_bsp/\libhal_bsp.a(altera_avalon_jtag_uart_read.o)
 .debug_aranges
                0x00000128       0x20 ../lab7mini_bsp/\libhal_bsp.a(altera_avalon_jtag_uart_write.o)
 .debug_aranges
                0x00000148       0x20 ../lab7mini_bsp/\libhal_bsp.a(altera_avalon_timer_sc.o)
 .debug_aranges
                0x00000168       0x20 ../lab7mini_bsp/\libhal_bsp.a(altera_avalon_uart_fd.o)
 .debug_aranges
                0x00000188       0x20 ../lab7mini_bsp/\libhal_bsp.a(altera_avalon_uart_init.o)
 .debug_aranges
                0x000001a8       0x20 ../lab7mini_bsp/\libhal_bsp.a(altera_avalon_uart_read.o)
 .debug_aranges
                0x000001c8       0x20 ../lab7mini_bsp/\libhal_bsp.a(altera_avalon_uart_write.o)
 .debug_aranges
                0x000001e8       0x20 ../lab7mini_bsp/\libhal_bsp.a(alt_alarm_start.o)
 .debug_aranges
                0x00000208       0x20 ../lab7mini_bsp/\libhal_bsp.a(alt_close.o)
 .debug_aranges
                0x00000228       0x20 ../lab7mini_bsp/\libhal_bsp.a(alt_dcache_flush_all.o)
 .debug_aranges
                0x00000248       0x20 ../lab7mini_bsp/\libhal_bsp.a(alt_dev.o)
 .debug_aranges
                0x00000268       0x20 ../lab7mini_bsp/\libhal_bsp.a(alt_dev_llist_insert.o)
 .debug_aranges
                0x00000288       0x20 ../lab7mini_bsp/\libhal_bsp.a(alt_do_ctors.o)
 .debug_aranges
                0x000002a8       0x20 ../lab7mini_bsp/\libhal_bsp.a(alt_do_dtors.o)
 .debug_aranges
                0x000002c8       0x20 ../lab7mini_bsp/\libhal_bsp.a(alt_icache_flush_all.o)
 .debug_aranges
                0x000002e8       0x20 ../lab7mini_bsp/\libhal_bsp.a(alt_iic.o)
 .debug_aranges
                0x00000308       0x20 ../lab7mini_bsp/\libhal_bsp.a(alt_iic_isr_register.o)
 .debug_aranges
                0x00000328       0x20 ../lab7mini_bsp/\libhal_bsp.a(alt_io_redirect.o)
 .debug_aranges
                0x00000348       0x30 ../lab7mini_bsp/\libhal_bsp.a(alt_irq_entry.o)
 .debug_aranges
                0x00000378       0x28 ../lab7mini_bsp/\libhal_bsp.a(alt_irq_handler.o)
 .debug_aranges
                0x000003a0       0x20 ../lab7mini_bsp/\libhal_bsp.a(alt_open.o)
 .debug_aranges
                0x000003c0       0x20 ../lab7mini_bsp/\libhal_bsp.a(alt_release_fd.o)
 .debug_aranges
                0x000003e0       0x20 ../lab7mini_bsp/\libhal_bsp.a(alt_tick.o)
 .debug_aranges
                0x00000400       0x20 ../lab7mini_bsp/\libhal_bsp.a(altera_nios2_qsys_irq.o)
 .debug_aranges
                0x00000420       0x38 ../lab7mini_bsp/\libhal_bsp.a(alt_exception_entry.o)
 .debug_aranges
                0x00000458       0x20 ../lab7mini_bsp/\libhal_bsp.a(alt_find_dev.o)
 .debug_aranges
                0x00000478       0x20 ../lab7mini_bsp/\libhal_bsp.a(alt_find_file.o)
 .debug_aranges
                0x00000498       0x20 ../lab7mini_bsp/\libhal_bsp.a(alt_get_fd.o)
 .debug_aranges
                0x000004b8       0x20 ../lab7mini_bsp/\libhal_bsp.a(alt_icache_flush.o)
 .debug_aranges
                0x000004d8       0x20 c:/altera/12.0/nios2eds/bin/gnu/h-i686-mingw32/bin/../lib/gcc/nios2-elf/4.1.2/../../../../nios2-elf/lib\libc.a(lib_a-atexit.o)
 .debug_aranges
                0x000004f8       0x20 c:/altera/12.0/nios2eds/bin/gnu/h-i686-mingw32/bin/../lib/gcc/nios2-elf/4.1.2/../../../../nios2-elf/lib\libc.a(lib_a-exit.o)
 .debug_aranges
                0x00000518       0x20 c:/altera/12.0/nios2eds/bin/gnu/h-i686-mingw32/bin/../lib/gcc/nios2-elf/4.1.2/../../../../nios2-elf/lib\libc.a(lib_a-memcmp.o)
 .debug_aranges
                0x00000538       0x20 c:/altera/12.0/nios2eds/bin/gnu/h-i686-mingw32/bin/../lib/gcc/nios2-elf/4.1.2/../../../../nios2-elf/lib\libc.a(lib_a-memcpy.o)
 .debug_aranges
                0x00000558       0x20 c:/altera/12.0/nios2eds/bin/gnu/h-i686-mingw32/bin/../lib/gcc/nios2-elf/4.1.2/../../../../nios2-elf/lib\libc.a(lib_a-strlen.o)
 .debug_aranges
                0x00000578       0x20 c:/altera/12.0/nios2eds/bin/gnu/h-i686-mingw32/bin/../lib/gcc/nios2-elf/4.1.2/../../../../nios2-elf/lib\libc.a(lib_a-__atexit.o)
 .debug_aranges
                0x00000598       0x20 c:/altera/12.0/nios2eds/bin/gnu/h-i686-mingw32/bin/../lib/gcc/nios2-elf/4.1.2/../../../../nios2-elf/lib\libc.a(lib_a-__call_atexit.o)
 .debug_aranges
                0x000005b8       0x20 ../lab7mini_bsp/\libhal_bsp.a(alt_exit.o)

.debug_pubnames
                0x00000000      0x8ee
 *(.debug_pubnames)
 .debug_pubnames
                0x00000000       0x1f ../lab7mini_bsp/\libhal_bsp.a(alt_load.o)
 .debug_pubnames
                0x0000001f       0x46 ../lab7mini_bsp/\libhal_bsp.a(alt_main.o)
 .debug_pubnames
                0x00000065       0x34 ../lab7mini_bsp/\libhal_bsp.a(alt_sys_init.o)
 .debug_pubnames
                0x00000099       0xa5 ../lab7mini_bsp/\libhal_bsp.a(altera_avalon_jtag_uart_fd.o)
 .debug_pubnames
                0x0000013e       0x55 ../lab7mini_bsp/\libhal_bsp.a(altera_avalon_jtag_uart_init.o)
 .debug_pubnames
                0x00000193       0x34 ../lab7mini_bsp/\libhal_bsp.a(altera_avalon_jtag_uart_ioctl.o)
 .debug_pubnames
                0x000001c7       0x33 ../lab7mini_bsp/\libhal_bsp.a(altera_avalon_jtag_uart_read.o)
 .debug_pubnames
                0x000001fa       0x34 ../lab7mini_bsp/\libhal_bsp.a(altera_avalon_jtag_uart_write.o)
 .debug_pubnames
                0x0000022e       0x2f ../lab7mini_bsp/\libhal_bsp.a(altera_avalon_timer_sc.o)
 .debug_pubnames
                0x0000025d       0x71 ../lab7mini_bsp/\libhal_bsp.a(altera_avalon_uart_fd.o)
 .debug_pubnames
                0x000002ce       0x4b ../lab7mini_bsp/\libhal_bsp.a(altera_avalon_uart_init.o)
 .debug_pubnames
                0x00000319       0x2e ../lab7mini_bsp/\libhal_bsp.a(altera_avalon_uart_read.o)
 .debug_pubnames
                0x00000347       0x2f ../lab7mini_bsp/\libhal_bsp.a(altera_avalon_uart_write.o)
 .debug_pubnames
                0x00000376       0x26 ../lab7mini_bsp/\libhal_bsp.a(alt_alarm_start.o)
 .debug_pubnames
                0x0000039c       0x1c ../lab7mini_bsp/\libhal_bsp.a(alt_close.o)
 .debug_pubnames
                0x000003b8       0x2b ../lab7mini_bsp/\libhal_bsp.a(alt_dcache_flush_all.o)
 .debug_pubnames
                0x000003e3       0x63 ../lab7mini_bsp/\libhal_bsp.a(alt_dev.o)
 .debug_pubnames
                0x00000446       0x2b ../lab7mini_bsp/\libhal_bsp.a(alt_dev_llist_insert.o)
 .debug_pubnames
                0x00000471       0x20 ../lab7mini_bsp/\libhal_bsp.a(alt_do_ctors.o)
 .debug_pubnames
                0x00000491       0x20 ../lab7mini_bsp/\libhal_bsp.a(alt_do_dtors.o)
 .debug_pubnames
                0x000004b1       0x20 ../lab7mini_bsp/\libhal_bsp.a(alt_errno.o)
 .debug_pubnames
                0x000004d1       0x2b ../lab7mini_bsp/\libhal_bsp.a(alt_icache_flush_all.o)
 .debug_pubnames
                0x000004fc       0x6e ../lab7mini_bsp/\libhal_bsp.a(alt_iic.o)
 .debug_pubnames
                0x0000056a       0x2b ../lab7mini_bsp/\libhal_bsp.a(alt_iic_isr_register.o)
 .debug_pubnames
                0x00000595       0x26 ../lab7mini_bsp/\libhal_bsp.a(alt_io_redirect.o)
 .debug_pubnames
                0x000005bb       0x32 ../lab7mini_bsp/\libhal_bsp.a(alt_irq_handler.o)
 .debug_pubnames
                0x000005ed       0x3b ../lab7mini_bsp/\libhal_bsp.a(alt_irq_vars.o)
 .debug_pubnames
                0x00000628       0x1b ../lab7mini_bsp/\libhal_bsp.a(alt_open.o)
 .debug_pubnames
                0x00000643       0x25 ../lab7mini_bsp/\libhal_bsp.a(alt_release_fd.o)
 .debug_pubnames
                0x00000668       0x68 ../lab7mini_bsp/\libhal_bsp.a(alt_tick.o)
 .debug_pubnames
                0x000006d0       0x31 ../lab7mini_bsp/\libhal_bsp.a(altera_nios2_qsys_irq.o)
 .debug_pubnames
                0x00000701       0x23 ../lab7mini_bsp/\libhal_bsp.a(alt_find_dev.o)
 .debug_pubnames
                0x00000724       0x24 ../lab7mini_bsp/\libhal_bsp.a(alt_find_file.o)
 .debug_pubnames
                0x00000748       0x21 ../lab7mini_bsp/\libhal_bsp.a(alt_get_fd.o)
 .debug_pubnames
                0x00000769       0x27 ../lab7mini_bsp/\libhal_bsp.a(alt_icache_flush.o)
 .debug_pubnames
                0x00000790       0x2a c:/altera/12.0/nios2eds/bin/gnu/h-i686-mingw32/bin/../lib/gcc/nios2-elf/4.1.2/../../../../nios2-elf/lib\libc.a(lib_a-atexit.o)
 .debug_pubnames
                0x000007ba       0x1b c:/altera/12.0/nios2eds/bin/gnu/h-i686-mingw32/bin/../lib/gcc/nios2-elf/4.1.2/../../../../nios2-elf/lib\libc.a(lib_a-exit.o)
 .debug_pubnames
                0x000007d5       0x39 c:/altera/12.0/nios2eds/bin/gnu/h-i686-mingw32/bin/../lib/gcc/nios2-elf/4.1.2/../../../../nios2-elf/lib\libc.a(lib_a-impure.o)
 .debug_pubnames
                0x0000080e       0x1c c:/altera/12.0/nios2eds/bin/gnu/h-i686-mingw32/bin/../lib/gcc/nios2-elf/4.1.2/../../../../nios2-elf/lib\libc.a(lib_a-int_errno.o)
 .debug_pubnames
                0x0000082a       0x1d c:/altera/12.0/nios2eds/bin/gnu/h-i686-mingw32/bin/../lib/gcc/nios2-elf/4.1.2/../../../../nios2-elf/lib\libc.a(lib_a-memcmp.o)
 .debug_pubnames
                0x00000847       0x1d c:/altera/12.0/nios2eds/bin/gnu/h-i686-mingw32/bin/../lib/gcc/nios2-elf/4.1.2/../../../../nios2-elf/lib\libc.a(lib_a-memcpy.o)
 .debug_pubnames
                0x00000864       0x1d c:/altera/12.0/nios2eds/bin/gnu/h-i686-mingw32/bin/../lib/gcc/nios2-elf/4.1.2/../../../../nios2-elf/lib\libc.a(lib_a-strlen.o)
 .debug_pubnames
                0x00000881       0x2a c:/altera/12.0/nios2eds/bin/gnu/h-i686-mingw32/bin/../lib/gcc/nios2-elf/4.1.2/../../../../nios2-elf/lib\libc.a(lib_a-__atexit.o)
 .debug_pubnames
                0x000008ab       0x27 c:/altera/12.0/nios2eds/bin/gnu/h-i686-mingw32/bin/../lib/gcc/nios2-elf/4.1.2/../../../../nios2-elf/lib\libc.a(lib_a-__call_atexit.o)
 .debug_pubnames
                0x000008d2       0x1c ../lab7mini_bsp/\libhal_bsp.a(alt_exit.o)

.debug_info     0x00000000     0xb41d
 *(.debug_info .gnu.linkonce.wi.*)
 .debug_info    0x00000000       0x64 ../lab7mini_bsp//obj/HAL/src/crt0.o
 .debug_info    0x00000064       0x60 obj/default/lab7mini.o
 .debug_info    0x000000c4      0x276 ../lab7mini_bsp/\libhal_bsp.a(alt_load.o)
 .debug_info    0x0000033a      0x20e ../lab7mini_bsp/\libhal_bsp.a(alt_main.o)
 .debug_info    0x00000548      0x887 ../lab7mini_bsp/\libhal_bsp.a(alt_sys_init.o)
 .debug_info    0x00000dcf      0x7c2 ../lab7mini_bsp/\libhal_bsp.a(altera_avalon_jtag_uart_fd.o)
 .debug_info    0x00001591      0x5ea ../lab7mini_bsp/\libhal_bsp.a(altera_avalon_jtag_uart_init.o)
 .debug_info    0x00001b7b      0x42c ../lab7mini_bsp/\libhal_bsp.a(altera_avalon_jtag_uart_ioctl.o)
 .debug_info    0x00001fa7      0x52f ../lab7mini_bsp/\libhal_bsp.a(altera_avalon_jtag_uart_read.o)
 .debug_info    0x000024d6      0x527 ../lab7mini_bsp/\libhal_bsp.a(altera_avalon_jtag_uart_write.o)
 .debug_info    0x000029fd      0x374 ../lab7mini_bsp/\libhal_bsp.a(altera_avalon_timer_sc.o)
 .debug_info    0x00002d71      0x625 ../lab7mini_bsp/\libhal_bsp.a(altera_avalon_uart_fd.o)
 .debug_info    0x00003396      0x4f7 ../lab7mini_bsp/\libhal_bsp.a(altera_avalon_uart_init.o)
 .debug_info    0x0000388d      0x4ab ../lab7mini_bsp/\libhal_bsp.a(altera_avalon_uart_read.o)
 .debug_info    0x00003d38      0x4a9 ../lab7mini_bsp/\libhal_bsp.a(altera_avalon_uart_write.o)
 .debug_info    0x000041e1      0x42b ../lab7mini_bsp/\libhal_bsp.a(alt_alarm_start.o)
 .debug_info    0x0000460c      0x450 ../lab7mini_bsp/\libhal_bsp.a(alt_close.o)
 .debug_info    0x00004a5c      0x145 ../lab7mini_bsp/\libhal_bsp.a(alt_dcache_flush_all.o)
 .debug_info    0x00004ba1      0x668 ../lab7mini_bsp/\libhal_bsp.a(alt_dev.o)
 .debug_info    0x00005209      0x2a0 ../lab7mini_bsp/\libhal_bsp.a(alt_dev_llist_insert.o)
 .debug_info    0x000054a9       0xf8 ../lab7mini_bsp/\libhal_bsp.a(alt_do_ctors.o)
 .debug_info    0x000055a1       0xf7 ../lab7mini_bsp/\libhal_bsp.a(alt_do_dtors.o)
 .debug_info    0x00005698      0x14d ../lab7mini_bsp/\libhal_bsp.a(alt_errno.o)
 .debug_info    0x000057e5      0x145 ../lab7mini_bsp/\libhal_bsp.a(alt_icache_flush_all.o)
 .debug_info    0x0000592a      0x47c ../lab7mini_bsp/\libhal_bsp.a(alt_iic.o)
 .debug_info    0x00005da6      0x2fd ../lab7mini_bsp/\libhal_bsp.a(alt_iic_isr_register.o)
 .debug_info    0x000060a3      0x67e ../lab7mini_bsp/\libhal_bsp.a(alt_io_redirect.o)
 .debug_info    0x00006721       0x6d ../lab7mini_bsp/\libhal_bsp.a(alt_irq_entry.o)
 .debug_info    0x0000678e      0x25e ../lab7mini_bsp/\libhal_bsp.a(alt_irq_handler.o)
 .debug_info    0x000069ec      0x150 ../lab7mini_bsp/\libhal_bsp.a(alt_irq_vars.o)
 .debug_info    0x00006b3c      0x50e ../lab7mini_bsp/\libhal_bsp.a(alt_open.o)
 .debug_info    0x0000704a      0x3db ../lab7mini_bsp/\libhal_bsp.a(alt_release_fd.o)
 .debug_info    0x00007425      0x3e7 ../lab7mini_bsp/\libhal_bsp.a(alt_tick.o)
 .debug_info    0x0000780c      0x14c ../lab7mini_bsp/\libhal_bsp.a(altera_nios2_qsys_irq.o)
 .debug_info    0x00007958       0x73 ../lab7mini_bsp/\libhal_bsp.a(alt_exception_entry.o)
 .debug_info    0x000079cb      0x401 ../lab7mini_bsp/\libhal_bsp.a(alt_find_dev.o)
 .debug_info    0x00007dcc      0x408 ../lab7mini_bsp/\libhal_bsp.a(alt_find_file.o)
 .debug_info    0x000081d4      0x449 ../lab7mini_bsp/\libhal_bsp.a(alt_get_fd.o)
 .debug_info    0x0000861d      0x18d ../lab7mini_bsp/\libhal_bsp.a(alt_icache_flush.o)
 .debug_info    0x000087aa      0x181 c:/altera/12.0/nios2eds/bin/gnu/h-i686-mingw32/bin/../lib/gcc/nios2-elf/4.1.2/../../../../nios2-elf/lib\libc.a(lib_a-atexit.o)
 .debug_info    0x0000892b      0x93f c:/altera/12.0/nios2eds/bin/gnu/h-i686-mingw32/bin/../lib/gcc/nios2-elf/4.1.2/../../../../nios2-elf/lib\libc.a(lib_a-exit.o)
 .debug_info    0x0000926a      0x93d c:/altera/12.0/nios2eds/bin/gnu/h-i686-mingw32/bin/../lib/gcc/nios2-elf/4.1.2/../../../../nios2-elf/lib\libc.a(lib_a-impure.o)
 .debug_info    0x00009ba7       0x8c c:/altera/12.0/nios2eds/bin/gnu/h-i686-mingw32/bin/../lib/gcc/nios2-elf/4.1.2/../../../../nios2-elf/lib\libc.a(lib_a-int_errno.o)
 .debug_info    0x00009c33      0x115 c:/altera/12.0/nios2eds/bin/gnu/h-i686-mingw32/bin/../lib/gcc/nios2-elf/4.1.2/../../../../nios2-elf/lib\libc.a(lib_a-memcmp.o)
 .debug_info    0x00009d48      0x106 c:/altera/12.0/nios2eds/bin/gnu/h-i686-mingw32/bin/../lib/gcc/nios2-elf/4.1.2/../../../../nios2-elf/lib\libc.a(lib_a-memcpy.o)
 .debug_info    0x00009e4e       0xdb c:/altera/12.0/nios2eds/bin/gnu/h-i686-mingw32/bin/../lib/gcc/nios2-elf/4.1.2/../../../../nios2-elf/lib\libc.a(lib_a-strlen.o)
 .debug_info    0x00009f29      0x99c c:/altera/12.0/nios2eds/bin/gnu/h-i686-mingw32/bin/../lib/gcc/nios2-elf/4.1.2/../../../../nios2-elf/lib\libc.a(lib_a-__atexit.o)
 .debug_info    0x0000a8c5      0x9e2 c:/altera/12.0/nios2eds/bin/gnu/h-i686-mingw32/bin/../lib/gcc/nios2-elf/4.1.2/../../../../nios2-elf/lib\libc.a(lib_a-__call_atexit.o)
 .debug_info    0x0000b2a7      0x176 ../lab7mini_bsp/\libhal_bsp.a(alt_exit.o)

.debug_abbrev   0x00000000     0x2a45
 *(.debug_abbrev)
 .debug_abbrev  0x00000000       0x12 ../lab7mini_bsp//obj/HAL/src/crt0.o
 .debug_abbrev  0x00000012       0x14 obj/default/lab7mini.o
 .debug_abbrev  0x00000026       0x88 ../lab7mini_bsp/\libhal_bsp.a(alt_load.o)
 .debug_abbrev  0x000000ae       0xb7 ../lab7mini_bsp/\libhal_bsp.a(alt_main.o)
 .debug_abbrev  0x00000165      0x14b ../lab7mini_bsp/\libhal_bsp.a(alt_sys_init.o)
 .debug_abbrev  0x000002b0       0xf7 ../lab7mini_bsp/\libhal_bsp.a(altera_avalon_jtag_uart_fd.o)
 .debug_abbrev  0x000003a7      0x17c ../lab7mini_bsp/\libhal_bsp.a(altera_avalon_jtag_uart_init.o)
 .debug_abbrev  0x00000523       0xf0 ../lab7mini_bsp/\libhal_bsp.a(altera_avalon_jtag_uart_ioctl.o)
 .debug_abbrev  0x00000613      0x191 ../lab7mini_bsp/\libhal_bsp.a(altera_avalon_jtag_uart_read.o)
 .debug_abbrev  0x000007a4      0x18d ../lab7mini_bsp/\libhal_bsp.a(altera_avalon_jtag_uart_write.o)
 .debug_abbrev  0x00000931      0x137 ../lab7mini_bsp/\libhal_bsp.a(altera_avalon_timer_sc.o)
 .debug_abbrev  0x00000a68       0xe8 ../lab7mini_bsp/\libhal_bsp.a(altera_avalon_uart_fd.o)
 .debug_abbrev  0x00000b50      0x148 ../lab7mini_bsp/\libhal_bsp.a(altera_avalon_uart_init.o)
 .debug_abbrev  0x00000c98      0x174 ../lab7mini_bsp/\libhal_bsp.a(altera_avalon_uart_read.o)
 .debug_abbrev  0x00000e0c      0x17b ../lab7mini_bsp/\libhal_bsp.a(altera_avalon_uart_write.o)
 .debug_abbrev  0x00000f87      0x172 ../lab7mini_bsp/\libhal_bsp.a(alt_alarm_start.o)
 .debug_abbrev  0x000010f9       0xfb ../lab7mini_bsp/\libhal_bsp.a(alt_close.o)
 .debug_abbrev  0x000011f4       0x3f ../lab7mini_bsp/\libhal_bsp.a(alt_dcache_flush_all.o)
 .debug_abbrev  0x00001233       0xc7 ../lab7mini_bsp/\libhal_bsp.a(alt_dev.o)
 .debug_abbrev  0x000012fa       0xf6 ../lab7mini_bsp/\libhal_bsp.a(alt_dev_llist_insert.o)
 .debug_abbrev  0x000013f0       0x76 ../lab7mini_bsp/\libhal_bsp.a(alt_do_ctors.o)
 .debug_abbrev  0x00001466       0x76 ../lab7mini_bsp/\libhal_bsp.a(alt_do_dtors.o)
 .debug_abbrev  0x000014dc       0x5e ../lab7mini_bsp/\libhal_bsp.a(alt_errno.o)
 .debug_abbrev  0x0000153a       0x3f ../lab7mini_bsp/\libhal_bsp.a(alt_icache_flush_all.o)
 .debug_abbrev  0x00001579      0x134 ../lab7mini_bsp/\libhal_bsp.a(alt_iic.o)
 .debug_abbrev  0x000016ad      0x14e ../lab7mini_bsp/\libhal_bsp.a(alt_iic_isr_register.o)
 .debug_abbrev  0x000017fb       0xf0 ../lab7mini_bsp/\libhal_bsp.a(alt_io_redirect.o)
 .debug_abbrev  0x000018eb       0x12 ../lab7mini_bsp/\libhal_bsp.a(alt_irq_entry.o)
 .debug_abbrev  0x000018fd      0x10c ../lab7mini_bsp/\libhal_bsp.a(alt_irq_handler.o)
 .debug_abbrev  0x00001a09       0x44 ../lab7mini_bsp/\libhal_bsp.a(alt_irq_vars.o)
 .debug_abbrev  0x00001a4d      0x112 ../lab7mini_bsp/\libhal_bsp.a(alt_open.o)
 .debug_abbrev  0x00001b5f       0xc1 ../lab7mini_bsp/\libhal_bsp.a(alt_release_fd.o)
 .debug_abbrev  0x00001c20      0x150 ../lab7mini_bsp/\libhal_bsp.a(alt_tick.o)
 .debug_abbrev  0x00001d70       0x3f ../lab7mini_bsp/\libhal_bsp.a(altera_nios2_qsys_irq.o)
 .debug_abbrev  0x00001daf       0x12 ../lab7mini_bsp/\libhal_bsp.a(alt_exception_entry.o)
 .debug_abbrev  0x00001dc1       0xcf ../lab7mini_bsp/\libhal_bsp.a(alt_find_dev.o)
 .debug_abbrev  0x00001e90       0xcf ../lab7mini_bsp/\libhal_bsp.a(alt_find_file.o)
 .debug_abbrev  0x00001f5f       0xfb ../lab7mini_bsp/\libhal_bsp.a(alt_get_fd.o)
 .debug_abbrev  0x0000205a       0x7a ../lab7mini_bsp/\libhal_bsp.a(alt_icache_flush.o)
 .debug_abbrev  0x000020d4       0xb7 c:/altera/12.0/nios2eds/bin/gnu/h-i686-mingw32/bin/../lib/gcc/nios2-elf/4.1.2/../../../../nios2-elf/lib\libc.a(lib_a-atexit.o)
 .debug_abbrev  0x0000218b      0x16e c:/altera/12.0/nios2eds/bin/gnu/h-i686-mingw32/bin/../lib/gcc/nios2-elf/4.1.2/../../../../nios2-elf/lib\libc.a(lib_a-exit.o)
 .debug_abbrev  0x000022f9      0x157 c:/altera/12.0/nios2eds/bin/gnu/h-i686-mingw32/bin/../lib/gcc/nios2-elf/4.1.2/../../../../nios2-elf/lib\libc.a(lib_a-impure.o)
 .debug_abbrev  0x00002450       0x3b c:/altera/12.0/nios2eds/bin/gnu/h-i686-mingw32/bin/../lib/gcc/nios2-elf/4.1.2/../../../../nios2-elf/lib\libc.a(lib_a-int_errno.o)
 .debug_abbrev  0x0000248b       0x7c c:/altera/12.0/nios2eds/bin/gnu/h-i686-mingw32/bin/../lib/gcc/nios2-elf/4.1.2/../../../../nios2-elf/lib\libc.a(lib_a-memcmp.o)
 .debug_abbrev  0x00002507       0xb5 c:/altera/12.0/nios2eds/bin/gnu/h-i686-mingw32/bin/../lib/gcc/nios2-elf/4.1.2/../../../../nios2-elf/lib\libc.a(lib_a-memcpy.o)
 .debug_abbrev  0x000025bc       0x8b c:/altera/12.0/nios2eds/bin/gnu/h-i686-mingw32/bin/../lib/gcc/nios2-elf/4.1.2/../../../../nios2-elf/lib\libc.a(lib_a-strlen.o)
 .debug_abbrev  0x00002647      0x1ae c:/altera/12.0/nios2eds/bin/gnu/h-i686-mingw32/bin/../lib/gcc/nios2-elf/4.1.2/../../../../nios2-elf/lib\libc.a(lib_a-__atexit.o)
 .debug_abbrev  0x000027f5      0x1de c:/altera/12.0/nios2eds/bin/gnu/h-i686-mingw32/bin/../lib/gcc/nios2-elf/4.1.2/../../../../nios2-elf/lib\libc.a(lib_a-__call_atexit.o)
 .debug_abbrev  0x000029d3       0x72 ../lab7mini_bsp/\libhal_bsp.a(alt_exit.o)

.debug_line     0x00000000     0x7046
 *(.debug_line)
 .debug_line    0x00000000       0x6c ../lab7mini_bsp//obj/HAL/src/crt0.o
 .debug_line    0x0000006c       0xa0 obj/default/lab7mini.o
 .debug_line    0x0000010c      0x211 ../lab7mini_bsp/\libhal_bsp.a(alt_load.o)
 .debug_line    0x0000031d      0x2c4 ../lab7mini_bsp/\libhal_bsp.a(alt_main.o)
 .debug_line    0x000005e1      0x311 ../lab7mini_bsp/\libhal_bsp.a(alt_sys_init.o)
 .debug_line    0x000008f2      0x214 ../lab7mini_bsp/\libhal_bsp.a(altera_avalon_jtag_uart_fd.o)
 .debug_line    0x00000b06      0x4a5 ../lab7mini_bsp/\libhal_bsp.a(altera_avalon_jtag_uart_init.o)
 .debug_line    0x00000fab      0x311 ../lab7mini_bsp/\libhal_bsp.a(altera_avalon_jtag_uart_ioctl.o)
 .debug_line    0x000012bc      0x3f1 ../lab7mini_bsp/\libhal_bsp.a(altera_avalon_jtag_uart_read.o)
 .debug_line    0x000016ad      0x3ff ../lab7mini_bsp/\libhal_bsp.a(altera_avalon_jtag_uart_write.o)
 .debug_line    0x00001aac      0x2ad ../lab7mini_bsp/\libhal_bsp.a(altera_avalon_timer_sc.o)
 .debug_line    0x00001d59      0x1cf ../lab7mini_bsp/\libhal_bsp.a(altera_avalon_uart_fd.o)
 .debug_line    0x00001f28      0x48c ../lab7mini_bsp/\libhal_bsp.a(altera_avalon_uart_init.o)
 .debug_line    0x000023b4      0x3fe ../lab7mini_bsp/\libhal_bsp.a(altera_avalon_uart_read.o)
 .debug_line    0x000027b2      0x3df ../lab7mini_bsp/\libhal_bsp.a(altera_avalon_uart_write.o)
 .debug_line    0x00002b91      0x2d6 ../lab7mini_bsp/\libhal_bsp.a(alt_alarm_start.o)
 .debug_line    0x00002e67      0x293 ../lab7mini_bsp/\libhal_bsp.a(alt_close.o)
 .debug_line    0x000030fa      0x1af ../lab7mini_bsp/\libhal_bsp.a(alt_dcache_flush_all.o)
 .debug_line    0x000032a9      0x24e ../lab7mini_bsp/\libhal_bsp.a(alt_dev.o)
 .debug_line    0x000034f7      0x254 ../lab7mini_bsp/\libhal_bsp.a(alt_dev_llist_insert.o)
 .debug_line    0x0000374b       0x83 ../lab7mini_bsp/\libhal_bsp.a(alt_do_ctors.o)
 .debug_line    0x000037ce       0x83 ../lab7mini_bsp/\libhal_bsp.a(alt_do_dtors.o)
 .debug_line    0x00003851      0x1a4 ../lab7mini_bsp/\libhal_bsp.a(alt_errno.o)
 .debug_line    0x000039f5      0x1b7 ../lab7mini_bsp/\libhal_bsp.a(alt_icache_flush_all.o)
 .debug_line    0x00003bac      0x2c2 ../lab7mini_bsp/\libhal_bsp.a(alt_iic.o)
 .debug_line    0x00003e6e      0x243 ../lab7mini_bsp/\libhal_bsp.a(alt_iic_isr_register.o)
 .debug_line    0x000040b1      0x2ae ../lab7mini_bsp/\libhal_bsp.a(alt_io_redirect.o)
 .debug_line    0x0000435f       0x6b ../lab7mini_bsp/\libhal_bsp.a(alt_irq_entry.o)
 .debug_line    0x000043ca      0x242 ../lab7mini_bsp/\libhal_bsp.a(alt_irq_handler.o)
 .debug_line    0x0000460c       0x72 ../lab7mini_bsp/\libhal_bsp.a(alt_irq_vars.o)
 .debug_line    0x0000467e      0x2f9 ../lab7mini_bsp/\libhal_bsp.a(alt_open.o)
 .debug_line    0x00004977       0xed ../lab7mini_bsp/\libhal_bsp.a(alt_release_fd.o)
 .debug_line    0x00004a64      0x2d6 ../lab7mini_bsp/\libhal_bsp.a(alt_tick.o)
 .debug_line    0x00004d3a      0x1c8 ../lab7mini_bsp/\libhal_bsp.a(altera_nios2_qsys_irq.o)
 .debug_line    0x00004f02       0xab ../lab7mini_bsp/\libhal_bsp.a(alt_exception_entry.o)
 .debug_line    0x00004fad      0x265 ../lab7mini_bsp/\libhal_bsp.a(alt_find_dev.o)
 .debug_line    0x00005212      0x276 ../lab7mini_bsp/\libhal_bsp.a(alt_find_file.o)
 .debug_line    0x00005488      0x291 ../lab7mini_bsp/\libhal_bsp.a(alt_get_fd.o)
 .debug_line    0x00005719      0x1f3 ../lab7mini_bsp/\libhal_bsp.a(alt_icache_flush.o)
 .debug_line    0x0000590c      0x1fa c:/altera/12.0/nios2eds/bin/gnu/h-i686-mingw32/bin/../lib/gcc/nios2-elf/4.1.2/../../../../nios2-elf/lib\libc.a(lib_a-atexit.o)
 .debug_line    0x00005b06      0x232 c:/altera/12.0/nios2eds/bin/gnu/h-i686-mingw32/bin/../lib/gcc/nios2-elf/4.1.2/../../../../nios2-elf/lib\libc.a(lib_a-exit.o)
 .debug_line    0x00005d38      0x224 c:/altera/12.0/nios2eds/bin/gnu/h-i686-mingw32/bin/../lib/gcc/nios2-elf/4.1.2/../../../../nios2-elf/lib\libc.a(lib_a-impure.o)
 .debug_line    0x00005f5c      0x1d9 c:/altera/12.0/nios2eds/bin/gnu/h-i686-mingw32/bin/../lib/gcc/nios2-elf/4.1.2/../../../../nios2-elf/lib\libc.a(lib_a-int_errno.o)
 .debug_line    0x00006135      0x296 c:/altera/12.0/nios2eds/bin/gnu/h-i686-mingw32/bin/../lib/gcc/nios2-elf/4.1.2/../../../../nios2-elf/lib\libc.a(lib_a-memcmp.o)
 .debug_line    0x000063cb      0x1a9 c:/altera/12.0/nios2eds/bin/gnu/h-i686-mingw32/bin/../lib/gcc/nios2-elf/4.1.2/../../../../nios2-elf/lib\libc.a(lib_a-memcpy.o)
 .debug_line    0x00006574      0x264 c:/altera/12.0/nios2eds/bin/gnu/h-i686-mingw32/bin/../lib/gcc/nios2-elf/4.1.2/../../../../nios2-elf/lib\libc.a(lib_a-strlen.o)
 .debug_line    0x000067d8      0x30d c:/altera/12.0/nios2eds/bin/gnu/h-i686-mingw32/bin/../lib/gcc/nios2-elf/4.1.2/../../../../nios2-elf/lib\libc.a(lib_a-__atexit.o)
 .debug_line    0x00006ae5      0x361 c:/altera/12.0/nios2eds/bin/gnu/h-i686-mingw32/bin/../lib/gcc/nios2-elf/4.1.2/../../../../nios2-elf/lib\libc.a(lib_a-__call_atexit.o)
 .debug_line    0x00006e46      0x200 ../lab7mini_bsp/\libhal_bsp.a(alt_exit.o)

.debug_frame    0x00000000      0xa10
 *(.debug_frame)
 .debug_frame   0x00000000       0x48 ../lab7mini_bsp/\libhal_bsp.a(alt_load.o)
 .debug_frame   0x00000048       0x2c ../lab7mini_bsp/\libhal_bsp.a(alt_main.o)
 .debug_frame   0x00000074       0x64 ../lab7mini_bsp/\libhal_bsp.a(alt_sys_init.o)
 .debug_frame   0x000000d8       0x80 ../lab7mini_bsp/\libhal_bsp.a(altera_avalon_jtag_uart_fd.o)
 .debug_frame   0x00000158       0x80 ../lab7mini_bsp/\libhal_bsp.a(altera_avalon_jtag_uart_init.o)
 .debug_frame   0x000001d8       0x2c ../lab7mini_bsp/\libhal_bsp.a(altera_avalon_jtag_uart_ioctl.o)
 .debug_frame   0x00000204       0x2c ../lab7mini_bsp/\libhal_bsp.a(altera_avalon_jtag_uart_read.o)
 .debug_frame   0x00000230       0x2c ../lab7mini_bsp/\libhal_bsp.a(altera_avalon_jtag_uart_write.o)
 .debug_frame   0x0000025c       0x48 ../lab7mini_bsp/\libhal_bsp.a(altera_avalon_timer_sc.o)
 .debug_frame   0x000002a4       0x64 ../lab7mini_bsp/\libhal_bsp.a(altera_avalon_uart_fd.o)
 .debug_frame   0x00000308       0x9c ../lab7mini_bsp/\libhal_bsp.a(altera_avalon_uart_init.o)
 .debug_frame   0x000003a4       0x48 ../lab7mini_bsp/\libhal_bsp.a(altera_avalon_uart_read.o)
 .debug_frame   0x000003ec       0x48 ../lab7mini_bsp/\libhal_bsp.a(altera_avalon_uart_write.o)
 .debug_frame   0x00000434       0x2c ../lab7mini_bsp/\libhal_bsp.a(alt_alarm_start.o)
 .debug_frame   0x00000460       0x48 ../lab7mini_bsp/\libhal_bsp.a(alt_close.o)
 .debug_frame   0x000004a8       0x2c ../lab7mini_bsp/\libhal_bsp.a(alt_dcache_flush_all.o)
 .debug_frame   0x000004d4       0x2c ../lab7mini_bsp/\libhal_bsp.a(alt_dev.o)
 .debug_frame   0x00000500       0x48 ../lab7mini_bsp/\libhal_bsp.a(alt_dev_llist_insert.o)
 .debug_frame   0x00000548       0x2c ../lab7mini_bsp/\libhal_bsp.a(alt_do_ctors.o)
 .debug_frame   0x00000574       0x2c ../lab7mini_bsp/\libhal_bsp.a(alt_do_dtors.o)
 .debug_frame   0x000005a0       0x2c ../lab7mini_bsp/\libhal_bsp.a(alt_icache_flush_all.o)
 .debug_frame   0x000005cc       0x80 ../lab7mini_bsp/\libhal_bsp.a(alt_iic.o)
 .debug_frame   0x0000064c       0x2c ../lab7mini_bsp/\libhal_bsp.a(alt_iic_isr_register.o)
 .debug_frame   0x00000678       0x48 ../lab7mini_bsp/\libhal_bsp.a(alt_io_redirect.o)
 .debug_frame   0x000006c0       0x2c ../lab7mini_bsp/\libhal_bsp.a(alt_irq_handler.o)
 .debug_frame   0x000006ec       0x64 ../lab7mini_bsp/\libhal_bsp.a(alt_open.o)
 .debug_frame   0x00000750       0x2c ../lab7mini_bsp/\libhal_bsp.a(alt_release_fd.o)
 .debug_frame   0x0000077c       0x48 ../lab7mini_bsp/\libhal_bsp.a(alt_tick.o)
 .debug_frame   0x000007c4       0x2c ../lab7mini_bsp/\libhal_bsp.a(altera_nios2_qsys_irq.o)
 .debug_frame   0x000007f0       0x2c ../lab7mini_bsp/\libhal_bsp.a(alt_find_dev.o)
 .debug_frame   0x0000081c       0x2c ../lab7mini_bsp/\libhal_bsp.a(alt_find_file.o)
 .debug_frame   0x00000848       0x2c ../lab7mini_bsp/\libhal_bsp.a(alt_get_fd.o)
 .debug_frame   0x00000874       0x2c ../lab7mini_bsp/\libhal_bsp.a(alt_icache_flush.o)
 .debug_frame   0x000008a0       0x20 c:/altera/12.0/nios2eds/bin/gnu/h-i686-mingw32/bin/../lib/gcc/nios2-elf/4.1.2/../../../../nios2-elf/lib\libc.a(lib_a-atexit.o)
 .debug_frame   0x000008c0       0x28 c:/altera/12.0/nios2eds/bin/gnu/h-i686-mingw32/bin/../lib/gcc/nios2-elf/4.1.2/../../../../nios2-elf/lib\libc.a(lib_a-exit.o)
 .debug_frame   0x000008e8       0x20 c:/altera/12.0/nios2eds/bin/gnu/h-i686-mingw32/bin/../lib/gcc/nios2-elf/4.1.2/../../../../nios2-elf/lib\libc.a(lib_a-memcmp.o)
 .debug_frame   0x00000908       0x20 c:/altera/12.0/nios2eds/bin/gnu/h-i686-mingw32/bin/../lib/gcc/nios2-elf/4.1.2/../../../../nios2-elf/lib\libc.a(lib_a-memcpy.o)
 .debug_frame   0x00000928       0x20 c:/altera/12.0/nios2eds/bin/gnu/h-i686-mingw32/bin/../lib/gcc/nios2-elf/4.1.2/../../../../nios2-elf/lib\libc.a(lib_a-strlen.o)
 .debug_frame   0x00000948       0x34 c:/altera/12.0/nios2eds/bin/gnu/h-i686-mingw32/bin/../lib/gcc/nios2-elf/4.1.2/../../../../nios2-elf/lib\libc.a(lib_a-__atexit.o)
 .debug_frame   0x0000097c       0x4c c:/altera/12.0/nios2eds/bin/gnu/h-i686-mingw32/bin/../lib/gcc/nios2-elf/4.1.2/../../../../nios2-elf/lib\libc.a(lib_a-__call_atexit.o)
 .debug_frame   0x000009c8       0x48 ../lab7mini_bsp/\libhal_bsp.a(alt_exit.o)

.debug_str      0x00000000      0xb00
 *(.debug_str)
 .debug_str     0x00000000       0x12 ../lab7mini_bsp/\libhal_bsp.a(alt_load.o)
 .debug_str     0x00000012       0x12 ../lab7mini_bsp/\libhal_bsp.a(alt_main.o)
 .debug_str     0x00000024       0x12 ../lab7mini_bsp/\libhal_bsp.a(alt_sys_init.o)
 .debug_str     0x00000036       0x12 ../lab7mini_bsp/\libhal_bsp.a(altera_avalon_jtag_uart_fd.o)
 .debug_str     0x00000048       0x1a ../lab7mini_bsp/\libhal_bsp.a(altera_avalon_jtag_uart_init.o)
 .debug_str     0x00000062       0x12 ../lab7mini_bsp/\libhal_bsp.a(altera_avalon_jtag_uart_ioctl.o)
 .debug_str     0x00000074       0x1a ../lab7mini_bsp/\libhal_bsp.a(altera_avalon_jtag_uart_read.o)
 .debug_str     0x0000008e       0x1a ../lab7mini_bsp/\libhal_bsp.a(altera_avalon_jtag_uart_write.o)
 .debug_str     0x000000a8       0x12 ../lab7mini_bsp/\libhal_bsp.a(altera_avalon_timer_sc.o)
 .debug_str     0x000000ba       0x12 ../lab7mini_bsp/\libhal_bsp.a(altera_avalon_uart_fd.o)
 .debug_str     0x000000cc       0x19 ../lab7mini_bsp/\libhal_bsp.a(altera_avalon_uart_init.o)
 .debug_str     0x000000e5       0x1a ../lab7mini_bsp/\libhal_bsp.a(altera_avalon_uart_read.o)
 .debug_str     0x000000ff       0x1a ../lab7mini_bsp/\libhal_bsp.a(altera_avalon_uart_write.o)
 .debug_str     0x00000119       0x23 ../lab7mini_bsp/\libhal_bsp.a(alt_alarm_start.o)
 .debug_str     0x0000013c       0x12 ../lab7mini_bsp/\libhal_bsp.a(alt_close.o)
 .debug_str     0x0000014e       0x12 ../lab7mini_bsp/\libhal_bsp.a(alt_dcache_flush_all.o)
 .debug_str     0x00000160       0x12 ../lab7mini_bsp/\libhal_bsp.a(alt_dev.o)
 .debug_str     0x00000172       0x12 ../lab7mini_bsp/\libhal_bsp.a(alt_dev_llist_insert.o)
 .debug_str     0x00000184       0x12 ../lab7mini_bsp/\libhal_bsp.a(alt_errno.o)
 .debug_str     0x00000196       0x12 ../lab7mini_bsp/\libhal_bsp.a(alt_icache_flush_all.o)
 .debug_str     0x000001a8       0x18 ../lab7mini_bsp/\libhal_bsp.a(alt_iic.o)
 .debug_str     0x000001c0       0x1a ../lab7mini_bsp/\libhal_bsp.a(alt_iic_isr_register.o)
 .debug_str     0x000001da       0x12 ../lab7mini_bsp/\libhal_bsp.a(alt_io_redirect.o)
 .debug_str     0x000001ec       0x12 ../lab7mini_bsp/\libhal_bsp.a(alt_irq_handler.o)
 .debug_str     0x000001fe       0x12 ../lab7mini_bsp/\libhal_bsp.a(alt_open.o)
 .debug_str     0x00000210       0x1a ../lab7mini_bsp/\libhal_bsp.a(alt_tick.o)
 .debug_str     0x0000022a       0x12 ../lab7mini_bsp/\libhal_bsp.a(altera_nios2_qsys_irq.o)
 .debug_str     0x0000023c       0x12 ../lab7mini_bsp/\libhal_bsp.a(alt_find_dev.o)
 .debug_str     0x0000024e       0x12 ../lab7mini_bsp/\libhal_bsp.a(alt_find_file.o)
 .debug_str     0x00000260       0x12 ../lab7mini_bsp/\libhal_bsp.a(alt_get_fd.o)
 .debug_str     0x00000272       0x12 ../lab7mini_bsp/\libhal_bsp.a(alt_icache_flush.o)
 .debug_str     0x00000284      0x176 c:/altera/12.0/nios2eds/bin/gnu/h-i686-mingw32/bin/../lib/gcc/nios2-elf/4.1.2/../../../../nios2-elf/lib\libc.a(lib_a-atexit.o)
                                0x1bc (size before relaxing)
 .debug_str     0x000003fa      0x384 c:/altera/12.0/nios2eds/bin/gnu/h-i686-mingw32/bin/../lib/gcc/nios2-elf/4.1.2/../../../../nios2-elf/lib\libc.a(lib_a-exit.o)
                                0x509 (size before relaxing)
 .debug_str     0x0000077e       0xce c:/altera/12.0/nios2eds/bin/gnu/h-i686-mingw32/bin/../lib/gcc/nios2-elf/4.1.2/../../../../nios2-elf/lib\libc.a(lib_a-impure.o)
                                0x517 (size before relaxing)
 .debug_str     0x0000084c       0x3d c:/altera/12.0/nios2eds/bin/gnu/h-i686-mingw32/bin/../lib/gcc/nios2-elf/4.1.2/../../../../nios2-elf/lib\libc.a(lib_a-int_errno.o)
                                0x160 (size before relaxing)
 .debug_str     0x00000889       0xd2 c:/altera/12.0/nios2eds/bin/gnu/h-i686-mingw32/bin/../lib/gcc/nios2-elf/4.1.2/../../../../nios2-elf/lib\libc.a(lib_a-memcmp.o)
                                0x167 (size before relaxing)
 .debug_str     0x0000095b       0x69 c:/altera/12.0/nios2eds/bin/gnu/h-i686-mingw32/bin/../lib/gcc/nios2-elf/4.1.2/../../../../nios2-elf/lib\libc.a(lib_a-memcpy.o)
                                0x125 (size before relaxing)
 .debug_str     0x000009c4       0x4f c:/altera/12.0/nios2eds/bin/gnu/h-i686-mingw32/bin/../lib/gcc/nios2-elf/4.1.2/../../../../nios2-elf/lib\libc.a(lib_a-strlen.o)
                                0x17a (size before relaxing)
 .debug_str     0x00000a13       0x56 c:/altera/12.0/nios2eds/bin/gnu/h-i686-mingw32/bin/../lib/gcc/nios2-elf/4.1.2/../../../../nios2-elf/lib\libc.a(lib_a-__atexit.o)
                                0x521 (size before relaxing)
 .debug_str     0x00000a69       0x7b c:/altera/12.0/nios2eds/bin/gnu/h-i686-mingw32/bin/../lib/gcc/nios2-elf/4.1.2/../../../../nios2-elf/lib\libc.a(lib_a-__call_atexit.o)
                                0x54b (size before relaxing)
 .debug_str     0x00000ae4       0x1c ../lab7mini_bsp/\libhal_bsp.a(alt_exit.o)

.debug_loc      0x00000000      0xfcb
 *(.debug_loc)
 .debug_loc     0x00000000       0x56 ../lab7mini_bsp/\libhal_bsp.a(alt_load.o)
 .debug_loc     0x00000056       0x2b ../lab7mini_bsp/\libhal_bsp.a(alt_main.o)
 .debug_loc     0x00000081       0x81 ../lab7mini_bsp/\libhal_bsp.a(alt_sys_init.o)
 .debug_loc     0x00000102       0xac ../lab7mini_bsp/\libhal_bsp.a(altera_avalon_jtag_uart_fd.o)
 .debug_loc     0x000001ae       0xac ../lab7mini_bsp/\libhal_bsp.a(altera_avalon_jtag_uart_init.o)
 .debug_loc     0x0000025a       0x2b ../lab7mini_bsp/\libhal_bsp.a(altera_avalon_jtag_uart_ioctl.o)
 .debug_loc     0x00000285       0x2b ../lab7mini_bsp/\libhal_bsp.a(altera_avalon_jtag_uart_read.o)
 .debug_loc     0x000002b0       0x2b ../lab7mini_bsp/\libhal_bsp.a(altera_avalon_jtag_uart_write.o)
 .debug_loc     0x000002db       0x56 ../lab7mini_bsp/\libhal_bsp.a(altera_avalon_timer_sc.o)
 .debug_loc     0x00000331       0x81 ../lab7mini_bsp/\libhal_bsp.a(altera_avalon_uart_fd.o)
 .debug_loc     0x000003b2       0xd7 ../lab7mini_bsp/\libhal_bsp.a(altera_avalon_uart_init.o)
 .debug_loc     0x00000489       0x57 ../lab7mini_bsp/\libhal_bsp.a(altera_avalon_uart_read.o)
 .debug_loc     0x000004e0       0x56 ../lab7mini_bsp/\libhal_bsp.a(altera_avalon_uart_write.o)
 .debug_loc     0x00000536       0x2b ../lab7mini_bsp/\libhal_bsp.a(alt_alarm_start.o)
 .debug_loc     0x00000561       0x56 ../lab7mini_bsp/\libhal_bsp.a(alt_close.o)
 .debug_loc     0x000005b7       0x2b ../lab7mini_bsp/\libhal_bsp.a(alt_dcache_flush_all.o)
 .debug_loc     0x000005e2       0x2b ../lab7mini_bsp/\libhal_bsp.a(alt_dev.o)
 .debug_loc     0x0000060d       0x56 ../lab7mini_bsp/\libhal_bsp.a(alt_dev_llist_insert.o)
 .debug_loc     0x00000663       0x2b ../lab7mini_bsp/\libhal_bsp.a(alt_do_ctors.o)
 .debug_loc     0x0000068e       0x2b ../lab7mini_bsp/\libhal_bsp.a(alt_do_dtors.o)
 .debug_loc     0x000006b9       0x2b ../lab7mini_bsp/\libhal_bsp.a(alt_icache_flush_all.o)
 .debug_loc     0x000006e4       0xac ../lab7mini_bsp/\libhal_bsp.a(alt_iic.o)
 .debug_loc     0x00000790       0x2b ../lab7mini_bsp/\libhal_bsp.a(alt_iic_isr_register.o)
 .debug_loc     0x000007bb       0x56 ../lab7mini_bsp/\libhal_bsp.a(alt_io_redirect.o)
 .debug_loc     0x00000811       0x2b ../lab7mini_bsp/\libhal_bsp.a(alt_irq_handler.o)
 .debug_loc     0x0000083c       0x81 ../lab7mini_bsp/\libhal_bsp.a(alt_open.o)
 .debug_loc     0x000008bd       0x2b ../lab7mini_bsp/\libhal_bsp.a(alt_release_fd.o)
 .debug_loc     0x000008e8       0x56 ../lab7mini_bsp/\libhal_bsp.a(alt_tick.o)
 .debug_loc     0x0000093e       0x2b ../lab7mini_bsp/\libhal_bsp.a(altera_nios2_qsys_irq.o)
 .debug_loc     0x00000969       0x2b ../lab7mini_bsp/\libhal_bsp.a(alt_find_dev.o)
 .debug_loc     0x00000994       0x2b ../lab7mini_bsp/\libhal_bsp.a(alt_find_file.o)
 .debug_loc     0x000009bf       0x2b ../lab7mini_bsp/\libhal_bsp.a(alt_get_fd.o)
 .debug_loc     0x000009ea       0x2b ../lab7mini_bsp/\libhal_bsp.a(alt_icache_flush.o)
 .debug_loc     0x00000a15       0x1e c:/altera/12.0/nios2eds/bin/gnu/h-i686-mingw32/bin/../lib/gcc/nios2-elf/4.1.2/../../../../nios2-elf/lib\libc.a(lib_a-atexit.o)
 .debug_loc     0x00000a33       0x3d c:/altera/12.0/nios2eds/bin/gnu/h-i686-mingw32/bin/../lib/gcc/nios2-elf/4.1.2/../../../../nios2-elf/lib\libc.a(lib_a-exit.o)
 .debug_loc     0x00000a70      0x114 c:/altera/12.0/nios2eds/bin/gnu/h-i686-mingw32/bin/../lib/gcc/nios2-elf/4.1.2/../../../../nios2-elf/lib\libc.a(lib_a-memcmp.o)
 .debug_loc     0x00000b84       0xca c:/altera/12.0/nios2eds/bin/gnu/h-i686-mingw32/bin/../lib/gcc/nios2-elf/4.1.2/../../../../nios2-elf/lib\libc.a(lib_a-memcpy.o)
 .debug_loc     0x00000c4e       0x3c c:/altera/12.0/nios2eds/bin/gnu/h-i686-mingw32/bin/../lib/gcc/nios2-elf/4.1.2/../../../../nios2-elf/lib\libc.a(lib_a-strlen.o)
 .debug_loc     0x00000c8a      0x120 c:/altera/12.0/nios2eds/bin/gnu/h-i686-mingw32/bin/../lib/gcc/nios2-elf/4.1.2/../../../../nios2-elf/lib\libc.a(lib_a-__atexit.o)
 .debug_loc     0x00000daa      0x1cb c:/altera/12.0/nios2eds/bin/gnu/h-i686-mingw32/bin/../lib/gcc/nios2-elf/4.1.2/../../../../nios2-elf/lib\libc.a(lib_a-__call_atexit.o)
 .debug_loc     0x00000f75       0x56 ../lab7mini_bsp/\libhal_bsp.a(alt_exit.o)

.debug_macinfo
 *(.debug_macinfo)

.debug_weaknames
 *(.debug_weaknames)

.debug_funcnames
 *(.debug_funcnames)

.debug_typenames
 *(.debug_typenames)

.debug_varnames
 *(.debug_varnames)

.debug_alt_sim_info
                0x00000000       0x20
 *(.debug_alt_sim_info)
 .debug_alt_sim_info
                0x00000000       0x20 ../lab7mini_bsp//obj/HAL/src/crt0.o
                0x00800000                __alt_data_end = 0x800000
                0x00800000                PROVIDE (__alt_stack_pointer, __alt_data_end)
                0x000063e0                PROVIDE (__alt_stack_limit, __alt_stack_base)
                0x000063e0                PROVIDE (__alt_heap_start, end)
                0x00800000                PROVIDE (__alt_heap_limit, 0x800000)
OUTPUT(lab7mini.elf elf32-littlenios2)

.debug_ranges   0x00000000       0x90
 .debug_ranges  0x00000000       0x20 ../lab7mini_bsp//obj/HAL/src/crt0.o
 .debug_ranges  0x00000020       0x28 ../lab7mini_bsp/\libhal_bsp.a(alt_irq_entry.o)
 .debug_ranges  0x00000048       0x30 ../lab7mini_bsp/\libhal_bsp.a(alt_exception_entry.o)
 .debug_ranges  0x00000078       0x18 c:/altera/12.0/nios2eds/bin/gnu/h-i686-mingw32/bin/../lib/gcc/nios2-elf/4.1.2/../../../../nios2-elf/lib\libc.a(lib_a-__call_atexit.o)
