Archive member included because of file (symbol)

../lab5_bsp/\libhal_bsp.a(alt_load.o)
                              ../lab5_bsp//obj/HAL/src/crt0.o (alt_load)
../lab5_bsp/\libhal_bsp.a(alt_main.o)
                              ../lab5_bsp//obj/HAL/src/crt0.o (alt_main)
../lab5_bsp/\libhal_bsp.a(alt_sys_init.o)
                              ../lab5_bsp/\libhal_bsp.a(alt_main.o) (alt_irq_init)
../lab5_bsp/\libhal_bsp.a(altera_avalon_jtag_uart_fd.o)
                              ../lab5_bsp/\libhal_bsp.a(alt_sys_init.o) (altera_avalon_jtag_uart_read_fd)
../lab5_bsp/\libhal_bsp.a(altera_avalon_jtag_uart_init.o)
                              ../lab5_bsp/\libhal_bsp.a(alt_sys_init.o) (altera_avalon_jtag_uart_init)
../lab5_bsp/\libhal_bsp.a(altera_avalon_jtag_uart_ioctl.o)
                              ../lab5_bsp/\libhal_bsp.a(altera_avalon_jtag_uart_fd.o) (altera_avalon_jtag_uart_ioctl)
../lab5_bsp/\libhal_bsp.a(altera_avalon_jtag_uart_read.o)
                              ../lab5_bsp/\libhal_bsp.a(altera_avalon_jtag_uart_fd.o) (altera_avalon_jtag_uart_read)
../lab5_bsp/\libhal_bsp.a(altera_avalon_jtag_uart_write.o)
                              ../lab5_bsp/\libhal_bsp.a(altera_avalon_jtag_uart_fd.o) (altera_avalon_jtag_uart_write)
../lab5_bsp/\libhal_bsp.a(altera_avalon_timer_sc.o)
                              ../lab5_bsp/\libhal_bsp.a(alt_sys_init.o) (alt_avalon_timer_sc_init)
../lab5_bsp/\libhal_bsp.a(altera_avalon_uart_fd.o)
                              ../lab5_bsp/\libhal_bsp.a(alt_sys_init.o) (altera_avalon_uart_read_fd)
../lab5_bsp/\libhal_bsp.a(altera_avalon_uart_init.o)
                              ../lab5_bsp/\libhal_bsp.a(alt_sys_init.o) (altera_avalon_uart_init)
../lab5_bsp/\libhal_bsp.a(altera_avalon_uart_read.o)
                              ../lab5_bsp/\libhal_bsp.a(altera_avalon_uart_fd.o) (altera_avalon_uart_read)
../lab5_bsp/\libhal_bsp.a(altera_avalon_uart_write.o)
                              ../lab5_bsp/\libhal_bsp.a(altera_avalon_uart_fd.o) (altera_avalon_uart_write)
../lab5_bsp/\libhal_bsp.a(alt_alarm_start.o)
                              ../lab5_bsp/\libhal_bsp.a(altera_avalon_jtag_uart_init.o) (alt_alarm_start)
../lab5_bsp/\libhal_bsp.a(alt_close.o)
                              ../lab5_bsp/\libhal_bsp.a(alt_main.o) (close)
../lab5_bsp/\libhal_bsp.a(alt_dcache_flush_all.o)
                              ../lab5_bsp/\libhal_bsp.a(alt_load.o) (alt_dcache_flush_all)
../lab5_bsp/\libhal_bsp.a(alt_dev.o)
                              ../lab5_bsp/\libhal_bsp.a(alt_sys_init.o) (alt_dev_list)
../lab5_bsp/\libhal_bsp.a(alt_dev_llist_insert.o)
                              ../lab5_bsp/\libhal_bsp.a(alt_sys_init.o) (alt_dev_llist_insert)
../lab5_bsp/\libhal_bsp.a(alt_do_ctors.o)
                              ../lab5_bsp/\libhal_bsp.a(alt_main.o) (_do_ctors)
../lab5_bsp/\libhal_bsp.a(alt_do_dtors.o)
                              ../lab5_bsp/\libhal_bsp.a(alt_main.o) (_do_dtors)
../lab5_bsp/\libhal_bsp.a(alt_errno.o)
                              ../lab5_bsp/\libhal_bsp.a(altera_avalon_uart_read.o) (alt_errno)
../lab5_bsp/\libhal_bsp.a(alt_icache_flush_all.o)
                              ../lab5_bsp/\libhal_bsp.a(alt_load.o) (alt_icache_flush_all)
../lab5_bsp/\libhal_bsp.a(alt_iic.o)
                              ../lab5_bsp/\libhal_bsp.a(altera_avalon_jtag_uart_init.o) (alt_ic_isr_register)
../lab5_bsp/\libhal_bsp.a(alt_iic_isr_register.o)
                              ../lab5_bsp/\libhal_bsp.a(alt_iic.o) (alt_iic_isr_register)
../lab5_bsp/\libhal_bsp.a(alt_io_redirect.o)
                              ../lab5_bsp/\libhal_bsp.a(alt_main.o) (alt_io_redirect)
../lab5_bsp/\libhal_bsp.a(alt_irq_entry.o)
                              ../lab5_bsp/\libhal_bsp.a(alt_iic_isr_register.o) (alt_irq_entry)
../lab5_bsp/\libhal_bsp.a(alt_irq_handler.o)
                              ../lab5_bsp/\libhal_bsp.a(alt_iic_isr_register.o) (alt_irq_handler)
../lab5_bsp/\libhal_bsp.a(alt_irq_vars.o)
                              ../lab5_bsp/\libhal_bsp.a(alt_iic.o) (alt_irq_active)
../lab5_bsp/\libhal_bsp.a(alt_open.o)
                              ../lab5_bsp/\libhal_bsp.a(alt_io_redirect.o) (open)
../lab5_bsp/\libhal_bsp.a(alt_release_fd.o)
                              ../lab5_bsp/\libhal_bsp.a(alt_close.o) (alt_release_fd)
../lab5_bsp/\libhal_bsp.a(alt_tick.o)
                              ../lab5_bsp/\libhal_bsp.a(altera_avalon_jtag_uart_init.o) (_alt_tick_rate)
../lab5_bsp/\libhal_bsp.a(altera_nios2_qsys_irq.o)
                              ../lab5_bsp/\libhal_bsp.a(alt_sys_init.o) (altera_nios2_qsys_irq_init)
../lab5_bsp/\libhal_bsp.a(alt_exception_entry.o)
                              ../lab5_bsp/\libhal_bsp.a(alt_irq_entry.o) (alt_exception)
../lab5_bsp/\libhal_bsp.a(alt_find_dev.o)
                              ../lab5_bsp/\libhal_bsp.a(alt_open.o) (alt_find_dev)
../lab5_bsp/\libhal_bsp.a(alt_find_file.o)
                              ../lab5_bsp/\libhal_bsp.a(alt_open.o) (alt_find_file)
../lab5_bsp/\libhal_bsp.a(alt_get_fd.o)
                              ../lab5_bsp/\libhal_bsp.a(alt_open.o) (alt_get_fd)
../lab5_bsp/\libhal_bsp.a(alt_icache_flush.o)
                              ../lab5_bsp/\libhal_bsp.a(alt_icache_flush_all.o) (alt_icache_flush)
c:/altera/12.0/nios2eds/bin/gnu/h-i686-mingw32/bin/../lib/gcc/nios2-elf/4.1.2/../../../../nios2-elf/lib\libc.a(lib_a-atexit.o)
                              ../lab5_bsp/\libhal_bsp.a(alt_main.o) (atexit)
c:/altera/12.0/nios2eds/bin/gnu/h-i686-mingw32/bin/../lib/gcc/nios2-elf/4.1.2/../../../../nios2-elf/lib\libc.a(lib_a-exit.o)
                              ../lab5_bsp/\libhal_bsp.a(alt_main.o) (exit)
c:/altera/12.0/nios2eds/bin/gnu/h-i686-mingw32/bin/../lib/gcc/nios2-elf/4.1.2/../../../../nios2-elf/lib\libc.a(lib_a-impure.o)
                              c:/altera/12.0/nios2eds/bin/gnu/h-i686-mingw32/bin/../lib/gcc/nios2-elf/4.1.2/../../../../nios2-elf/lib\libc.a(lib_a-exit.o) (_global_impure_ptr)
c:/altera/12.0/nios2eds/bin/gnu/h-i686-mingw32/bin/../lib/gcc/nios2-elf/4.1.2/../../../../nios2-elf/lib\libc.a(lib_a-int_errno.o)
                              ../lab5_bsp/\libhal_bsp.a(altera_avalon_uart_read.o) (errno)
c:/altera/12.0/nios2eds/bin/gnu/h-i686-mingw32/bin/../lib/gcc/nios2-elf/4.1.2/../../../../nios2-elf/lib\libc.a(lib_a-memcmp.o)
                              ../lab5_bsp/\libhal_bsp.a(alt_find_dev.o) (memcmp)
c:/altera/12.0/nios2eds/bin/gnu/h-i686-mingw32/bin/../lib/gcc/nios2-elf/4.1.2/../../../../nios2-elf/lib\libc.a(lib_a-memcpy.o)
                              ../lab5_bsp/\libhal_bsp.a(altera_avalon_jtag_uart_read.o) (memcpy)
c:/altera/12.0/nios2eds/bin/gnu/h-i686-mingw32/bin/../lib/gcc/nios2-elf/4.1.2/../../../../nios2-elf/lib\libc.a(lib_a-strlen.o)
                              ../lab5_bsp/\libhal_bsp.a(alt_find_dev.o) (strlen)
c:/altera/12.0/nios2eds/bin/gnu/h-i686-mingw32/bin/../lib/gcc/nios2-elf/4.1.2/../../../../nios2-elf/lib\libc.a(lib_a-__atexit.o)
                              c:/altera/12.0/nios2eds/bin/gnu/h-i686-mingw32/bin/../lib/gcc/nios2-elf/4.1.2/../../../../nios2-elf/lib\libc.a(lib_a-atexit.o) (__register_exitproc)
c:/altera/12.0/nios2eds/bin/gnu/h-i686-mingw32/bin/../lib/gcc/nios2-elf/4.1.2/../../../../nios2-elf/lib\libc.a(lib_a-__call_atexit.o)
                              c:/altera/12.0/nios2eds/bin/gnu/h-i686-mingw32/bin/../lib/gcc/nios2-elf/4.1.2/../../../../nios2-elf/lib\libc.a(lib_a-exit.o) (__call_exitprocs)
../lab5_bsp/\libhal_bsp.a(alt_exit.o)
                              c:/altera/12.0/nios2eds/bin/gnu/h-i686-mingw32/bin/../lib/gcc/nios2-elf/4.1.2/../../../../nios2-elf/lib\libc.a(lib_a-exit.o) (_exit)

Allocating common symbols
Common symbol       size              file

alt_irq             0x100             ../lab5_bsp/\libhal_bsp.a(alt_irq_handler.o)
errno               0x4               c:/altera/12.0/nios2eds/bin/gnu/h-i686-mingw32/bin/../lib/gcc/nios2-elf/4.1.2/../../../../nios2-elf/lib\libc.a(lib_a-int_errno.o)
_atexit0            0x190             c:/altera/12.0/nios2eds/bin/gnu/h-i686-mingw32/bin/../lib/gcc/nios2-elf/4.1.2/../../../../nios2-elf/lib\libc.a(lib_a-atexit.o)

Memory Configuration

Name             Origin             Length             Attributes
reset            0x00000000         0x00000020
sdram            0x00000020         0x007fffe0
*default*        0x00000000         0xffffffff

Linker script and memory map

LOAD ../lab5_bsp//obj/HAL/src/crt0.o
LOAD obj/default/lab5.o
LOAD c:/altera/12.0/nios2eds/bin/gnu/h-i686-mingw32/bin/../lib/gcc/nios2-elf/4.1.2/../../../../nios2-elf/lib\libstdc++.a
LOAD c:/altera/12.0/nios2eds/bin/gnu/h-i686-mingw32/bin/../lib/gcc/nios2-elf/4.1.2/../../../../nios2-elf/lib\libm.a
LOAD c:/altera/12.0/nios2eds/bin/gnu/h-i686-mingw32/bin/../lib/gcc/nios2-elf/4.1.2\libgcc.a
START GROUP
LOAD c:/altera/12.0/nios2eds/bin/gnu/h-i686-mingw32/bin/../lib/gcc/nios2-elf/4.1.2/../../../../nios2-elf/lib\libc.a
LOAD c:/altera/12.0/nios2eds/bin/gnu/h-i686-mingw32/bin/../lib/gcc/nios2-elf/4.1.2\libgcc.a
LOAD ../lab5_bsp/\libhal_bsp.a
END GROUP
LOAD c:/altera/12.0/nios2eds/bin/gnu/h-i686-mingw32/bin/../lib/gcc/nios2-elf/4.1.2\libgcc.a
                0x00000000                __alt_mem_sdram = 0x0

.entry          0x00000000       0x20
 *(.entry)
 .entry         0x00000000       0x20 ../lab5_bsp//obj/HAL/src/crt0.o
                0x00000000                __reset

.exceptions     0x00000020      0x194
                0x00000020                PROVIDE (__ram_exceptions_start, ABSOLUTE (.))
                0x00000020                . = ALIGN (0x20)
 *(.irq)
 *(.exceptions.entry.label)
 .exceptions.entry.label
                0x00000020        0x0 ../lab5_bsp/\libhal_bsp.a(alt_irq_entry.o)
                0x00000020                alt_irq_entry
 .exceptions.entry.label
                0x00000020        0x0 ../lab5_bsp/\libhal_bsp.a(alt_exception_entry.o)
                0x00000020                alt_exception
 *(.exceptions.entry.user)
 *(.exceptions.entry)
 .exceptions.entry
                0x00000020       0x54 ../lab5_bsp/\libhal_bsp.a(alt_exception_entry.o)
 *(.exceptions.irqtest.user)
 *(.exceptions.irqtest)
 .exceptions.irqtest
                0x00000074       0x10 ../lab5_bsp/\libhal_bsp.a(alt_irq_entry.o)
 *(.exceptions.irqhandler.user)
 *(.exceptions.irqhandler)
 .exceptions.irqhandler
                0x00000084        0x4 ../lab5_bsp/\libhal_bsp.a(alt_irq_entry.o)
 *(.exceptions.irqreturn.user)
 *(.exceptions.irqreturn)
 .exceptions.irqreturn
                0x00000088        0x4 ../lab5_bsp/\libhal_bsp.a(alt_irq_entry.o)
 *(.exceptions.notirq.label)
 .exceptions.notirq.label
                0x0000008c        0x0 ../lab5_bsp/\libhal_bsp.a(alt_irq_entry.o)
 *(.exceptions.notirq.user)
 *(.exceptions.notirq)
 .exceptions.notirq
                0x0000008c        0x8 ../lab5_bsp/\libhal_bsp.a(alt_exception_entry.o)
 *(.exceptions.soft.user)
 *(.exceptions.soft)
 *(.exceptions.unknown.user)
 *(.exceptions.unknown)
 .exceptions.unknown
                0x00000094        0x4 ../lab5_bsp/\libhal_bsp.a(alt_exception_entry.o)
 *(.exceptions.exit.label)
 .exceptions.exit.label
                0x00000098        0x0 ../lab5_bsp/\libhal_bsp.a(alt_irq_entry.o)
 .exceptions.exit.label
                0x00000098        0x0 ../lab5_bsp/\libhal_bsp.a(alt_exception_entry.o)
 *(.exceptions.exit.user)
 *(.exceptions.exit)
 .exceptions.exit
                0x00000098       0x54 ../lab5_bsp/\libhal_bsp.a(alt_exception_entry.o)
 *(.exceptions)
 .exceptions    0x000000ec       0xc8 ../lab5_bsp/\libhal_bsp.a(alt_irq_handler.o)
                0x000000ec                alt_irq_handler
                0x000001b4                PROVIDE (__ram_exceptions_end, ABSOLUTE (.))
                0x00000020                PROVIDE (__flash_exceptions_start, LOADADDR (.exceptions))

.text           0x000001b4     0x2ec8
                0x000001b4                PROVIDE (stext, ABSOLUTE (.))
 *(.interp)
 *(.hash)
 *(.dynsym)
 *(.dynstr)
 *(.gnu.version)
 *(.gnu.version_d)
 *(.gnu.version_r)
 *(.rel.init)
 *(.rela.init)
 *(.rel.text .rel.text.* .rel.gnu.linkonce.t.*)
 *(.rela.text .rela.text.* .rela.gnu.linkonce.t.*)
 *(.rel.fini)
 *(.rela.fini)
 *(.rel.rodata .rel.rodata.* .rel.gnu.linkonce.r.*)
 *(.rela.rodata .rela.rodata.* .rela.gnu.linkonce.r.*)
 *(.rel.data .rel.data.* .rel.gnu.linkonce.d.*)
 *(.rela.data .rela.data.* .rela.gnu.linkonce.d.*)
 *(.rel.tdata .rel.tdata.* .rel.gnu.linkonce.td.*)
 *(.rela.tdata .rela.tdata.* .rela.gnu.linkonce.td.*)
 *(.rel.tbss .rel.tbss.* .rel.gnu.linkonce.tb.*)
 *(.rela.tbss .rela.tbss.* .rela.gnu.linkonce.tb.*)
 *(.rel.ctors)
 *(.rela.ctors)
 *(.rel.dtors)
 *(.rela.dtors)
 *(.rel.got)
 *(.rela.got)
 *(.rel.sdata .rel.sdata.* .rel.gnu.linkonce.s.*)
 *(.rela.sdata .rela.sdata.* .rela.gnu.linkonce.s.*)
 *(.rel.sbss .rel.sbss.* .rel.gnu.linkonce.sb.*)
 *(.rela.sbss .rela.sbss.* .rela.gnu.linkonce.sb.*)
 *(.rel.sdata2 .rel.sdata2.* .rel.gnu.linkonce.s2.*)
 *(.rela.sdata2 .rela.sdata2.* .rela.gnu.linkonce.s2.*)
 *(.rel.sbss2 .rel.sbss2.* .rel.gnu.linkonce.sb2.*)
 *(.rela.sbss2 .rela.sbss2.* .rela.gnu.linkonce.sb2.*)
 *(.rel.bss .rel.bss.* .rel.gnu.linkonce.b.*)
 *(.rela.bss .rela.bss.* .rela.gnu.linkonce.b.*)
 *(.rel.plt)
 *(.rela.plt)
 *(.rel.dyn)
 *(.init)
 *(.plt)
 *(.text .stub .text.* .gnu.linkonce.t.*)
 .text          0x000001b4       0x3c ../lab5_bsp//obj/HAL/src/crt0.o
                0x000001b4                _start
 .text          0x000001f0       0xc0 obj/default/lab5.o
                0x000001f0                main
 .text          0x000002b0       0xec ../lab5_bsp/\libhal_bsp.a(alt_load.o)
                0x000002b0                alt_load
 .text          0x0000039c       0x6c ../lab5_bsp/\libhal_bsp.a(alt_main.o)
                0x0000039c                alt_main
 .text          0x00000408      0x108 ../lab5_bsp/\libhal_bsp.a(alt_sys_init.o)
                0x00000408                alt_irq_init
                0x0000043c                alt_sys_init
 .text          0x00000510      0x148 ../lab5_bsp/\libhal_bsp.a(altera_avalon_jtag_uart_fd.o)
                0x00000510                altera_avalon_jtag_uart_read_fd
                0x00000568                altera_avalon_jtag_uart_write_fd
                0x000005c0                altera_avalon_jtag_uart_close_fd
                0x00000608                altera_avalon_jtag_uart_ioctl_fd
 .text          0x00000658      0x40c ../lab5_bsp/\libhal_bsp.a(altera_avalon_jtag_uart_init.o)
                0x00000658                altera_avalon_jtag_uart_init
                0x000009f0                altera_avalon_jtag_uart_close
 .text          0x00000a64       0xf4 ../lab5_bsp/\libhal_bsp.a(altera_avalon_jtag_uart_ioctl.o)
                0x00000a64                altera_avalon_jtag_uart_ioctl
 .text          0x00000b58      0x224 ../lab5_bsp/\libhal_bsp.a(altera_avalon_jtag_uart_read.o)
                0x00000b58                altera_avalon_jtag_uart_read
 .text          0x00000d7c      0x240 ../lab5_bsp/\libhal_bsp.a(altera_avalon_jtag_uart_write.o)
                0x00000d7c                altera_avalon_jtag_uart_write
 .text          0x00000fbc      0x100 ../lab5_bsp/\libhal_bsp.a(altera_avalon_timer_sc.o)
                0x0000102c                alt_avalon_timer_sc_init
 .text          0x000010bc       0xf8 ../lab5_bsp/\libhal_bsp.a(altera_avalon_uart_fd.o)
                0x000010bc                altera_avalon_uart_read_fd
                0x00001114                altera_avalon_uart_write_fd
                0x0000116c                altera_avalon_uart_close_fd
 .text          0x000011b4      0x400 ../lab5_bsp/\libhal_bsp.a(altera_avalon_uart_init.o)
                0x000011b4                altera_avalon_uart_init
                0x00001554                altera_avalon_uart_close
 .text          0x000015b4      0x290 ../lab5_bsp/\libhal_bsp.a(altera_avalon_uart_read.o)
                0x000015b4                altera_avalon_uart_read
 .text          0x00001844      0x228 ../lab5_bsp/\libhal_bsp.a(altera_avalon_uart_write.o)
                0x00001844                altera_avalon_uart_write
 .text          0x00001a6c      0x154 ../lab5_bsp/\libhal_bsp.a(alt_alarm_start.o)
                0x00001a6c                alt_alarm_start
 .text          0x00001bc0      0x15c ../lab5_bsp/\libhal_bsp.a(alt_close.o)
                0x00001bc0                close
 .text          0x00001d1c       0x1c ../lab5_bsp/\libhal_bsp.a(alt_dcache_flush_all.o)
                0x00001d1c                alt_dcache_flush_all
 .text          0x00001d38       0x2c ../lab5_bsp/\libhal_bsp.a(alt_dev.o)
 .text          0x00001d64      0x114 ../lab5_bsp/\libhal_bsp.a(alt_dev_llist_insert.o)
                0x00001d64                alt_dev_llist_insert
 .text          0x00001e78       0x64 ../lab5_bsp/\libhal_bsp.a(alt_do_ctors.o)
                0x00001e78                _do_ctors
 .text          0x00001edc       0x64 ../lab5_bsp/\libhal_bsp.a(alt_do_dtors.o)
                0x00001edc                _do_dtors
 .text          0x00001f40        0x0 ../lab5_bsp/\libhal_bsp.a(alt_errno.o)
 .text          0x00001f40       0x30 ../lab5_bsp/\libhal_bsp.a(alt_icache_flush_all.o)
                0x00001f40                alt_icache_flush_all
 .text          0x00001f70      0x1d4 ../lab5_bsp/\libhal_bsp.a(alt_iic.o)
                0x00001f70                alt_ic_isr_register
                0x00001fc0                alt_ic_irq_enable
                0x0000205c                alt_ic_irq_disable
                0x000020fc                alt_ic_irq_enabled
 .text          0x00002144       0xf8 ../lab5_bsp/\libhal_bsp.a(alt_iic_isr_register.o)
                0x00002144                alt_iic_isr_register
 .text          0x0000223c      0x13c ../lab5_bsp/\libhal_bsp.a(alt_io_redirect.o)
                0x00002300                alt_io_redirect
 .text          0x00002378        0x0 ../lab5_bsp/\libhal_bsp.a(alt_irq_entry.o)
 .text          0x00002378        0x0 ../lab5_bsp/\libhal_bsp.a(alt_irq_handler.o)
 .text          0x00002378        0x0 ../lab5_bsp/\libhal_bsp.a(alt_irq_vars.o)
 .text          0x00002378      0x2c4 ../lab5_bsp/\libhal_bsp.a(alt_open.o)
                0x00002454                open
 .text          0x0000263c       0x60 ../lab5_bsp/\libhal_bsp.a(alt_release_fd.o)
                0x0000263c                alt_release_fd
 .text          0x0000269c      0x1a4 ../lab5_bsp/\libhal_bsp.a(alt_tick.o)
                0x0000269c                alt_alarm_stop
                0x00002734                alt_tick
 .text          0x00002840       0x20 ../lab5_bsp/\libhal_bsp.a(altera_nios2_qsys_irq.o)
                0x00002840                altera_nios2_qsys_irq_init
 .text          0x00002860        0x0 ../lab5_bsp/\libhal_bsp.a(alt_exception_entry.o)
 .text          0x00002860       0x94 ../lab5_bsp/\libhal_bsp.a(alt_find_dev.o)
                0x00002860                alt_find_dev
 .text          0x000028f4      0x120 ../lab5_bsp/\libhal_bsp.a(alt_find_file.o)
                0x000028f4                alt_find_file
 .text          0x00002a14       0xb8 ../lab5_bsp/\libhal_bsp.a(alt_get_fd.o)
                0x00002a14                alt_get_fd
 .text          0x00002acc       0x90 ../lab5_bsp/\libhal_bsp.a(alt_icache_flush.o)
                0x00002acc                alt_icache_flush
 .text          0x00002b5c       0x14 c:/altera/12.0/nios2eds/bin/gnu/h-i686-mingw32/bin/../lib/gcc/nios2-elf/4.1.2/../../../../nios2-elf/lib\libc.a(lib_a-atexit.o)
                0x00002b5c                atexit
 .text          0x00002b70       0x38 c:/altera/12.0/nios2eds/bin/gnu/h-i686-mingw32/bin/../lib/gcc/nios2-elf/4.1.2/../../../../nios2-elf/lib\libc.a(lib_a-exit.o)
                0x00002b70                exit
 .text          0x00002ba8        0x0 c:/altera/12.0/nios2eds/bin/gnu/h-i686-mingw32/bin/../lib/gcc/nios2-elf/4.1.2/../../../../nios2-elf/lib\libc.a(lib_a-impure.o)
 .text          0x00002ba8        0x0 c:/altera/12.0/nios2eds/bin/gnu/h-i686-mingw32/bin/../lib/gcc/nios2-elf/4.1.2/../../../../nios2-elf/lib\libc.a(lib_a-int_errno.o)
 .text          0x00002ba8       0x74 c:/altera/12.0/nios2eds/bin/gnu/h-i686-mingw32/bin/../lib/gcc/nios2-elf/4.1.2/../../../../nios2-elf/lib\libc.a(lib_a-memcmp.o)
                0x00002ba8                memcmp
 .text          0x00002c1c       0xa0 c:/altera/12.0/nios2eds/bin/gnu/h-i686-mingw32/bin/../lib/gcc/nios2-elf/4.1.2/../../../../nios2-elf/lib\libc.a(lib_a-memcpy.o)
                0x00002c1c                memcpy
 .text          0x00002cbc       0x74 c:/altera/12.0/nios2eds/bin/gnu/h-i686-mingw32/bin/../lib/gcc/nios2-elf/4.1.2/../../../../nios2-elf/lib\libc.a(lib_a-strlen.o)
                0x00002cbc                strlen
 .text          0x00002d30      0x134 c:/altera/12.0/nios2eds/bin/gnu/h-i686-mingw32/bin/../lib/gcc/nios2-elf/4.1.2/../../../../nios2-elf/lib\libc.a(lib_a-__atexit.o)
                0x00002d30                __register_exitproc
 .text          0x00002e64      0x1b4 c:/altera/12.0/nios2eds/bin/gnu/h-i686-mingw32/bin/../lib/gcc/nios2-elf/4.1.2/../../../../nios2-elf/lib\libc.a(lib_a-__call_atexit.o)
                0x00002e68                __call_exitprocs
 .text          0x00003018       0x60 ../lab5_bsp/\libhal_bsp.a(alt_exit.o)
                0x00003058                _exit
 *(.gnu.warning.*)
 *(.fini)
                0x00003078                PROVIDE (__etext, ABSOLUTE (.))
                0x00003078                PROVIDE (_etext, ABSOLUTE (.))
                0x00003078                PROVIDE (etext, ABSOLUTE (.))
 *(.eh_frame_hdr)
                0x00003078                . = ALIGN (0x4)
                0x00003078                PROVIDE (__preinit_array_start, ABSOLUTE (.))
 *(.preinit_array)
                0x00003078                PROVIDE (__preinit_array_end, ABSOLUTE (.))
                0x00003078                PROVIDE (__init_array_start, ABSOLUTE (.))
 *(.init_array)
                0x00003078                PROVIDE (__init_array_end, ABSOLUTE (.))
                0x00003078                PROVIDE (__fini_array_start, ABSOLUTE (.))
 *(.fini_array)
                0x00003078                PROVIDE (__fini_array_end, ABSOLUTE (.))
 *(.eh_frame)
 *(.gcc_except_table)
 *(.dynamic)
                0x00003078                PROVIDE (__CTOR_LIST__, ABSOLUTE (.))
 *(.ctors)
 *(SORT(.ctors.*))
 .ctors.65535   0x00003078        0x4 c:/altera/12.0/nios2eds/bin/gnu/h-i686-mingw32/bin/../lib/gcc/nios2-elf/4.1.2/../../../../nios2-elf/lib\libc.a(lib_a-__call_atexit.o)
                0x0000307c                PROVIDE (__CTOR_END__, ABSOLUTE (.))
                0x0000307c                PROVIDE (__DTOR_LIST__, ABSOLUTE (.))
 *(.dtors)
 *(SORT(.dtors.*))
                0x0000307c                PROVIDE (__DTOR_END__, ABSOLUTE (.))
 *(.jcr)
                0x0000307c                . = ALIGN (0x4)

.rodata         0x0000307c       0x58
                0x0000307c                PROVIDE (__ram_rodata_start, ABSOLUTE (.))
                0x0000307c                . = ALIGN (0x4)
 *(.rodata .rodata.* .gnu.linkonce.r.*)
 .rodata        0x0000307c       0x10 ../lab5_bsp/\libhal_bsp.a(alt_main.o)
 .rodata        0x0000308c       0x38 ../lab5_bsp/\libhal_bsp.a(alt_sys_init.o)
 .rodata        0x000030c4        0xc ../lab5_bsp/\libhal_bsp.a(alt_dev.o)
 .rodata.str1.4
                0x000030d0        0x4 c:/altera/12.0/nios2eds/bin/gnu/h-i686-mingw32/bin/../lib/gcc/nios2-elf/4.1.2/../../../../nios2-elf/lib\libc.a(lib_a-impure.o)
 *(.rodata1)
                0x000030d4                . = ALIGN (0x4)
                0x000030d4                PROVIDE (__ram_rodata_end, ABSOLUTE (.))
                0x0000307c                PROVIDE (__flash_rodata_start, LOADADDR (.rodata))

.rwdata         0x000030d4     0x17c4 load address 0x00004898
                0x000030d4                PROVIDE (__ram_rwdata_start, ABSOLUTE (.))
                0x000030d4                . = ALIGN (0x4)
 *(.got.plt)
 *(.got)
 *(.data1)
 *(.data .data.* .gnu.linkonce.d.*)
 .data          0x000030d4        0x0 ../lab5_bsp//obj/HAL/src/crt0.o
 .data          0x000030d4        0x8 obj/default/lab5.o
 .data          0x000030dc        0x0 ../lab5_bsp/\libhal_bsp.a(alt_load.o)
 .data          0x000030dc        0x0 ../lab5_bsp/\libhal_bsp.a(alt_main.o)
 .data          0x000030dc     0x11e8 ../lab5_bsp/\libhal_bsp.a(alt_sys_init.o)
 .data          0x000042c4        0x0 ../lab5_bsp/\libhal_bsp.a(altera_avalon_jtag_uart_fd.o)
 .data          0x000042c4        0x0 ../lab5_bsp/\libhal_bsp.a(altera_avalon_jtag_uart_init.o)
 .data          0x000042c4        0x0 ../lab5_bsp/\libhal_bsp.a(altera_avalon_jtag_uart_ioctl.o)
 .data          0x000042c4        0x0 ../lab5_bsp/\libhal_bsp.a(altera_avalon_jtag_uart_read.o)
 .data          0x000042c4        0x0 ../lab5_bsp/\libhal_bsp.a(altera_avalon_jtag_uart_write.o)
 .data          0x000042c4        0x0 ../lab5_bsp/\libhal_bsp.a(altera_avalon_timer_sc.o)
 .data          0x000042c4        0x0 ../lab5_bsp/\libhal_bsp.a(altera_avalon_uart_fd.o)
 .data          0x000042c4        0x0 ../lab5_bsp/\libhal_bsp.a(altera_avalon_uart_init.o)
 .data          0x000042c4        0x0 ../lab5_bsp/\libhal_bsp.a(altera_avalon_uart_read.o)
 .data          0x000042c4        0x0 ../lab5_bsp/\libhal_bsp.a(altera_avalon_uart_write.o)
 .data          0x000042c4        0x0 ../lab5_bsp/\libhal_bsp.a(alt_alarm_start.o)
 .data          0x000042c4        0x0 ../lab5_bsp/\libhal_bsp.a(alt_close.o)
 .data          0x000042c4        0x0 ../lab5_bsp/\libhal_bsp.a(alt_dcache_flush_all.o)
 .data          0x000042c4      0x1a8 ../lab5_bsp/\libhal_bsp.a(alt_dev.o)
                0x000042c4                alt_dev_null
                0x000042ec                alt_fd_list
 .data          0x0000446c        0x0 ../lab5_bsp/\libhal_bsp.a(alt_dev_llist_insert.o)
 .data          0x0000446c        0x0 ../lab5_bsp/\libhal_bsp.a(alt_do_ctors.o)
 .data          0x0000446c        0x0 ../lab5_bsp/\libhal_bsp.a(alt_do_dtors.o)
 .data          0x0000446c        0x0 ../lab5_bsp/\libhal_bsp.a(alt_errno.o)
 .data          0x0000446c        0x0 ../lab5_bsp/\libhal_bsp.a(alt_icache_flush_all.o)
 .data          0x0000446c        0x0 ../lab5_bsp/\libhal_bsp.a(alt_iic.o)
 .data          0x0000446c        0x0 ../lab5_bsp/\libhal_bsp.a(alt_iic_isr_register.o)
 .data          0x0000446c        0x0 ../lab5_bsp/\libhal_bsp.a(alt_io_redirect.o)
 .data          0x0000446c        0x0 ../lab5_bsp/\libhal_bsp.a(alt_irq_entry.o)
 .data          0x0000446c        0x0 ../lab5_bsp/\libhal_bsp.a(alt_irq_handler.o)
 .data          0x0000446c        0x0 ../lab5_bsp/\libhal_bsp.a(alt_irq_vars.o)
 .data          0x0000446c        0x0 ../lab5_bsp/\libhal_bsp.a(alt_open.o)
 .data          0x0000446c        0x0 ../lab5_bsp/\libhal_bsp.a(alt_release_fd.o)
 .data          0x0000446c        0x0 ../lab5_bsp/\libhal_bsp.a(alt_tick.o)
 .data          0x0000446c        0x0 ../lab5_bsp/\libhal_bsp.a(altera_nios2_qsys_irq.o)
 .data          0x0000446c        0x0 ../lab5_bsp/\libhal_bsp.a(alt_exception_entry.o)
 .data          0x0000446c        0x0 ../lab5_bsp/\libhal_bsp.a(alt_find_dev.o)
 .data          0x0000446c        0x0 ../lab5_bsp/\libhal_bsp.a(alt_find_file.o)
 .data          0x0000446c        0x0 ../lab5_bsp/\libhal_bsp.a(alt_get_fd.o)
 .data          0x0000446c        0x0 ../lab5_bsp/\libhal_bsp.a(alt_icache_flush.o)
 .data          0x0000446c        0x0 c:/altera/12.0/nios2eds/bin/gnu/h-i686-mingw32/bin/../lib/gcc/nios2-elf/4.1.2/../../../../nios2-elf/lib\libc.a(lib_a-atexit.o)
 .data          0x0000446c        0x0 c:/altera/12.0/nios2eds/bin/gnu/h-i686-mingw32/bin/../lib/gcc/nios2-elf/4.1.2/../../../../nios2-elf/lib\libc.a(lib_a-exit.o)
 .data          0x0000446c      0x400 c:/altera/12.0/nios2eds/bin/gnu/h-i686-mingw32/bin/../lib/gcc/nios2-elf/4.1.2/../../../../nios2-elf/lib\libc.a(lib_a-impure.o)
 .data          0x0000486c        0x0 c:/altera/12.0/nios2eds/bin/gnu/h-i686-mingw32/bin/../lib/gcc/nios2-elf/4.1.2/../../../../nios2-elf/lib\libc.a(lib_a-int_errno.o)
 .data          0x0000486c        0x0 c:/altera/12.0/nios2eds/bin/gnu/h-i686-mingw32/bin/../lib/gcc/nios2-elf/4.1.2/../../../../nios2-elf/lib\libc.a(lib_a-memcmp.o)
 .data          0x0000486c        0x0 c:/altera/12.0/nios2eds/bin/gnu/h-i686-mingw32/bin/../lib/gcc/nios2-elf/4.1.2/../../../../nios2-elf/lib\libc.a(lib_a-memcpy.o)
 .data          0x0000486c        0x0 c:/altera/12.0/nios2eds/bin/gnu/h-i686-mingw32/bin/../lib/gcc/nios2-elf/4.1.2/../../../../nios2-elf/lib\libc.a(lib_a-strlen.o)
 .data          0x0000486c        0x0 c:/altera/12.0/nios2eds/bin/gnu/h-i686-mingw32/bin/../lib/gcc/nios2-elf/4.1.2/../../../../nios2-elf/lib\libc.a(lib_a-__atexit.o)
 .data          0x0000486c        0x0 c:/altera/12.0/nios2eds/bin/gnu/h-i686-mingw32/bin/../lib/gcc/nios2-elf/4.1.2/../../../../nios2-elf/lib\libc.a(lib_a-__call_atexit.o)
 .data          0x0000486c        0x0 ../lab5_bsp/\libhal_bsp.a(alt_exit.o)
                0x0000c86c                _gp = ABSOLUTE ((. + 0x8000))
                0x0000c86c                PROVIDE (gp, _gp)
 *(.rwdata .rwdata.*)
 *(.sdata .sdata.* .gnu.linkonce.s.*)
 .sdata         0x0000486c       0x14 ../lab5_bsp/\libhal_bsp.a(alt_dev.o)
                0x0000486c                alt_fs_list
                0x00004874                alt_dev_list
                0x0000487c                alt_max_fd
 .sdata         0x00004880        0x4 ../lab5_bsp/\libhal_bsp.a(alt_errno.o)
                0x00004880                alt_errno
 .sdata         0x00004884        0x4 ../lab5_bsp/\libhal_bsp.a(alt_irq_vars.o)
                0x00004884                alt_priority_mask
 .sdata         0x00004888        0x8 ../lab5_bsp/\libhal_bsp.a(alt_tick.o)
                0x00004888                alt_alarm_list
 .sdata         0x00004890        0x8 c:/altera/12.0/nios2eds/bin/gnu/h-i686-mingw32/bin/../lib/gcc/nios2-elf/4.1.2/../../../../nios2-elf/lib\libc.a(lib_a-impure.o)
                0x00004890                _impure_ptr
                0x00004894                _global_impure_ptr
 *(.sdata2 .sdata2.* .gnu.linkonce.s2.*)
                0x00004898                . = ALIGN (0x4)
                0x00004898                _edata = ABSOLUTE (.)
                0x00004898                PROVIDE (edata, ABSOLUTE (.))
                0x00004898                PROVIDE (__ram_rwdata_end, ABSOLUTE (.))
                0x00004898                PROVIDE (__flash_rwdata_start, LOADADDR (.rwdata))

.bss            0x0000605c      0x2ac
                0x0000605c                __bss_start = ABSOLUTE (.)
                0x0000605c                PROVIDE (__sbss_start, ABSOLUTE (.))
                0x0000605c                PROVIDE (___sbss_start, ABSOLUTE (.))
 *(.dynsbss)
 *(.sbss .sbss.* .gnu.linkonce.sb.*)
 .sbss          0x0000605c        0xc ../lab5_bsp/\libhal_bsp.a(alt_main.o)
                0x0000605c                alt_argc
                0x00006060                alt_argv
                0x00006064                alt_envp
 .sbss          0x00006068        0x4 ../lab5_bsp/\libhal_bsp.a(alt_irq_vars.o)
                0x00006068                alt_irq_active
 .sbss          0x0000606c        0x8 ../lab5_bsp/\libhal_bsp.a(alt_tick.o)
                0x0000606c                _alt_tick_rate
                0x00006070                _alt_nticks
 .sbss          0x00006074        0x4 c:/altera/12.0/nios2eds/bin/gnu/h-i686-mingw32/bin/../lib/gcc/nios2-elf/4.1.2/../../../../nios2-elf/lib\libc.a(lib_a-int_errno.o)
                0x00006074                errno
 *(.sbss2 .sbss2.* .gnu.linkonce.sb2.*)
 *(.scommon)
                0x00006078                PROVIDE (__sbss_end, ABSOLUTE (.))
                0x00006078                PROVIDE (___sbss_end, ABSOLUTE (.))
 *(.dynbss)
 *(.bss .bss.* .gnu.linkonce.b.*)
 .bss           0x00006078        0x0 ../lab5_bsp//obj/HAL/src/crt0.o
 .bss           0x00006078        0x0 obj/default/lab5.o
 .bss           0x00006078        0x0 ../lab5_bsp/\libhal_bsp.a(alt_load.o)
 .bss           0x00006078        0x0 ../lab5_bsp/\libhal_bsp.a(alt_main.o)
 .bss           0x00006078        0x0 ../lab5_bsp/\libhal_bsp.a(alt_sys_init.o)
 .bss           0x00006078        0x0 ../lab5_bsp/\libhal_bsp.a(altera_avalon_jtag_uart_fd.o)
 .bss           0x00006078        0x0 ../lab5_bsp/\libhal_bsp.a(altera_avalon_jtag_uart_init.o)
 .bss           0x00006078        0x0 ../lab5_bsp/\libhal_bsp.a(altera_avalon_jtag_uart_ioctl.o)
 .bss           0x00006078        0x0 ../lab5_bsp/\libhal_bsp.a(altera_avalon_jtag_uart_read.o)
 .bss           0x00006078        0x0 ../lab5_bsp/\libhal_bsp.a(altera_avalon_jtag_uart_write.o)
 .bss           0x00006078        0x0 ../lab5_bsp/\libhal_bsp.a(altera_avalon_timer_sc.o)
 .bss           0x00006078        0x0 ../lab5_bsp/\libhal_bsp.a(altera_avalon_uart_fd.o)
 .bss           0x00006078        0x0 ../lab5_bsp/\libhal_bsp.a(altera_avalon_uart_init.o)
 .bss           0x00006078        0x0 ../lab5_bsp/\libhal_bsp.a(altera_avalon_uart_read.o)
 .bss           0x00006078        0x0 ../lab5_bsp/\libhal_bsp.a(altera_avalon_uart_write.o)
 .bss           0x00006078        0x0 ../lab5_bsp/\libhal_bsp.a(alt_alarm_start.o)
 .bss           0x00006078        0x0 ../lab5_bsp/\libhal_bsp.a(alt_close.o)
 .bss           0x00006078        0x0 ../lab5_bsp/\libhal_bsp.a(alt_dcache_flush_all.o)
 .bss           0x00006078        0x0 ../lab5_bsp/\libhal_bsp.a(alt_dev.o)
 .bss           0x00006078        0x0 ../lab5_bsp/\libhal_bsp.a(alt_dev_llist_insert.o)
 .bss           0x00006078        0x0 ../lab5_bsp/\libhal_bsp.a(alt_do_ctors.o)
 .bss           0x00006078        0x0 ../lab5_bsp/\libhal_bsp.a(alt_do_dtors.o)
 .bss           0x00006078        0x0 ../lab5_bsp/\libhal_bsp.a(alt_errno.o)
 .bss           0x00006078        0x0 ../lab5_bsp/\libhal_bsp.a(alt_icache_flush_all.o)
 .bss           0x00006078        0x0 ../lab5_bsp/\libhal_bsp.a(alt_iic.o)
 .bss           0x00006078        0x0 ../lab5_bsp/\libhal_bsp.a(alt_iic_isr_register.o)
 .bss           0x00006078        0x0 ../lab5_bsp/\libhal_bsp.a(alt_io_redirect.o)
 .bss           0x00006078        0x0 ../lab5_bsp/\libhal_bsp.a(alt_irq_entry.o)
 .bss           0x00006078        0x0 ../lab5_bsp/\libhal_bsp.a(alt_irq_handler.o)
 .bss           0x00006078        0x0 ../lab5_bsp/\libhal_bsp.a(alt_irq_vars.o)
 .bss           0x00006078        0x0 ../lab5_bsp/\libhal_bsp.a(alt_open.o)
 .bss           0x00006078        0x0 ../lab5_bsp/\libhal_bsp.a(alt_release_fd.o)
 .bss           0x00006078        0x0 ../lab5_bsp/\libhal_bsp.a(alt_tick.o)
 .bss           0x00006078        0x0 ../lab5_bsp/\libhal_bsp.a(altera_nios2_qsys_irq.o)
 .bss           0x00006078        0x0 ../lab5_bsp/\libhal_bsp.a(alt_exception_entry.o)
 .bss           0x00006078        0x0 ../lab5_bsp/\libhal_bsp.a(alt_find_dev.o)
 .bss           0x00006078        0x0 ../lab5_bsp/\libhal_bsp.a(alt_find_file.o)
 .bss           0x00006078        0x0 ../lab5_bsp/\libhal_bsp.a(alt_get_fd.o)
 .bss           0x00006078        0x0 ../lab5_bsp/\libhal_bsp.a(alt_icache_flush.o)
 .bss           0x00006078        0x0 c:/altera/12.0/nios2eds/bin/gnu/h-i686-mingw32/bin/../lib/gcc/nios2-elf/4.1.2/../../../../nios2-elf/lib\libc.a(lib_a-atexit.o)
 .bss           0x00006078        0x0 c:/altera/12.0/nios2eds/bin/gnu/h-i686-mingw32/bin/../lib/gcc/nios2-elf/4.1.2/../../../../nios2-elf/lib\libc.a(lib_a-exit.o)
 .bss           0x00006078        0x0 c:/altera/12.0/nios2eds/bin/gnu/h-i686-mingw32/bin/../lib/gcc/nios2-elf/4.1.2/../../../../nios2-elf/lib\libc.a(lib_a-impure.o)
 .bss           0x00006078        0x0 c:/altera/12.0/nios2eds/bin/gnu/h-i686-mingw32/bin/../lib/gcc/nios2-elf/4.1.2/../../../../nios2-elf/lib\libc.a(lib_a-int_errno.o)
 .bss           0x00006078        0x0 c:/altera/12.0/nios2eds/bin/gnu/h-i686-mingw32/bin/../lib/gcc/nios2-elf/4.1.2/../../../../nios2-elf/lib\libc.a(lib_a-memcmp.o)
 .bss           0x00006078        0x0 c:/altera/12.0/nios2eds/bin/gnu/h-i686-mingw32/bin/../lib/gcc/nios2-elf/4.1.2/../../../../nios2-elf/lib\libc.a(lib_a-memcpy.o)
 .bss           0x00006078        0x0 c:/altera/12.0/nios2eds/bin/gnu/h-i686-mingw32/bin/../lib/gcc/nios2-elf/4.1.2/../../../../nios2-elf/lib\libc.a(lib_a-strlen.o)
 .bss           0x00006078        0x0 c:/altera/12.0/nios2eds/bin/gnu/h-i686-mingw32/bin/../lib/gcc/nios2-elf/4.1.2/../../../../nios2-elf/lib\libc.a(lib_a-__atexit.o)
 .bss           0x00006078        0x0 c:/altera/12.0/nios2eds/bin/gnu/h-i686-mingw32/bin/../lib/gcc/nios2-elf/4.1.2/../../../../nios2-elf/lib\libc.a(lib_a-__call_atexit.o)
 .bss           0x00006078        0x0 ../lab5_bsp/\libhal_bsp.a(alt_exit.o)
 *(COMMON)
 COMMON         0x00006078      0x100 ../lab5_bsp/\libhal_bsp.a(alt_irq_handler.o)
                0x00006078                alt_irq
 COMMON         0x00006178      0x190 c:/altera/12.0/nios2eds/bin/gnu/h-i686-mingw32/bin/../lib/gcc/nios2-elf/4.1.2/../../../../nios2-elf/lib\libc.a(lib_a-atexit.o)
                0x00006178                _atexit0
                0x00006308                . = ALIGN (0x4)
                0x00006308                __bss_end = ABSOLUTE (.)

.sdram          0x00006308        0x0
                0x00006308                PROVIDE (_alt_partition_sdram_start, ABSOLUTE (.))
 *(.sdram. sdram.*)
                0x00006308                . = ALIGN (0x4)
                0x00006308                PROVIDE (_alt_partition_sdram_end, ABSOLUTE (.))
                0x00006308                _end = ABSOLUTE (.)
                0x00006308                end = ABSOLUTE (.)
                0x00006308                __alt_stack_base = ABSOLUTE (.)
                0x00006308                PROVIDE (_alt_partition_sdram_load_addr, LOADADDR (.sdram))

.stab
 *(.stab)

.stabstr
 *(.stabstr)

.stab.excl
 *(.stab.excl)

.stab.exclstr
 *(.stab.exclstr)

.stab.index
 *(.stab.index)

.stab.indexstr
 *(.stab.indexstr)

.comment        0x00000000       0x23
 *(.comment)
 .comment       0x00000000       0x23 ../lab5_bsp/\libhal_bsp.a(alt_load.o)
                                 0x24 (size before relaxing)
 .comment       0x00000000       0x24 ../lab5_bsp/\libhal_bsp.a(alt_main.o)
 .comment       0x00000000       0x24 ../lab5_bsp/\libhal_bsp.a(alt_sys_init.o)
 .comment       0x00000000       0x24 ../lab5_bsp/\libhal_bsp.a(altera_avalon_jtag_uart_fd.o)
 .comment       0x00000000       0x24 ../lab5_bsp/\libhal_bsp.a(altera_avalon_jtag_uart_init.o)
 .comment       0x00000000       0x24 ../lab5_bsp/\libhal_bsp.a(altera_avalon_jtag_uart_ioctl.o)
 .comment       0x00000000       0x24 ../lab5_bsp/\libhal_bsp.a(altera_avalon_jtag_uart_read.o)
 .comment       0x00000000       0x24 ../lab5_bsp/\libhal_bsp.a(altera_avalon_jtag_uart_write.o)
 .comment       0x00000000       0x24 ../lab5_bsp/\libhal_bsp.a(altera_avalon_timer_sc.o)
 .comment       0x00000000       0x24 ../lab5_bsp/\libhal_bsp.a(altera_avalon_uart_fd.o)
 .comment       0x00000000       0x24 ../lab5_bsp/\libhal_bsp.a(altera_avalon_uart_init.o)
 .comment       0x00000000       0x24 ../lab5_bsp/\libhal_bsp.a(altera_avalon_uart_read.o)
 .comment       0x00000000       0x24 ../lab5_bsp/\libhal_bsp.a(altera_avalon_uart_write.o)
 .comment       0x00000000       0x24 ../lab5_bsp/\libhal_bsp.a(alt_alarm_start.o)
 .comment       0x00000000       0x24 ../lab5_bsp/\libhal_bsp.a(alt_close.o)
 .comment       0x00000000       0x24 ../lab5_bsp/\libhal_bsp.a(alt_dcache_flush_all.o)
 .comment       0x00000000       0x24 ../lab5_bsp/\libhal_bsp.a(alt_dev.o)
 .comment       0x00000000       0x24 ../lab5_bsp/\libhal_bsp.a(alt_dev_llist_insert.o)
 .comment       0x00000000       0x24 ../lab5_bsp/\libhal_bsp.a(alt_do_ctors.o)
 .comment       0x00000000       0x24 ../lab5_bsp/\libhal_bsp.a(alt_do_dtors.o)
 .comment       0x00000000       0x24 ../lab5_bsp/\libhal_bsp.a(alt_errno.o)
 .comment       0x00000000       0x24 ../lab5_bsp/\libhal_bsp.a(alt_icache_flush_all.o)
 .comment       0x00000000       0x24 ../lab5_bsp/\libhal_bsp.a(alt_iic.o)
 .comment       0x00000000       0x24 ../lab5_bsp/\libhal_bsp.a(alt_iic_isr_register.o)
 .comment       0x00000000       0x24 ../lab5_bsp/\libhal_bsp.a(alt_io_redirect.o)
 .comment       0x00000000       0x24 ../lab5_bsp/\libhal_bsp.a(alt_irq_handler.o)
 .comment       0x00000000       0x24 ../lab5_bsp/\libhal_bsp.a(alt_irq_vars.o)
 .comment       0x00000000       0x24 ../lab5_bsp/\libhal_bsp.a(alt_open.o)
 .comment       0x00000000       0x24 ../lab5_bsp/\libhal_bsp.a(alt_release_fd.o)
 .comment       0x00000000       0x24 ../lab5_bsp/\libhal_bsp.a(alt_tick.o)
 .comment       0x00000000       0x24 ../lab5_bsp/\libhal_bsp.a(altera_nios2_qsys_irq.o)
 .comment       0x00000000       0x24 ../lab5_bsp/\libhal_bsp.a(alt_find_dev.o)
 .comment       0x00000000       0x24 ../lab5_bsp/\libhal_bsp.a(alt_find_file.o)
 .comment       0x00000000       0x24 ../lab5_bsp/\libhal_bsp.a(alt_get_fd.o)
 .comment       0x00000000       0x24 ../lab5_bsp/\libhal_bsp.a(alt_icache_flush.o)
 .comment       0x00000000       0x24 c:/altera/12.0/nios2eds/bin/gnu/h-i686-mingw32/bin/../lib/gcc/nios2-elf/4.1.2/../../../../nios2-elf/lib\libc.a(lib_a-atexit.o)
 .comment       0x00000000       0x24 c:/altera/12.0/nios2eds/bin/gnu/h-i686-mingw32/bin/../lib/gcc/nios2-elf/4.1.2/../../../../nios2-elf/lib\libc.a(lib_a-exit.o)
 .comment       0x00000000       0x24 c:/altera/12.0/nios2eds/bin/gnu/h-i686-mingw32/bin/../lib/gcc/nios2-elf/4.1.2/../../../../nios2-elf/lib\libc.a(lib_a-impure.o)
 .comment       0x00000000       0x24 c:/altera/12.0/nios2eds/bin/gnu/h-i686-mingw32/bin/../lib/gcc/nios2-elf/4.1.2/../../../../nios2-elf/lib\libc.a(lib_a-int_errno.o)
 .comment       0x00000000       0x24 c:/altera/12.0/nios2eds/bin/gnu/h-i686-mingw32/bin/../lib/gcc/nios2-elf/4.1.2/../../../../nios2-elf/lib\libc.a(lib_a-memcmp.o)
 .comment       0x00000000       0x24 c:/altera/12.0/nios2eds/bin/gnu/h-i686-mingw32/bin/../lib/gcc/nios2-elf/4.1.2/../../../../nios2-elf/lib\libc.a(lib_a-memcpy.o)
 .comment       0x00000000       0x24 c:/altera/12.0/nios2eds/bin/gnu/h-i686-mingw32/bin/../lib/gcc/nios2-elf/4.1.2/../../../../nios2-elf/lib\libc.a(lib_a-strlen.o)
 .comment       0x00000000       0x24 c:/altera/12.0/nios2eds/bin/gnu/h-i686-mingw32/bin/../lib/gcc/nios2-elf/4.1.2/../../../../nios2-elf/lib\libc.a(lib_a-__atexit.o)
 .comment       0x00000000       0x24 c:/altera/12.0/nios2eds/bin/gnu/h-i686-mingw32/bin/../lib/gcc/nios2-elf/4.1.2/../../../../nios2-elf/lib\libc.a(lib_a-__call_atexit.o)
 .comment       0x00000000       0x24 ../lab5_bsp/\libhal_bsp.a(alt_exit.o)

.debug
 *(.debug)

.line
 *(.line)

.debug_srcinfo
 *(.debug_srcinfo)

.debug_sfnames
 *(.debug_sfnames)

.debug_aranges  0x00000000      0x5d8
 *(.debug_aranges)
 .debug_aranges
                0x00000000       0x28 ../lab5_bsp//obj/HAL/src/crt0.o
 .debug_aranges
                0x00000028       0x20 obj/default/lab5.o
 .debug_aranges
                0x00000048       0x20 ../lab5_bsp/\libhal_bsp.a(alt_load.o)
 .debug_aranges
                0x00000068       0x20 ../lab5_bsp/\libhal_bsp.a(alt_main.o)
 .debug_aranges
                0x00000088       0x20 ../lab5_bsp/\libhal_bsp.a(alt_sys_init.o)
 .debug_aranges
                0x000000a8       0x20 ../lab5_bsp/\libhal_bsp.a(altera_avalon_jtag_uart_fd.o)
 .debug_aranges
                0x000000c8       0x20 ../lab5_bsp/\libhal_bsp.a(altera_avalon_jtag_uart_init.o)
 .debug_aranges
                0x000000e8       0x20 ../lab5_bsp/\libhal_bsp.a(altera_avalon_jtag_uart_ioctl.o)
 .debug_aranges
                0x00000108       0x20 ../lab5_bsp/\libhal_bsp.a(altera_avalon_jtag_uart_read.o)
 .debug_aranges
                0x00000128       0x20 ../lab5_bsp/\libhal_bsp.a(altera_avalon_jtag_uart_write.o)
 .debug_aranges
                0x00000148       0x20 ../lab5_bsp/\libhal_bsp.a(altera_avalon_timer_sc.o)
 .debug_aranges
                0x00000168       0x20 ../lab5_bsp/\libhal_bsp.a(altera_avalon_uart_fd.o)
 .debug_aranges
                0x00000188       0x20 ../lab5_bsp/\libhal_bsp.a(altera_avalon_uart_init.o)
 .debug_aranges
                0x000001a8       0x20 ../lab5_bsp/\libhal_bsp.a(altera_avalon_uart_read.o)
 .debug_aranges
                0x000001c8       0x20 ../lab5_bsp/\libhal_bsp.a(altera_avalon_uart_write.o)
 .debug_aranges
                0x000001e8       0x20 ../lab5_bsp/\libhal_bsp.a(alt_alarm_start.o)
 .debug_aranges
                0x00000208       0x20 ../lab5_bsp/\libhal_bsp.a(alt_close.o)
 .debug_aranges
                0x00000228       0x20 ../lab5_bsp/\libhal_bsp.a(alt_dcache_flush_all.o)
 .debug_aranges
                0x00000248       0x20 ../lab5_bsp/\libhal_bsp.a(alt_dev.o)
 .debug_aranges
                0x00000268       0x20 ../lab5_bsp/\libhal_bsp.a(alt_dev_llist_insert.o)
 .debug_aranges
                0x00000288       0x20 ../lab5_bsp/\libhal_bsp.a(alt_do_ctors.o)
 .debug_aranges
                0x000002a8       0x20 ../lab5_bsp/\libhal_bsp.a(alt_do_dtors.o)
 .debug_aranges
                0x000002c8       0x20 ../lab5_bsp/\libhal_bsp.a(alt_icache_flush_all.o)
 .debug_aranges
                0x000002e8       0x20 ../lab5_bsp/\libhal_bsp.a(alt_iic.o)
 .debug_aranges
                0x00000308       0x20 ../lab5_bsp/\libhal_bsp.a(alt_iic_isr_register.o)
 .debug_aranges
                0x00000328       0x20 ../lab5_bsp/\libhal_bsp.a(alt_io_redirect.o)
 .debug_aranges
                0x00000348       0x30 ../lab5_bsp/\libhal_bsp.a(alt_irq_entry.o)
 .debug_aranges
                0x00000378       0x28 ../lab5_bsp/\libhal_bsp.a(alt_irq_handler.o)
 .debug_aranges
                0x000003a0       0x20 ../lab5_bsp/\libhal_bsp.a(alt_open.o)
 .debug_aranges
                0x000003c0       0x20 ../lab5_bsp/\libhal_bsp.a(alt_release_fd.o)
 .debug_aranges
                0x000003e0       0x20 ../lab5_bsp/\libhal_bsp.a(alt_tick.o)
 .debug_aranges
                0x00000400       0x20 ../lab5_bsp/\libhal_bsp.a(altera_nios2_qsys_irq.o)
 .debug_aranges
                0x00000420       0x38 ../lab5_bsp/\libhal_bsp.a(alt_exception_entry.o)
 .debug_aranges
                0x00000458       0x20 ../lab5_bsp/\libhal_bsp.a(alt_find_dev.o)
 .debug_aranges
                0x00000478       0x20 ../lab5_bsp/\libhal_bsp.a(alt_find_file.o)
 .debug_aranges
                0x00000498       0x20 ../lab5_bsp/\libhal_bsp.a(alt_get_fd.o)
 .debug_aranges
                0x000004b8       0x20 ../lab5_bsp/\libhal_bsp.a(alt_icache_flush.o)
 .debug_aranges
                0x000004d8       0x20 c:/altera/12.0/nios2eds/bin/gnu/h-i686-mingw32/bin/../lib/gcc/nios2-elf/4.1.2/../../../../nios2-elf/lib\libc.a(lib_a-atexit.o)
 .debug_aranges
                0x000004f8       0x20 c:/altera/12.0/nios2eds/bin/gnu/h-i686-mingw32/bin/../lib/gcc/nios2-elf/4.1.2/../../../../nios2-elf/lib\libc.a(lib_a-exit.o)
 .debug_aranges
                0x00000518       0x20 c:/altera/12.0/nios2eds/bin/gnu/h-i686-mingw32/bin/../lib/gcc/nios2-elf/4.1.2/../../../../nios2-elf/lib\libc.a(lib_a-memcmp.o)
 .debug_aranges
                0x00000538       0x20 c:/altera/12.0/nios2eds/bin/gnu/h-i686-mingw32/bin/../lib/gcc/nios2-elf/4.1.2/../../../../nios2-elf/lib\libc.a(lib_a-memcpy.o)
 .debug_aranges
                0x00000558       0x20 c:/altera/12.0/nios2eds/bin/gnu/h-i686-mingw32/bin/../lib/gcc/nios2-elf/4.1.2/../../../../nios2-elf/lib\libc.a(lib_a-strlen.o)
 .debug_aranges
                0x00000578       0x20 c:/altera/12.0/nios2eds/bin/gnu/h-i686-mingw32/bin/../lib/gcc/nios2-elf/4.1.2/../../../../nios2-elf/lib\libc.a(lib_a-__atexit.o)
 .debug_aranges
                0x00000598       0x20 c:/altera/12.0/nios2eds/bin/gnu/h-i686-mingw32/bin/../lib/gcc/nios2-elf/4.1.2/../../../../nios2-elf/lib\libc.a(lib_a-__call_atexit.o)
 .debug_aranges
                0x000005b8       0x20 ../lab5_bsp/\libhal_bsp.a(alt_exit.o)

.debug_pubnames
                0x00000000      0x8ee
 *(.debug_pubnames)
 .debug_pubnames
                0x00000000       0x1f ../lab5_bsp/\libhal_bsp.a(alt_load.o)
 .debug_pubnames
                0x0000001f       0x46 ../lab5_bsp/\libhal_bsp.a(alt_main.o)
 .debug_pubnames
                0x00000065       0x34 ../lab5_bsp/\libhal_bsp.a(alt_sys_init.o)
 .debug_pubnames
                0x00000099       0xa5 ../lab5_bsp/\libhal_bsp.a(altera_avalon_jtag_uart_fd.o)
 .debug_pubnames
                0x0000013e       0x55 ../lab5_bsp/\libhal_bsp.a(altera_avalon_jtag_uart_init.o)
 .debug_pubnames
                0x00000193       0x34 ../lab5_bsp/\libhal_bsp.a(altera_avalon_jtag_uart_ioctl.o)
 .debug_pubnames
                0x000001c7       0x33 ../lab5_bsp/\libhal_bsp.a(altera_avalon_jtag_uart_read.o)
 .debug_pubnames
                0x000001fa       0x34 ../lab5_bsp/\libhal_bsp.a(altera_avalon_jtag_uart_write.o)
 .debug_pubnames
                0x0000022e       0x2f ../lab5_bsp/\libhal_bsp.a(altera_avalon_timer_sc.o)
 .debug_pubnames
                0x0000025d       0x71 ../lab5_bsp/\libhal_bsp.a(altera_avalon_uart_fd.o)
 .debug_pubnames
                0x000002ce       0x4b ../lab5_bsp/\libhal_bsp.a(altera_avalon_uart_init.o)
 .debug_pubnames
                0x00000319       0x2e ../lab5_bsp/\libhal_bsp.a(altera_avalon_uart_read.o)
 .debug_pubnames
                0x00000347       0x2f ../lab5_bsp/\libhal_bsp.a(altera_avalon_uart_write.o)
 .debug_pubnames
                0x00000376       0x26 ../lab5_bsp/\libhal_bsp.a(alt_alarm_start.o)
 .debug_pubnames
                0x0000039c       0x1c ../lab5_bsp/\libhal_bsp.a(alt_close.o)
 .debug_pubnames
                0x000003b8       0x2b ../lab5_bsp/\libhal_bsp.a(alt_dcache_flush_all.o)
 .debug_pubnames
                0x000003e3       0x63 ../lab5_bsp/\libhal_bsp.a(alt_dev.o)
 .debug_pubnames
                0x00000446       0x2b ../lab5_bsp/\libhal_bsp.a(alt_dev_llist_insert.o)
 .debug_pubnames
                0x00000471       0x20 ../lab5_bsp/\libhal_bsp.a(alt_do_ctors.o)
 .debug_pubnames
                0x00000491       0x20 ../lab5_bsp/\libhal_bsp.a(alt_do_dtors.o)
 .debug_pubnames
                0x000004b1       0x20 ../lab5_bsp/\libhal_bsp.a(alt_errno.o)
 .debug_pubnames
                0x000004d1       0x2b ../lab5_bsp/\libhal_bsp.a(alt_icache_flush_all.o)
 .debug_pubnames
                0x000004fc       0x6e ../lab5_bsp/\libhal_bsp.a(alt_iic.o)
 .debug_pubnames
                0x0000056a       0x2b ../lab5_bsp/\libhal_bsp.a(alt_iic_isr_register.o)
 .debug_pubnames
                0x00000595       0x26 ../lab5_bsp/\libhal_bsp.a(alt_io_redirect.o)
 .debug_pubnames
                0x000005bb       0x32 ../lab5_bsp/\libhal_bsp.a(alt_irq_handler.o)
 .debug_pubnames
                0x000005ed       0x3b ../lab5_bsp/\libhal_bsp.a(alt_irq_vars.o)
 .debug_pubnames
                0x00000628       0x1b ../lab5_bsp/\libhal_bsp.a(alt_open.o)
 .debug_pubnames
                0x00000643       0x25 ../lab5_bsp/\libhal_bsp.a(alt_release_fd.o)
 .debug_pubnames
                0x00000668       0x68 ../lab5_bsp/\libhal_bsp.a(alt_tick.o)
 .debug_pubnames
                0x000006d0       0x31 ../lab5_bsp/\libhal_bsp.a(altera_nios2_qsys_irq.o)
 .debug_pubnames
                0x00000701       0x23 ../lab5_bsp/\libhal_bsp.a(alt_find_dev.o)
 .debug_pubnames
                0x00000724       0x24 ../lab5_bsp/\libhal_bsp.a(alt_find_file.o)
 .debug_pubnames
                0x00000748       0x21 ../lab5_bsp/\libhal_bsp.a(alt_get_fd.o)
 .debug_pubnames
                0x00000769       0x27 ../lab5_bsp/\libhal_bsp.a(alt_icache_flush.o)
 .debug_pubnames
                0x00000790       0x2a c:/altera/12.0/nios2eds/bin/gnu/h-i686-mingw32/bin/../lib/gcc/nios2-elf/4.1.2/../../../../nios2-elf/lib\libc.a(lib_a-atexit.o)
 .debug_pubnames
                0x000007ba       0x1b c:/altera/12.0/nios2eds/bin/gnu/h-i686-mingw32/bin/../lib/gcc/nios2-elf/4.1.2/../../../../nios2-elf/lib\libc.a(lib_a-exit.o)
 .debug_pubnames
                0x000007d5       0x39 c:/altera/12.0/nios2eds/bin/gnu/h-i686-mingw32/bin/../lib/gcc/nios2-elf/4.1.2/../../../../nios2-elf/lib\libc.a(lib_a-impure.o)
 .debug_pubnames
                0x0000080e       0x1c c:/altera/12.0/nios2eds/bin/gnu/h-i686-mingw32/bin/../lib/gcc/nios2-elf/4.1.2/../../../../nios2-elf/lib\libc.a(lib_a-int_errno.o)
 .debug_pubnames
                0x0000082a       0x1d c:/altera/12.0/nios2eds/bin/gnu/h-i686-mingw32/bin/../lib/gcc/nios2-elf/4.1.2/../../../../nios2-elf/lib\libc.a(lib_a-memcmp.o)
 .debug_pubnames
                0x00000847       0x1d c:/altera/12.0/nios2eds/bin/gnu/h-i686-mingw32/bin/../lib/gcc/nios2-elf/4.1.2/../../../../nios2-elf/lib\libc.a(lib_a-memcpy.o)
 .debug_pubnames
                0x00000864       0x1d c:/altera/12.0/nios2eds/bin/gnu/h-i686-mingw32/bin/../lib/gcc/nios2-elf/4.1.2/../../../../nios2-elf/lib\libc.a(lib_a-strlen.o)
 .debug_pubnames
                0x00000881       0x2a c:/altera/12.0/nios2eds/bin/gnu/h-i686-mingw32/bin/../lib/gcc/nios2-elf/4.1.2/../../../../nios2-elf/lib\libc.a(lib_a-__atexit.o)
 .debug_pubnames
                0x000008ab       0x27 c:/altera/12.0/nios2eds/bin/gnu/h-i686-mingw32/bin/../lib/gcc/nios2-elf/4.1.2/../../../../nios2-elf/lib\libc.a(lib_a-__call_atexit.o)
 .debug_pubnames
                0x000008d2       0x1c ../lab5_bsp/\libhal_bsp.a(alt_exit.o)

.debug_info     0x00000000     0xb379
 *(.debug_info .gnu.linkonce.wi.*)
 .debug_info    0x00000000       0x60 ../lab5_bsp//obj/HAL/src/crt0.o
 .debug_info    0x00000060       0x58 obj/default/lab5.o
 .debug_info    0x000000b8      0x272 ../lab5_bsp/\libhal_bsp.a(alt_load.o)
 .debug_info    0x0000032a      0x20a ../lab5_bsp/\libhal_bsp.a(alt_main.o)
 .debug_info    0x00000534      0x883 ../lab5_bsp/\libhal_bsp.a(alt_sys_init.o)
 .debug_info    0x00000db7      0x7be ../lab5_bsp/\libhal_bsp.a(altera_avalon_jtag_uart_fd.o)
 .debug_info    0x00001575      0x5e6 ../lab5_bsp/\libhal_bsp.a(altera_avalon_jtag_uart_init.o)
 .debug_info    0x00001b5b      0x428 ../lab5_bsp/\libhal_bsp.a(altera_avalon_jtag_uart_ioctl.o)
 .debug_info    0x00001f83      0x52b ../lab5_bsp/\libhal_bsp.a(altera_avalon_jtag_uart_read.o)
 .debug_info    0x000024ae      0x523 ../lab5_bsp/\libhal_bsp.a(altera_avalon_jtag_uart_write.o)
 .debug_info    0x000029d1      0x370 ../lab5_bsp/\libhal_bsp.a(altera_avalon_timer_sc.o)
 .debug_info    0x00002d41      0x621 ../lab5_bsp/\libhal_bsp.a(altera_avalon_uart_fd.o)
 .debug_info    0x00003362      0x4f3 ../lab5_bsp/\libhal_bsp.a(altera_avalon_uart_init.o)
 .debug_info    0x00003855      0x4a7 ../lab5_bsp/\libhal_bsp.a(altera_avalon_uart_read.o)
 .debug_info    0x00003cfc      0x4a5 ../lab5_bsp/\libhal_bsp.a(altera_avalon_uart_write.o)
 .debug_info    0x000041a1      0x427 ../lab5_bsp/\libhal_bsp.a(alt_alarm_start.o)
 .debug_info    0x000045c8      0x44c ../lab5_bsp/\libhal_bsp.a(alt_close.o)
 .debug_info    0x00004a14      0x141 ../lab5_bsp/\libhal_bsp.a(alt_dcache_flush_all.o)
 .debug_info    0x00004b55      0x664 ../lab5_bsp/\libhal_bsp.a(alt_dev.o)
 .debug_info    0x000051b9      0x29c ../lab5_bsp/\libhal_bsp.a(alt_dev_llist_insert.o)
 .debug_info    0x00005455       0xf4 ../lab5_bsp/\libhal_bsp.a(alt_do_ctors.o)
 .debug_info    0x00005549       0xf3 ../lab5_bsp/\libhal_bsp.a(alt_do_dtors.o)
 .debug_info    0x0000563c      0x149 ../lab5_bsp/\libhal_bsp.a(alt_errno.o)
 .debug_info    0x00005785      0x141 ../lab5_bsp/\libhal_bsp.a(alt_icache_flush_all.o)
 .debug_info    0x000058c6      0x478 ../lab5_bsp/\libhal_bsp.a(alt_iic.o)
 .debug_info    0x00005d3e      0x2f9 ../lab5_bsp/\libhal_bsp.a(alt_iic_isr_register.o)
 .debug_info    0x00006037      0x67a ../lab5_bsp/\libhal_bsp.a(alt_io_redirect.o)
 .debug_info    0x000066b1       0x69 ../lab5_bsp/\libhal_bsp.a(alt_irq_entry.o)
 .debug_info    0x0000671a      0x25a ../lab5_bsp/\libhal_bsp.a(alt_irq_handler.o)
 .debug_info    0x00006974      0x14c ../lab5_bsp/\libhal_bsp.a(alt_irq_vars.o)
 .debug_info    0x00006ac0      0x50a ../lab5_bsp/\libhal_bsp.a(alt_open.o)
 .debug_info    0x00006fca      0x3d7 ../lab5_bsp/\libhal_bsp.a(alt_release_fd.o)
 .debug_info    0x000073a1      0x3e3 ../lab5_bsp/\libhal_bsp.a(alt_tick.o)
 .debug_info    0x00007784      0x148 ../lab5_bsp/\libhal_bsp.a(altera_nios2_qsys_irq.o)
 .debug_info    0x000078cc       0x6f ../lab5_bsp/\libhal_bsp.a(alt_exception_entry.o)
 .debug_info    0x0000793b      0x3fd ../lab5_bsp/\libhal_bsp.a(alt_find_dev.o)
 .debug_info    0x00007d38      0x404 ../lab5_bsp/\libhal_bsp.a(alt_find_file.o)
 .debug_info    0x0000813c      0x445 ../lab5_bsp/\libhal_bsp.a(alt_get_fd.o)
 .debug_info    0x00008581      0x189 ../lab5_bsp/\libhal_bsp.a(alt_icache_flush.o)
 .debug_info    0x0000870a      0x181 c:/altera/12.0/nios2eds/bin/gnu/h-i686-mingw32/bin/../lib/gcc/nios2-elf/4.1.2/../../../../nios2-elf/lib\libc.a(lib_a-atexit.o)
 .debug_info    0x0000888b      0x93f c:/altera/12.0/nios2eds/bin/gnu/h-i686-mingw32/bin/../lib/gcc/nios2-elf/4.1.2/../../../../nios2-elf/lib\libc.a(lib_a-exit.o)
 .debug_info    0x000091ca      0x93d c:/altera/12.0/nios2eds/bin/gnu/h-i686-mingw32/bin/../lib/gcc/nios2-elf/4.1.2/../../../../nios2-elf/lib\libc.a(lib_a-impure.o)
 .debug_info    0x00009b07       0x8c c:/altera/12.0/nios2eds/bin/gnu/h-i686-mingw32/bin/../lib/gcc/nios2-elf/4.1.2/../../../../nios2-elf/lib\libc.a(lib_a-int_errno.o)
 .debug_info    0x00009b93      0x115 c:/altera/12.0/nios2eds/bin/gnu/h-i686-mingw32/bin/../lib/gcc/nios2-elf/4.1.2/../../../../nios2-elf/lib\libc.a(lib_a-memcmp.o)
 .debug_info    0x00009ca8      0x106 c:/altera/12.0/nios2eds/bin/gnu/h-i686-mingw32/bin/../lib/gcc/nios2-elf/4.1.2/../../../../nios2-elf/lib\libc.a(lib_a-memcpy.o)
 .debug_info    0x00009dae       0xdb c:/altera/12.0/nios2eds/bin/gnu/h-i686-mingw32/bin/../lib/gcc/nios2-elf/4.1.2/../../../../nios2-elf/lib\libc.a(lib_a-strlen.o)
 .debug_info    0x00009e89      0x99c c:/altera/12.0/nios2eds/bin/gnu/h-i686-mingw32/bin/../lib/gcc/nios2-elf/4.1.2/../../../../nios2-elf/lib\libc.a(lib_a-__atexit.o)
 .debug_info    0x0000a825      0x9e2 c:/altera/12.0/nios2eds/bin/gnu/h-i686-mingw32/bin/../lib/gcc/nios2-elf/4.1.2/../../../../nios2-elf/lib\libc.a(lib_a-__call_atexit.o)
 .debug_info    0x0000b207      0x172 ../lab5_bsp/\libhal_bsp.a(alt_exit.o)

.debug_abbrev   0x00000000     0x2a45
 *(.debug_abbrev)
 .debug_abbrev  0x00000000       0x12 ../lab5_bsp//obj/HAL/src/crt0.o
 .debug_abbrev  0x00000012       0x14 obj/default/lab5.o
 .debug_abbrev  0x00000026       0x88 ../lab5_bsp/\libhal_bsp.a(alt_load.o)
 .debug_abbrev  0x000000ae       0xb7 ../lab5_bsp/\libhal_bsp.a(alt_main.o)
 .debug_abbrev  0x00000165      0x14b ../lab5_bsp/\libhal_bsp.a(alt_sys_init.o)
 .debug_abbrev  0x000002b0       0xf7 ../lab5_bsp/\libhal_bsp.a(altera_avalon_jtag_uart_fd.o)
 .debug_abbrev  0x000003a7      0x17c ../lab5_bsp/\libhal_bsp.a(altera_avalon_jtag_uart_init.o)
 .debug_abbrev  0x00000523       0xf0 ../lab5_bsp/\libhal_bsp.a(altera_avalon_jtag_uart_ioctl.o)
 .debug_abbrev  0x00000613      0x191 ../lab5_bsp/\libhal_bsp.a(altera_avalon_jtag_uart_read.o)
 .debug_abbrev  0x000007a4      0x18d ../lab5_bsp/\libhal_bsp.a(altera_avalon_jtag_uart_write.o)
 .debug_abbrev  0x00000931      0x137 ../lab5_bsp/\libhal_bsp.a(altera_avalon_timer_sc.o)
 .debug_abbrev  0x00000a68       0xe8 ../lab5_bsp/\libhal_bsp.a(altera_avalon_uart_fd.o)
 .debug_abbrev  0x00000b50      0x148 ../lab5_bsp/\libhal_bsp.a(altera_avalon_uart_init.o)
 .debug_abbrev  0x00000c98      0x174 ../lab5_bsp/\libhal_bsp.a(altera_avalon_uart_read.o)
 .debug_abbrev  0x00000e0c      0x17b ../lab5_bsp/\libhal_bsp.a(altera_avalon_uart_write.o)
 .debug_abbrev  0x00000f87      0x172 ../lab5_bsp/\libhal_bsp.a(alt_alarm_start.o)
 .debug_abbrev  0x000010f9       0xfb ../lab5_bsp/\libhal_bsp.a(alt_close.o)
 .debug_abbrev  0x000011f4       0x3f ../lab5_bsp/\libhal_bsp.a(alt_dcache_flush_all.o)
 .debug_abbrev  0x00001233       0xc7 ../lab5_bsp/\libhal_bsp.a(alt_dev.o)
 .debug_abbrev  0x000012fa       0xf6 ../lab5_bsp/\libhal_bsp.a(alt_dev_llist_insert.o)
 .debug_abbrev  0x000013f0       0x76 ../lab5_bsp/\libhal_bsp.a(alt_do_ctors.o)
 .debug_abbrev  0x00001466       0x76 ../lab5_bsp/\libhal_bsp.a(alt_do_dtors.o)
 .debug_abbrev  0x000014dc       0x5e ../lab5_bsp/\libhal_bsp.a(alt_errno.o)
 .debug_abbrev  0x0000153a       0x3f ../lab5_bsp/\libhal_bsp.a(alt_icache_flush_all.o)
 .debug_abbrev  0x00001579      0x134 ../lab5_bsp/\libhal_bsp.a(alt_iic.o)
 .debug_abbrev  0x000016ad      0x14e ../lab5_bsp/\libhal_bsp.a(alt_iic_isr_register.o)
 .debug_abbrev  0x000017fb       0xf0 ../lab5_bsp/\libhal_bsp.a(alt_io_redirect.o)
 .debug_abbrev  0x000018eb       0x12 ../lab5_bsp/\libhal_bsp.a(alt_irq_entry.o)
 .debug_abbrev  0x000018fd      0x10c ../lab5_bsp/\libhal_bsp.a(alt_irq_handler.o)
 .debug_abbrev  0x00001a09       0x44 ../lab5_bsp/\libhal_bsp.a(alt_irq_vars.o)
 .debug_abbrev  0x00001a4d      0x112 ../lab5_bsp/\libhal_bsp.a(alt_open.o)
 .debug_abbrev  0x00001b5f       0xc1 ../lab5_bsp/\libhal_bsp.a(alt_release_fd.o)
 .debug_abbrev  0x00001c20      0x150 ../lab5_bsp/\libhal_bsp.a(alt_tick.o)
 .debug_abbrev  0x00001d70       0x3f ../lab5_bsp/\libhal_bsp.a(altera_nios2_qsys_irq.o)
 .debug_abbrev  0x00001daf       0x12 ../lab5_bsp/\libhal_bsp.a(alt_exception_entry.o)
 .debug_abbrev  0x00001dc1       0xcf ../lab5_bsp/\libhal_bsp.a(alt_find_dev.o)
 .debug_abbrev  0x00001e90       0xcf ../lab5_bsp/\libhal_bsp.a(alt_find_file.o)
 .debug_abbrev  0x00001f5f       0xfb ../lab5_bsp/\libhal_bsp.a(alt_get_fd.o)
 .debug_abbrev  0x0000205a       0x7a ../lab5_bsp/\libhal_bsp.a(alt_icache_flush.o)
 .debug_abbrev  0x000020d4       0xb7 c:/altera/12.0/nios2eds/bin/gnu/h-i686-mingw32/bin/../lib/gcc/nios2-elf/4.1.2/../../../../nios2-elf/lib\libc.a(lib_a-atexit.o)
 .debug_abbrev  0x0000218b      0x16e c:/altera/12.0/nios2eds/bin/gnu/h-i686-mingw32/bin/../lib/gcc/nios2-elf/4.1.2/../../../../nios2-elf/lib\libc.a(lib_a-exit.o)
 .debug_abbrev  0x000022f9      0x157 c:/altera/12.0/nios2eds/bin/gnu/h-i686-mingw32/bin/../lib/gcc/nios2-elf/4.1.2/../../../../nios2-elf/lib\libc.a(lib_a-impure.o)
 .debug_abbrev  0x00002450       0x3b c:/altera/12.0/nios2eds/bin/gnu/h-i686-mingw32/bin/../lib/gcc/nios2-elf/4.1.2/../../../../nios2-elf/lib\libc.a(lib_a-int_errno.o)
 .debug_abbrev  0x0000248b       0x7c c:/altera/12.0/nios2eds/bin/gnu/h-i686-mingw32/bin/../lib/gcc/nios2-elf/4.1.2/../../../../nios2-elf/lib\libc.a(lib_a-memcmp.o)
 .debug_abbrev  0x00002507       0xb5 c:/altera/12.0/nios2eds/bin/gnu/h-i686-mingw32/bin/../lib/gcc/nios2-elf/4.1.2/../../../../nios2-elf/lib\libc.a(lib_a-memcpy.o)
 .debug_abbrev  0x000025bc       0x8b c:/altera/12.0/nios2eds/bin/gnu/h-i686-mingw32/bin/../lib/gcc/nios2-elf/4.1.2/../../../../nios2-elf/lib\libc.a(lib_a-strlen.o)
 .debug_abbrev  0x00002647      0x1ae c:/altera/12.0/nios2eds/bin/gnu/h-i686-mingw32/bin/../lib/gcc/nios2-elf/4.1.2/../../../../nios2-elf/lib\libc.a(lib_a-__atexit.o)
 .debug_abbrev  0x000027f5      0x1de c:/altera/12.0/nios2eds/bin/gnu/h-i686-mingw32/bin/../lib/gcc/nios2-elf/4.1.2/../../../../nios2-elf/lib\libc.a(lib_a-__call_atexit.o)
 .debug_abbrev  0x000029d3       0x72 ../lab5_bsp/\libhal_bsp.a(alt_exit.o)

.debug_line     0x00000000     0x7003
 *(.debug_line)
 .debug_line    0x00000000       0x6c ../lab5_bsp//obj/HAL/src/crt0.o
 .debug_line    0x0000006c       0x5d obj/default/lab5.o
 .debug_line    0x000000c9      0x211 ../lab5_bsp/\libhal_bsp.a(alt_load.o)
 .debug_line    0x000002da      0x2c4 ../lab5_bsp/\libhal_bsp.a(alt_main.o)
 .debug_line    0x0000059e      0x311 ../lab5_bsp/\libhal_bsp.a(alt_sys_init.o)
 .debug_line    0x000008af      0x214 ../lab5_bsp/\libhal_bsp.a(altera_avalon_jtag_uart_fd.o)
 .debug_line    0x00000ac3      0x4a5 ../lab5_bsp/\libhal_bsp.a(altera_avalon_jtag_uart_init.o)
 .debug_line    0x00000f68      0x311 ../lab5_bsp/\libhal_bsp.a(altera_avalon_jtag_uart_ioctl.o)
 .debug_line    0x00001279      0x3f1 ../lab5_bsp/\libhal_bsp.a(altera_avalon_jtag_uart_read.o)
 .debug_line    0x0000166a      0x3ff ../lab5_bsp/\libhal_bsp.a(altera_avalon_jtag_uart_write.o)
 .debug_line    0x00001a69      0x2ad ../lab5_bsp/\libhal_bsp.a(altera_avalon_timer_sc.o)
 .debug_line    0x00001d16      0x1cf ../lab5_bsp/\libhal_bsp.a(altera_avalon_uart_fd.o)
 .debug_line    0x00001ee5      0x48c ../lab5_bsp/\libhal_bsp.a(altera_avalon_uart_init.o)
 .debug_line    0x00002371      0x3fe ../lab5_bsp/\libhal_bsp.a(altera_avalon_uart_read.o)
 .debug_line    0x0000276f      0x3df ../lab5_bsp/\libhal_bsp.a(altera_avalon_uart_write.o)
 .debug_line    0x00002b4e      0x2d6 ../lab5_bsp/\libhal_bsp.a(alt_alarm_start.o)
 .debug_line    0x00002e24      0x293 ../lab5_bsp/\libhal_bsp.a(alt_close.o)
 .debug_line    0x000030b7      0x1af ../lab5_bsp/\libhal_bsp.a(alt_dcache_flush_all.o)
 .debug_line    0x00003266      0x24e ../lab5_bsp/\libhal_bsp.a(alt_dev.o)
 .debug_line    0x000034b4      0x254 ../lab5_bsp/\libhal_bsp.a(alt_dev_llist_insert.o)
 .debug_line    0x00003708       0x83 ../lab5_bsp/\libhal_bsp.a(alt_do_ctors.o)
 .debug_line    0x0000378b       0x83 ../lab5_bsp/\libhal_bsp.a(alt_do_dtors.o)
 .debug_line    0x0000380e      0x1a4 ../lab5_bsp/\libhal_bsp.a(alt_errno.o)
 .debug_line    0x000039b2      0x1b7 ../lab5_bsp/\libhal_bsp.a(alt_icache_flush_all.o)
 .debug_line    0x00003b69      0x2c2 ../lab5_bsp/\libhal_bsp.a(alt_iic.o)
 .debug_line    0x00003e2b      0x243 ../lab5_bsp/\libhal_bsp.a(alt_iic_isr_register.o)
 .debug_line    0x0000406e      0x2ae ../lab5_bsp/\libhal_bsp.a(alt_io_redirect.o)
 .debug_line    0x0000431c       0x6b ../lab5_bsp/\libhal_bsp.a(alt_irq_entry.o)
 .debug_line    0x00004387      0x242 ../lab5_bsp/\libhal_bsp.a(alt_irq_handler.o)
 .debug_line    0x000045c9       0x72 ../lab5_bsp/\libhal_bsp.a(alt_irq_vars.o)
 .debug_line    0x0000463b      0x2f9 ../lab5_bsp/\libhal_bsp.a(alt_open.o)
 .debug_line    0x00004934       0xed ../lab5_bsp/\libhal_bsp.a(alt_release_fd.o)
 .debug_line    0x00004a21      0x2d6 ../lab5_bsp/\libhal_bsp.a(alt_tick.o)
 .debug_line    0x00004cf7      0x1c8 ../lab5_bsp/\libhal_bsp.a(altera_nios2_qsys_irq.o)
 .debug_line    0x00004ebf       0xab ../lab5_bsp/\libhal_bsp.a(alt_exception_entry.o)
 .debug_line    0x00004f6a      0x265 ../lab5_bsp/\libhal_bsp.a(alt_find_dev.o)
 .debug_line    0x000051cf      0x276 ../lab5_bsp/\libhal_bsp.a(alt_find_file.o)
 .debug_line    0x00005445      0x291 ../lab5_bsp/\libhal_bsp.a(alt_get_fd.o)
 .debug_line    0x000056d6      0x1f3 ../lab5_bsp/\libhal_bsp.a(alt_icache_flush.o)
 .debug_line    0x000058c9      0x1fa c:/altera/12.0/nios2eds/bin/gnu/h-i686-mingw32/bin/../lib/gcc/nios2-elf/4.1.2/../../../../nios2-elf/lib\libc.a(lib_a-atexit.o)
 .debug_line    0x00005ac3      0x232 c:/altera/12.0/nios2eds/bin/gnu/h-i686-mingw32/bin/../lib/gcc/nios2-elf/4.1.2/../../../../nios2-elf/lib\libc.a(lib_a-exit.o)
 .debug_line    0x00005cf5      0x224 c:/altera/12.0/nios2eds/bin/gnu/h-i686-mingw32/bin/../lib/gcc/nios2-elf/4.1.2/../../../../nios2-elf/lib\libc.a(lib_a-impure.o)
 .debug_line    0x00005f19      0x1d9 c:/altera/12.0/nios2eds/bin/gnu/h-i686-mingw32/bin/../lib/gcc/nios2-elf/4.1.2/../../../../nios2-elf/lib\libc.a(lib_a-int_errno.o)
 .debug_line    0x000060f2      0x296 c:/altera/12.0/nios2eds/bin/gnu/h-i686-mingw32/bin/../lib/gcc/nios2-elf/4.1.2/../../../../nios2-elf/lib\libc.a(lib_a-memcmp.o)
 .debug_line    0x00006388      0x1a9 c:/altera/12.0/nios2eds/bin/gnu/h-i686-mingw32/bin/../lib/gcc/nios2-elf/4.1.2/../../../../nios2-elf/lib\libc.a(lib_a-memcpy.o)
 .debug_line    0x00006531      0x264 c:/altera/12.0/nios2eds/bin/gnu/h-i686-mingw32/bin/../lib/gcc/nios2-elf/4.1.2/../../../../nios2-elf/lib\libc.a(lib_a-strlen.o)
 .debug_line    0x00006795      0x30d c:/altera/12.0/nios2eds/bin/gnu/h-i686-mingw32/bin/../lib/gcc/nios2-elf/4.1.2/../../../../nios2-elf/lib\libc.a(lib_a-__atexit.o)
 .debug_line    0x00006aa2      0x361 c:/altera/12.0/nios2eds/bin/gnu/h-i686-mingw32/bin/../lib/gcc/nios2-elf/4.1.2/../../../../nios2-elf/lib\libc.a(lib_a-__call_atexit.o)
 .debug_line    0x00006e03      0x200 ../lab5_bsp/\libhal_bsp.a(alt_exit.o)

.debug_frame    0x00000000      0xa10
 *(.debug_frame)
 .debug_frame   0x00000000       0x48 ../lab5_bsp/\libhal_bsp.a(alt_load.o)
 .debug_frame   0x00000048       0x2c ../lab5_bsp/\libhal_bsp.a(alt_main.o)
 .debug_frame   0x00000074       0x64 ../lab5_bsp/\libhal_bsp.a(alt_sys_init.o)
 .debug_frame   0x000000d8       0x80 ../lab5_bsp/\libhal_bsp.a(altera_avalon_jtag_uart_fd.o)
 .debug_frame   0x00000158       0x80 ../lab5_bsp/\libhal_bsp.a(altera_avalon_jtag_uart_init.o)
 .debug_frame   0x000001d8       0x2c ../lab5_bsp/\libhal_bsp.a(altera_avalon_jtag_uart_ioctl.o)
 .debug_frame   0x00000204       0x2c ../lab5_bsp/\libhal_bsp.a(altera_avalon_jtag_uart_read.o)
 .debug_frame   0x00000230       0x2c ../lab5_bsp/\libhal_bsp.a(altera_avalon_jtag_uart_write.o)
 .debug_frame   0x0000025c       0x48 ../lab5_bsp/\libhal_bsp.a(altera_avalon_timer_sc.o)
 .debug_frame   0x000002a4       0x64 ../lab5_bsp/\libhal_bsp.a(altera_avalon_uart_fd.o)
 .debug_frame   0x00000308       0x9c ../lab5_bsp/\libhal_bsp.a(altera_avalon_uart_init.o)
 .debug_frame   0x000003a4       0x48 ../lab5_bsp/\libhal_bsp.a(altera_avalon_uart_read.o)
 .debug_frame   0x000003ec       0x48 ../lab5_bsp/\libhal_bsp.a(altera_avalon_uart_write.o)
 .debug_frame   0x00000434       0x2c ../lab5_bsp/\libhal_bsp.a(alt_alarm_start.o)
 .debug_frame   0x00000460       0x48 ../lab5_bsp/\libhal_bsp.a(alt_close.o)
 .debug_frame   0x000004a8       0x2c ../lab5_bsp/\libhal_bsp.a(alt_dcache_flush_all.o)
 .debug_frame   0x000004d4       0x2c ../lab5_bsp/\libhal_bsp.a(alt_dev.o)
 .debug_frame   0x00000500       0x48 ../lab5_bsp/\libhal_bsp.a(alt_dev_llist_insert.o)
 .debug_frame   0x00000548       0x2c ../lab5_bsp/\libhal_bsp.a(alt_do_ctors.o)
 .debug_frame   0x00000574       0x2c ../lab5_bsp/\libhal_bsp.a(alt_do_dtors.o)
 .debug_frame   0x000005a0       0x2c ../lab5_bsp/\libhal_bsp.a(alt_icache_flush_all.o)
 .debug_frame   0x000005cc       0x80 ../lab5_bsp/\libhal_bsp.a(alt_iic.o)
 .debug_frame   0x0000064c       0x2c ../lab5_bsp/\libhal_bsp.a(alt_iic_isr_register.o)
 .debug_frame   0x00000678       0x48 ../lab5_bsp/\libhal_bsp.a(alt_io_redirect.o)
 .debug_frame   0x000006c0       0x2c ../lab5_bsp/\libhal_bsp.a(alt_irq_handler.o)
 .debug_frame   0x000006ec       0x64 ../lab5_bsp/\libhal_bsp.a(alt_open.o)
 .debug_frame   0x00000750       0x2c ../lab5_bsp/\libhal_bsp.a(alt_release_fd.o)
 .debug_frame   0x0000077c       0x48 ../lab5_bsp/\libhal_bsp.a(alt_tick.o)
 .debug_frame   0x000007c4       0x2c ../lab5_bsp/\libhal_bsp.a(altera_nios2_qsys_irq.o)
 .debug_frame   0x000007f0       0x2c ../lab5_bsp/\libhal_bsp.a(alt_find_dev.o)
 .debug_frame   0x0000081c       0x2c ../lab5_bsp/\libhal_bsp.a(alt_find_file.o)
 .debug_frame   0x00000848       0x2c ../lab5_bsp/\libhal_bsp.a(alt_get_fd.o)
 .debug_frame   0x00000874       0x2c ../lab5_bsp/\libhal_bsp.a(alt_icache_flush.o)
 .debug_frame   0x000008a0       0x20 c:/altera/12.0/nios2eds/bin/gnu/h-i686-mingw32/bin/../lib/gcc/nios2-elf/4.1.2/../../../../nios2-elf/lib\libc.a(lib_a-atexit.o)
 .debug_frame   0x000008c0       0x28 c:/altera/12.0/nios2eds/bin/gnu/h-i686-mingw32/bin/../lib/gcc/nios2-elf/4.1.2/../../../../nios2-elf/lib\libc.a(lib_a-exit.o)
 .debug_frame   0x000008e8       0x20 c:/altera/12.0/nios2eds/bin/gnu/h-i686-mingw32/bin/../lib/gcc/nios2-elf/4.1.2/../../../../nios2-elf/lib\libc.a(lib_a-memcmp.o)
 .debug_frame   0x00000908       0x20 c:/altera/12.0/nios2eds/bin/gnu/h-i686-mingw32/bin/../lib/gcc/nios2-elf/4.1.2/../../../../nios2-elf/lib\libc.a(lib_a-memcpy.o)
 .debug_frame   0x00000928       0x20 c:/altera/12.0/nios2eds/bin/gnu/h-i686-mingw32/bin/../lib/gcc/nios2-elf/4.1.2/../../../../nios2-elf/lib\libc.a(lib_a-strlen.o)
 .debug_frame   0x00000948       0x34 c:/altera/12.0/nios2eds/bin/gnu/h-i686-mingw32/bin/../lib/gcc/nios2-elf/4.1.2/../../../../nios2-elf/lib\libc.a(lib_a-__atexit.o)
 .debug_frame   0x0000097c       0x4c c:/altera/12.0/nios2eds/bin/gnu/h-i686-mingw32/bin/../lib/gcc/nios2-elf/4.1.2/../../../../nios2-elf/lib\libc.a(lib_a-__call_atexit.o)
 .debug_frame   0x000009c8       0x48 ../lab5_bsp/\libhal_bsp.a(alt_exit.o)

.debug_str      0x00000000      0xb00
 *(.debug_str)
 .debug_str     0x00000000       0x12 ../lab5_bsp/\libhal_bsp.a(alt_load.o)
 .debug_str     0x00000012       0x12 ../lab5_bsp/\libhal_bsp.a(alt_main.o)
 .debug_str     0x00000024       0x12 ../lab5_bsp/\libhal_bsp.a(alt_sys_init.o)
 .debug_str     0x00000036       0x12 ../lab5_bsp/\libhal_bsp.a(altera_avalon_jtag_uart_fd.o)
 .debug_str     0x00000048       0x1a ../lab5_bsp/\libhal_bsp.a(altera_avalon_jtag_uart_init.o)
 .debug_str     0x00000062       0x12 ../lab5_bsp/\libhal_bsp.a(altera_avalon_jtag_uart_ioctl.o)
 .debug_str     0x00000074       0x1a ../lab5_bsp/\libhal_bsp.a(altera_avalon_jtag_uart_read.o)
 .debug_str     0x0000008e       0x1a ../lab5_bsp/\libhal_bsp.a(altera_avalon_jtag_uart_write.o)
 .debug_str     0x000000a8       0x12 ../lab5_bsp/\libhal_bsp.a(altera_avalon_timer_sc.o)
 .debug_str     0x000000ba       0x12 ../lab5_bsp/\libhal_bsp.a(altera_avalon_uart_fd.o)
 .debug_str     0x000000cc       0x19 ../lab5_bsp/\libhal_bsp.a(altera_avalon_uart_init.o)
 .debug_str     0x000000e5       0x1a ../lab5_bsp/\libhal_bsp.a(altera_avalon_uart_read.o)
 .debug_str     0x000000ff       0x1a ../lab5_bsp/\libhal_bsp.a(altera_avalon_uart_write.o)
 .debug_str     0x00000119       0x23 ../lab5_bsp/\libhal_bsp.a(alt_alarm_start.o)
 .debug_str     0x0000013c       0x12 ../lab5_bsp/\libhal_bsp.a(alt_close.o)
 .debug_str     0x0000014e       0x12 ../lab5_bsp/\libhal_bsp.a(alt_dcache_flush_all.o)
 .debug_str     0x00000160       0x12 ../lab5_bsp/\libhal_bsp.a(alt_dev.o)
 .debug_str     0x00000172       0x12 ../lab5_bsp/\libhal_bsp.a(alt_dev_llist_insert.o)
 .debug_str     0x00000184       0x12 ../lab5_bsp/\libhal_bsp.a(alt_errno.o)
 .debug_str     0x00000196       0x12 ../lab5_bsp/\libhal_bsp.a(alt_icache_flush_all.o)
 .debug_str     0x000001a8       0x18 ../lab5_bsp/\libhal_bsp.a(alt_iic.o)
 .debug_str     0x000001c0       0x1a ../lab5_bsp/\libhal_bsp.a(alt_iic_isr_register.o)
 .debug_str     0x000001da       0x12 ../lab5_bsp/\libhal_bsp.a(alt_io_redirect.o)
 .debug_str     0x000001ec       0x12 ../lab5_bsp/\libhal_bsp.a(alt_irq_handler.o)
 .debug_str     0x000001fe       0x12 ../lab5_bsp/\libhal_bsp.a(alt_open.o)
 .debug_str     0x00000210       0x1a ../lab5_bsp/\libhal_bsp.a(alt_tick.o)
 .debug_str     0x0000022a       0x12 ../lab5_bsp/\libhal_bsp.a(altera_nios2_qsys_irq.o)
 .debug_str     0x0000023c       0x12 ../lab5_bsp/\libhal_bsp.a(alt_find_dev.o)
 .debug_str     0x0000024e       0x12 ../lab5_bsp/\libhal_bsp.a(alt_find_file.o)
 .debug_str     0x00000260       0x12 ../lab5_bsp/\libhal_bsp.a(alt_get_fd.o)
 .debug_str     0x00000272       0x12 ../lab5_bsp/\libhal_bsp.a(alt_icache_flush.o)
 .debug_str     0x00000284      0x176 c:/altera/12.0/nios2eds/bin/gnu/h-i686-mingw32/bin/../lib/gcc/nios2-elf/4.1.2/../../../../nios2-elf/lib\libc.a(lib_a-atexit.o)
                                0x1bc (size before relaxing)
 .debug_str     0x000003fa      0x384 c:/altera/12.0/nios2eds/bin/gnu/h-i686-mingw32/bin/../lib/gcc/nios2-elf/4.1.2/../../../../nios2-elf/lib\libc.a(lib_a-exit.o)
                                0x509 (size before relaxing)
 .debug_str     0x0000077e       0xce c:/altera/12.0/nios2eds/bin/gnu/h-i686-mingw32/bin/../lib/gcc/nios2-elf/4.1.2/../../../../nios2-elf/lib\libc.a(lib_a-impure.o)
                                0x517 (size before relaxing)
 .debug_str     0x0000084c       0x3d c:/altera/12.0/nios2eds/bin/gnu/h-i686-mingw32/bin/../lib/gcc/nios2-elf/4.1.2/../../../../nios2-elf/lib\libc.a(lib_a-int_errno.o)
                                0x160 (size before relaxing)
 .debug_str     0x00000889       0xd2 c:/altera/12.0/nios2eds/bin/gnu/h-i686-mingw32/bin/../lib/gcc/nios2-elf/4.1.2/../../../../nios2-elf/lib\libc.a(lib_a-memcmp.o)
                                0x167 (size before relaxing)
 .debug_str     0x0000095b       0x69 c:/altera/12.0/nios2eds/bin/gnu/h-i686-mingw32/bin/../lib/gcc/nios2-elf/4.1.2/../../../../nios2-elf/lib\libc.a(lib_a-memcpy.o)
                                0x125 (size before relaxing)
 .debug_str     0x000009c4       0x4f c:/altera/12.0/nios2eds/bin/gnu/h-i686-mingw32/bin/../lib/gcc/nios2-elf/4.1.2/../../../../nios2-elf/lib\libc.a(lib_a-strlen.o)
                                0x17a (size before relaxing)
 .debug_str     0x00000a13       0x56 c:/altera/12.0/nios2eds/bin/gnu/h-i686-mingw32/bin/../lib/gcc/nios2-elf/4.1.2/../../../../nios2-elf/lib\libc.a(lib_a-__atexit.o)
                                0x521 (size before relaxing)
 .debug_str     0x00000a69       0x7b c:/altera/12.0/nios2eds/bin/gnu/h-i686-mingw32/bin/../lib/gcc/nios2-elf/4.1.2/../../../../nios2-elf/lib\libc.a(lib_a-__call_atexit.o)
                                0x54b (size before relaxing)
 .debug_str     0x00000ae4       0x1c ../lab5_bsp/\libhal_bsp.a(alt_exit.o)

.debug_loc      0x00000000      0xfcb
 *(.debug_loc)
 .debug_loc     0x00000000       0x56 ../lab5_bsp/\libhal_bsp.a(alt_load.o)
 .debug_loc     0x00000056       0x2b ../lab5_bsp/\libhal_bsp.a(alt_main.o)
 .debug_loc     0x00000081       0x81 ../lab5_bsp/\libhal_bsp.a(alt_sys_init.o)
 .debug_loc     0x00000102       0xac ../lab5_bsp/\libhal_bsp.a(altera_avalon_jtag_uart_fd.o)
 .debug_loc     0x000001ae       0xac ../lab5_bsp/\libhal_bsp.a(altera_avalon_jtag_uart_init.o)
 .debug_loc     0x0000025a       0x2b ../lab5_bsp/\libhal_bsp.a(altera_avalon_jtag_uart_ioctl.o)
 .debug_loc     0x00000285       0x2b ../lab5_bsp/\libhal_bsp.a(altera_avalon_jtag_uart_read.o)
 .debug_loc     0x000002b0       0x2b ../lab5_bsp/\libhal_bsp.a(altera_avalon_jtag_uart_write.o)
 .debug_loc     0x000002db       0x56 ../lab5_bsp/\libhal_bsp.a(altera_avalon_timer_sc.o)
 .debug_loc     0x00000331       0x81 ../lab5_bsp/\libhal_bsp.a(altera_avalon_uart_fd.o)
 .debug_loc     0x000003b2       0xd7 ../lab5_bsp/\libhal_bsp.a(altera_avalon_uart_init.o)
 .debug_loc     0x00000489       0x57 ../lab5_bsp/\libhal_bsp.a(altera_avalon_uart_read.o)
 .debug_loc     0x000004e0       0x56 ../lab5_bsp/\libhal_bsp.a(altera_avalon_uart_write.o)
 .debug_loc     0x00000536       0x2b ../lab5_bsp/\libhal_bsp.a(alt_alarm_start.o)
 .debug_loc     0x00000561       0x56 ../lab5_bsp/\libhal_bsp.a(alt_close.o)
 .debug_loc     0x000005b7       0x2b ../lab5_bsp/\libhal_bsp.a(alt_dcache_flush_all.o)
 .debug_loc     0x000005e2       0x2b ../lab5_bsp/\libhal_bsp.a(alt_dev.o)
 .debug_loc     0x0000060d       0x56 ../lab5_bsp/\libhal_bsp.a(alt_dev_llist_insert.o)
 .debug_loc     0x00000663       0x2b ../lab5_bsp/\libhal_bsp.a(alt_do_ctors.o)
 .debug_loc     0x0000068e       0x2b ../lab5_bsp/\libhal_bsp.a(alt_do_dtors.o)
 .debug_loc     0x000006b9       0x2b ../lab5_bsp/\libhal_bsp.a(alt_icache_flush_all.o)
 .debug_loc     0x000006e4       0xac ../lab5_bsp/\libhal_bsp.a(alt_iic.o)
 .debug_loc     0x00000790       0x2b ../lab5_bsp/\libhal_bsp.a(alt_iic_isr_register.o)
 .debug_loc     0x000007bb       0x56 ../lab5_bsp/\libhal_bsp.a(alt_io_redirect.o)
 .debug_loc     0x00000811       0x2b ../lab5_bsp/\libhal_bsp.a(alt_irq_handler.o)
 .debug_loc     0x0000083c       0x81 ../lab5_bsp/\libhal_bsp.a(alt_open.o)
 .debug_loc     0x000008bd       0x2b ../lab5_bsp/\libhal_bsp.a(alt_release_fd.o)
 .debug_loc     0x000008e8       0x56 ../lab5_bsp/\libhal_bsp.a(alt_tick.o)
 .debug_loc     0x0000093e       0x2b ../lab5_bsp/\libhal_bsp.a(altera_nios2_qsys_irq.o)
 .debug_loc     0x00000969       0x2b ../lab5_bsp/\libhal_bsp.a(alt_find_dev.o)
 .debug_loc     0x00000994       0x2b ../lab5_bsp/\libhal_bsp.a(alt_find_file.o)
 .debug_loc     0x000009bf       0x2b ../lab5_bsp/\libhal_bsp.a(alt_get_fd.o)
 .debug_loc     0x000009ea       0x2b ../lab5_bsp/\libhal_bsp.a(alt_icache_flush.o)
 .debug_loc     0x00000a15       0x1e c:/altera/12.0/nios2eds/bin/gnu/h-i686-mingw32/bin/../lib/gcc/nios2-elf/4.1.2/../../../../nios2-elf/lib\libc.a(lib_a-atexit.o)
 .debug_loc     0x00000a33       0x3d c:/altera/12.0/nios2eds/bin/gnu/h-i686-mingw32/bin/../lib/gcc/nios2-elf/4.1.2/../../../../nios2-elf/lib\libc.a(lib_a-exit.o)
 .debug_loc     0x00000a70      0x114 c:/altera/12.0/nios2eds/bin/gnu/h-i686-mingw32/bin/../lib/gcc/nios2-elf/4.1.2/../../../../nios2-elf/lib\libc.a(lib_a-memcmp.o)
 .debug_loc     0x00000b84       0xca c:/altera/12.0/nios2eds/bin/gnu/h-i686-mingw32/bin/../lib/gcc/nios2-elf/4.1.2/../../../../nios2-elf/lib\libc.a(lib_a-memcpy.o)
 .debug_loc     0x00000c4e       0x3c c:/altera/12.0/nios2eds/bin/gnu/h-i686-mingw32/bin/../lib/gcc/nios2-elf/4.1.2/../../../../nios2-elf/lib\libc.a(lib_a-strlen.o)
 .debug_loc     0x00000c8a      0x120 c:/altera/12.0/nios2eds/bin/gnu/h-i686-mingw32/bin/../lib/gcc/nios2-elf/4.1.2/../../../../nios2-elf/lib\libc.a(lib_a-__atexit.o)
 .debug_loc     0x00000daa      0x1cb c:/altera/12.0/nios2eds/bin/gnu/h-i686-mingw32/bin/../lib/gcc/nios2-elf/4.1.2/../../../../nios2-elf/lib\libc.a(lib_a-__call_atexit.o)
 .debug_loc     0x00000f75       0x56 ../lab5_bsp/\libhal_bsp.a(alt_exit.o)

.debug_macinfo
 *(.debug_macinfo)

.debug_weaknames
 *(.debug_weaknames)

.debug_funcnames
 *(.debug_funcnames)

.debug_typenames
 *(.debug_typenames)

.debug_varnames
 *(.debug_varnames)

.debug_alt_sim_info
                0x00000000       0x20
 *(.debug_alt_sim_info)
 .debug_alt_sim_info
                0x00000000       0x20 ../lab5_bsp//obj/HAL/src/crt0.o
                0x00800000                __alt_data_end = 0x800000
                0x00800000                PROVIDE (__alt_stack_pointer, __alt_data_end)
                0x00006308                PROVIDE (__alt_stack_limit, __alt_stack_base)
                0x00006308                PROVIDE (__alt_heap_start, end)
                0x00800000                PROVIDE (__alt_heap_limit, 0x800000)
OUTPUT(lab5.elf elf32-littlenios2)

.debug_ranges   0x00000000       0x90
 .debug_ranges  0x00000000       0x20 ../lab5_bsp//obj/HAL/src/crt0.o
 .debug_ranges  0x00000020       0x28 ../lab5_bsp/\libhal_bsp.a(alt_irq_entry.o)
 .debug_ranges  0x00000048       0x30 ../lab5_bsp/\libhal_bsp.a(alt_exception_entry.o)
 .debug_ranges  0x00000078       0x18 c:/altera/12.0/nios2eds/bin/gnu/h-i686-mingw32/bin/../lib/gcc/nios2-elf/4.1.2/../../../../nios2-elf/lib\libc.a(lib_a-__call_atexit.o)
